Microchip MPLAB XC8 Compiler V1.32 ()

Linker command line:

--edf=C:\Program Files (x86)\Microchip\xc8\v1.32\dat\en_msgs.txt -cs \
  -h+dist/default/production\UART.X.production.sym \
  --cmf=dist/default/production\UART.X.production.cmf -z -Q16F877A \
  -oC:\Users\Kanna\AppData\Local\Temp\s4bk.6 \
  -Mdist/default/production/UART.X.production.map -E1 -ver=XC8 \
  -ASTACK=0110h-016fh -pstack=STACK -ACONST=00h-0FFhx32 -ACODE=00h-07FFhx4 \
  -ASTRCODE=00h-01FFFh -AENTRY=00h-0FFhx32 -ASTRING=00h-0FFhx32 \
  -ACOMMON=070h-07Fh -ABANK0=020h-06Fh -ABANK1=0A0h-0EFh \
  -ABANK2=0110h-016Fh -ABANK3=0190h-01EFh \
  -ARAM=020h-06Fh,0A0h-0EFh,0110h-016Fh,0190h-01EFh \
  -AABS1=020h-07Fh,0A0h-0EFh,0110h-016Fh,0190h-01EFh -ASFR0=00h-01Fh \
  -ASFR1=080h-09Fh -ASFR2=0100h-010Fh -ASFR3=0180h-018Fh \
  -preset_vec=00h,intentry=04h,init,end_init -ppowerup=CODE -pcinit=CODE \
  -pfunctab=CODE -ACONFIG=02007h-02007h -pconfig=CONFIG -DCONFIG=2 \
  -AIDLOC=02000h-02003h -pidloc=IDLOC -DIDLOC=2 -AEEDATA=00h-0FFh/02100h \
  -peeprom_data=EEDATA -DEEDATA=2 -DCODE=2 -DSTRCODE=2 -DSTRING=2 -DCONST=2 \
  -DENTRY=2 -k C:\Users\Kanna\AppData\Local\Temp\s4bk.obj \
  dist/default/production\UART.X.production.obj 

Object code version is 3.11

Machine type is 16F877A



                Name                               Link     Load   Length Selector   Space Scale
C:\Users\Kanna\AppData\Local\Temp\s4bk.obj
                end_init                             12       12        3        8       0
                reset_vec                             0        0        3        0       0
dist/default/production\UART.X.production.obj
                cinit                                15       15        D        8       0
                intentry                              4        4        E        8       0
                text9                               1E3      1E3        7        8       0
                text8                               188      188       1E        8       0
                text7                               164      164       24        8       0
                text6                               132      132       32        8       0
                text5                               1BD      1BD       12        8       0
                text4                               1A6      1A6       17        8       0
                text3                                22       22       8F        8       0
                text2                               100      100       32        8       0
                text1                               1CF      1CF        C        8       0
                maintext                             B1       B1       4F        8       0
                cstackBANK0                          41       41       12       20       1
                cstackCOMMON                         70       70        7       70       1
                clrtext                             1DB      1DB        8        8       0
                bssBANK0                             20       20       21       20       1
                bssCOMMON                            77       77        2       70       1

TOTAL           Name                               Link     Load   Length     Space
        CLASS   STACK          

        CLASS   CONST          

        CLASS   CODE           
                end_init                             12       12        3         0
                cinit                                15       15        D         0
                intentry                              4        4        E         0
                reset_vec                             0        0        3         0
                text9                               1E3      1E3        7         0
                text8                               188      188       1E         0
                text7                               164      164       24         0
                text6                               132      132       32         0
                text5                               1BD      1BD       12         0
                text4                               1A6      1A6       17         0
                text3                                22       22       8F         0
                text2                               100      100       32         0
                text1                               1CF      1CF        C         0
                maintext                             B1       B1       4F         0
                clrtext                             1DB      1DB        8         0

        CLASS   STRCODE        

        CLASS   ENTRY          

        CLASS   STRING         

        CLASS   COMMON         
                cstackCOMMON                         70       70        7         1
                bssCOMMON                            77       77        2         1

        CLASS   BANK0          
                cstackBANK0                          41       41       12         1
                bssBANK0                             20       20       21         1

        CLASS   BANK1          

        CLASS   BANK2          

        CLASS   BANK3          

        CLASS   RAM            

        CLASS   ABS1           
                abs_s1                               7E       7E        2         1

        CLASS   SFR0           

        CLASS   SFR1           

        CLASS   SFR2           

        CLASS   SFR3           

        CLASS   CONFIG         

        CLASS   IDLOC          

        CLASS   EEDATA         



SEGMENTS        Name                           Load    Length   Top    Selector   Space  Class     Delta

                reset_vec                      000000  000003  000003         0       0  CODE        2
                intentry                       000004  0001E6  0001EA         8       0  CODE        2
                bssBANK0                       000020  000033  000053        20       1  BANK0       1
                cstackCOMMON                   000070  000009  000079        70       1  COMMON      1


UNUSED ADDRESS RANGES

        Name                Unused          Largest block    Delta
        BANK0            053-06F            1D           1
        BANK1            0A0-0EF            50           1
        BANK2            110-16F            60           1
        BANK3            190-1EF            60           1
        CODE             003-003             1           2
                         1EA-1FFF           800
        COMMON           079-07D             5           1
        CONFIG           2007-2007             1           2
        CONST            003-003             1           2
                         1EA-1FFF           100
        EEDATA           2100-21FF           100           2
        ENTRY            003-003             1           2
                         1EA-1FFF           100
        IDLOC            2000-2003             4           2
        RAM              053-06F            1D           1
                         0A0-0EF            50
                         110-16F            60
                         190-1EF            60
        SFR0             000-01F            20           1
        SFR1             080-09F            20           1
        SFR2             100-10F            10           1
        SFR3             180-18F            10           1
        STACK            110-16F            60           1
        STRCODE          003-003             1           2
                         1EA-1FFF          1E16
        STRING           003-003             1           2
                         1EA-1FFF           100

                                  Symbol Table

?___aldiv                  cstackBANK0  041
_ADDEN                     (abs)        0C3
_CREN                      (abs)        0C4
_GIE                       (abs)        05F
_PEIE                      (abs)        05E
_PORTB                     (abs)        006
_PORTD                     (abs)        008
_PORTE                     (abs)        009
_RCIE                      (abs)        465
_RCIF                      (abs)        065
_RCREG                     (abs)        01A
_RE0                       (abs)        048
_RE1                       (abs)        049
_RX9                       (abs)        0C6
_SPBRG                     (abs)        099
_SPEN                      (abs)        0C7
_SYNC                      (abs)        4C4
_TRISB                     (abs)        086
_TRISC6                    (abs)        43E
_TRISC7                    (abs)        43F
_TRISD                     (abs)        088
_TRISE                     (abs)        089
_TX9                       (abs)        4C6
_TXEN                      (abs)        4C5
_TXIE                      (abs)        464
_TXIF                      (abs)        064
_TXREG                     (abs)        019
_TXSTAbits                 (abs)        098
__Habs1                    abs1         000
__Hbank0                   bank0        000
__Hbank1                   bank1        000
__Hbank2                   bank2        000
__Hbank3                   bank3        000
__HbssBANK0                bssBANK0     000
__HbssCOMMON               bssCOMMON    000
__Hcinit                   cinit        022
__Hclrtext                 clrtext      000
__Hcode                    code         000
__Hcommon                  common       000
__Hconfig                  config       000
__HcstackBANK0             cstackBANK0  000
__HcstackCOMMON            cstackCOMMON 000
__Heeprom_data             eeprom_data  000
__Hend_init                end_init     015
__Hfunctab                 functab      000
__Hidloc                   idloc        000
__Hinit                    init         012
__Hintentry                intentry     012
__Hmaintext                maintext     000
__Hpowerup                 powerup      000
__Hram                     ram          000
__Hreset_vec               reset_vec    003
__Hsfr0                    sfr0         000
__Hsfr1                    sfr1         000
__Hsfr2                    sfr2         000
__Hsfr3                    sfr3         000
__Hspace_0                 (abs)        1EA
__Hspace_1                 (abs)        079
__Hspace_2                 (abs)        000
__Hspace_3                 (abs)        000
__Hstack                   stack        000
__Hstrings                 strings      000
__Htext                    text         000
__Labs1                    abs1         000
__Lbank0                   bank0        000
__Lbank1                   bank1        000
__Lbank2                   bank2        000
__Lbank3                   bank3        000
__LbssBANK0                bssBANK0     000
__LbssCOMMON               bssCOMMON    000
__Lcinit                   cinit        015
__Lclrtext                 clrtext      000
__Lcode                    code         000
__Lcommon                  common       000
__Lconfig                  config       000
__LcstackBANK0             cstackBANK0  000
__LcstackCOMMON            cstackCOMMON 000
__Leeprom_data             eeprom_data  000
__Lend_init                end_init     012
__Lfunctab                 functab      000
__Lidloc                   idloc        000
__Linit                    init         012
__Lintentry                intentry     004
__Lmaintext                maintext     000
__Lpowerup                 powerup      000
__Lram                     ram          000
__Lreset_vec               reset_vec    000
__Lsfr0                    sfr0         000
__Lsfr1                    sfr1         000
__Lsfr2                    sfr2         000
__Lsfr3                    sfr3         000
__Lspace_0                 (abs)        000
__Lspace_1                 (abs)        000
__Lspace_2                 (abs)        000
__Lspace_3                 (abs)        000
__Lstack                   stack        000
__Lstrings                 strings      000
__Ltext                    text         000
__S0                       (abs)        1EA
__S1                       (abs)        079
__S2                       (abs)        000
__S3                       (abs)        000
___aldiv                   text3        022
___aldiv@counter           cstackBANK0  049
___aldiv@dividend          cstackBANK0  045
___aldiv@divisor           cstackBANK0  041
___aldiv@quotient          cstackBANK0  04B
___aldiv@sign              cstackBANK0  04A
___int_sp                  stack        000
___latbits                 (abs)        002
___sp                      stack        000
__end_of___aldiv           text3        0B1
__end_of__initialization   cinit        01E
__end_of_delay             text6        164
__end_of_delay_ms          text7        188
__end_of_isr               text8        1A6
__end_of_lcd_cmnt          text5        1CF
__end_of_lcd_init          text4        1BD
__end_of_main              maintext     100
__end_of_uart_init         text2        132
__end_of_uart_read         text9        1EA
__end_of_uart_write        text1        1DB
__initialization           cinit        015
__pbssBANK0                bssBANK0     020
__pbssCOMMON               bssCOMMON    077
__pcstackBANK0             cstackBANK0  041
__pcstackCOMMON            cstackCOMMON 070
__pintentry                intentry     004
__pmaintext                maintext     0B1
__ptext0                   text0        000
__ptext1                   text1        1CF
__ptext2                   text2        100
__ptext3                   text3        022
__ptext4                   text4        1A6
__ptext5                   text5        1BD
__ptext6                   text6        132
__ptext7                   text7        164
__ptext8                   text8        188
__ptext9                   text9        1E3
__size_of___aldiv          (abs)        000
__size_of_delay            (abs)        000
__size_of_delay_ms         (abs)        000
__size_of_isr              (abs)        000
__size_of_lcd_cmnt         (abs)        000
__size_of_lcd_init         (abs)        000
__size_of_main             (abs)        000
__size_of_uart_init        (abs)        000
__size_of_uart_read        (abs)        000
__size_of_uart_write       (abs)        000
_count                     bssBANK0     040
_delay                     text6        132
_delay_ms                  text7        164
_isr                       text8        188
_lcd_cmnt                  text5        1BD
_lcd_init                  text4        1A6
_main                      maintext     0B1
_reception_msg             bssBANK0     020
_recieved                  bssCOMMON    077
_transmision_msg           bssCOMMON    078
_uart_init                 text2        100
_uart_read                 text9        1E3
_uart_write                text1        1CF
btemp                      (abs)        07E
clear_ram0                 clrtext      1DB
delay@i                    cstackBANK0  042
delay@j                    cstackBANK0  044
delay@x                    cstackCOMMON 075
delay_ms@ds                cstackCOMMON 075
delay_ms@i                 cstackBANK0  041
delay_ms@j                 cstackBANK0  043
end_of_initialization      cinit        01E
interrupt_function         intentry     004
intlevel0                  functab      000
intlevel1                  functab      000
intlevel2                  functab      000
intlevel3                  functab      000
intlevel4                  functab      000
intlevel5                  functab      000
lcd_cmnt@cmnt              cstackBANK0  046
ltemp                      (abs)        07E
ltemp0                     (abs)        07E
ltemp1                     (abs)        082
ltemp2                     (abs)        086
ltemp3                     (abs)        080
reset_vec                  reset_vec    000
saved_w                    (abs)        07E
stackhi                    (abs)        000
stacklo                    (abs)        000
start                      init         012
start_initialization       cinit        015
ttemp                      (abs)        07E
ttemp0                     (abs)        07E
ttemp1                     (abs)        081
ttemp2                     (abs)        084
ttemp3                     (abs)        087
ttemp4                     (abs)        07F
uart_init@baud_rate        cstackBANK0  04F
uart_init@high_baud_select cstackBANK0  051
uart_write@write_msg       cstackCOMMON 076
wtemp                      (abs)        07E
wtemp0                     (abs)        07E
wtemp1                     (abs)        080
wtemp2                     (abs)        082
wtemp3                     (abs)        084
wtemp4                     (abs)        086
wtemp5                     (abs)        088
wtemp6                     (abs)        07F


FUNCTION INFORMATION:

 *************** function _main *****************
 Defined at:
		line 19 in file "uart.c"
 Parameters:    Size  Location     Type
		None
 Auto vars:     Size  Location     Type
		None
 Return value:  Size  Location     Type
		None               void
 Registers used:
		wreg, status,2, status,0, pclath, cstack
 Tracked objects:
		On entry : 
		On exit  : 
		Unchanged: 
 Data sizes:     COMMON   BANK0   BANK1   BANK3   BANK2
      Params:         0       0       0       0       0
      Locals:         0       0       0       0       0
      Temps:          0       1       0       0       0
      Totals:         0       1       0       0       0
Total ram usage:        1 bytes
 Hardware stack levels required when called:    5
 This function calls:
		_delay_ms
		_lcd_init
		_uart_init
		_uart_write
 This function is called by:
		Startup code after reset
 This function uses a non-reentrant model


 *************** function _uart_write *****************
 Defined at:
		line 73 in file "uart.c"
 Parameters:    Size  Location     Type
  write_msg       1    wreg     unsigned char 
 Auto vars:     Size  Location     Type
  write_msg       1    6[COMMON] unsigned char 
 Return value:  Size  Location     Type
		None               void
 Registers used:
		wreg, status,2
 Tracked objects:
		On entry : 
		On exit  : 
		Unchanged: 
 Data sizes:     COMMON   BANK0   BANK1   BANK3   BANK2
      Params:         0       0       0       0       0
      Locals:         1       0       0       0       0
      Temps:          1       0       0       0       0
      Totals:         2       0       0       0       0
Total ram usage:        2 bytes
 Hardware stack levels used:    1
 Hardware stack levels required when called:    2
 This function calls:
		Nothing
 This function is called by:
		_main
 This function uses a non-reentrant model


 *************** function _uart_init *****************
 Defined at:
		line 51 in file "uart.c"
 Parameters:    Size  Location     Type
  baud_rate       2   14[BANK0 ] unsigned int 
  high_baud_se    1   16[BANK0 ] unsigned char 
 Auto vars:     Size  Location     Type
		None
 Return value:  Size  Location     Type
		None               void
 Registers used:
		wreg, status,2, status,0, pclath, cstack
 Tracked objects:
		On entry : 
		On exit  : 
		Unchanged: 
 Data sizes:     COMMON   BANK0   BANK1   BANK3   BANK2
      Params:         0       3       0       0       0
      Locals:         0       0       0       0       0
      Temps:          0       0       0       0       0
      Totals:         0       3       0       0       0
Total ram usage:        3 bytes
 Hardware stack levels used:    1
 Hardware stack levels required when called:    3
 This function calls:
		___aldiv
 This function is called by:
		_main
 This function uses a non-reentrant model


 *************** function ___aldiv *****************
 Defined at:
		line 6 in file "C:\Program Files (x86)\Microchip\xc8\v1.32\sources\common\aldiv.c"
 Parameters:    Size  Location     Type
  divisor         4    0[BANK0 ] long 
  dividend        4    4[BANK0 ] long 
 Auto vars:     Size  Location     Type
  quotient        4   10[BANK0 ] long 
  sign            1    9[BANK0 ] unsigned char 
  counter         1    8[BANK0 ] unsigned char 
 Return value:  Size  Location     Type
                  4    0[BANK0 ] long 
 Registers used:
		wreg, status,2, status,0
 Tracked objects:
		On entry : 
		On exit  : 
		Unchanged: 
 Data sizes:     COMMON   BANK0   BANK1   BANK3   BANK2
      Params:         0       8       0       0       0
      Locals:         0       6       0       0       0
      Temps:          1       0       0       0       0
      Totals:         1      14       0       0       0
Total ram usage:       15 bytes
 Hardware stack levels used:    1
 Hardware stack levels required when called:    2
 This function calls:
		Nothing
 This function is called by:
		_uart_init
 This function uses a non-reentrant model


 *************** function _lcd_init *****************
 Defined at:
		line 131 in file "uart.c"
 Parameters:    Size  Location     Type
		None
 Auto vars:     Size  Location     Type
		None
 Return value:  Size  Location     Type
		None               void
 Registers used:
		wreg, status,2, status,0, pclath, cstack
 Tracked objects:
		On entry : 
		On exit  : 
		Unchanged: 
 Data sizes:     COMMON   BANK0   BANK1   BANK3   BANK2
      Params:         0       0       0       0       0
      Locals:         0       0       0       0       0
      Temps:          0       0       0       0       0
      Totals:         0       0       0       0       0
Total ram usage:        0 bytes
 Hardware stack levels used:    1
 Hardware stack levels required when called:    4
 This function calls:
		_lcd_cmnt
 This function is called by:
		_main
 This function uses a non-reentrant model


 *************** function _lcd_cmnt *****************
 Defined at:
		line 140 in file "uart.c"
 Parameters:    Size  Location     Type
  cmnt            1    wreg     unsigned char 
 Auto vars:     Size  Location     Type
  cmnt            1    5[BANK0 ] unsigned char 
 Return value:  Size  Location     Type
		None               void
 Registers used:
		wreg, status,2, status,0, pclath, cstack
 Tracked objects:
		On entry : 
		On exit  : 
		Unchanged: 
 Data sizes:     COMMON   BANK0   BANK1   BANK3   BANK2
      Params:         0       0       0       0       0
      Locals:         0       1       0       0       0
      Temps:          0       0       0       0       0
      Totals:         0       1       0       0       0
Total ram usage:        1 bytes
 Hardware stack levels used:    1
 Hardware stack levels required when called:    3
 This function calls:
		_delay
 This function is called by:
		_lcd_init
 This function uses a non-reentrant model


 *************** function _delay *****************
 Defined at:
		line 156 in file "uart.c"
 Parameters:    Size  Location     Type
  x               2    5[COMMON] int 
 Auto vars:     Size  Location     Type
  j               2    3[BANK0 ] int 
  i               2    1[BANK0 ] int 
 Return value:  Size  Location     Type
		None               void
 Registers used:
		wreg, status,2
 Tracked objects:
		On entry : 
		On exit  : 
		Unchanged: 
 Data sizes:     COMMON   BANK0   BANK1   BANK3   BANK2
      Params:         2       0       0       0       0
      Locals:         0       4       0       0       0
      Temps:          0       1       0       0       0
      Totals:         2       5       0       0       0
Total ram usage:        7 bytes
 Hardware stack levels used:    1
 Hardware stack levels required when called:    2
 This function calls:
		Nothing
 This function is called by:
		_lcd_cmnt
		_lcd_data
 This function uses a non-reentrant model


 *************** function _delay_ms *****************
 Defined at:
		line 124 in file "uart.c"
 Parameters:    Size  Location     Type
  ds              2    5[COMMON] unsigned int 
 Auto vars:     Size  Location     Type
  j               2    2[BANK0 ] int 
  i               2    0[BANK0 ] int 
 Return value:  Size  Location     Type
		None               void
 Registers used:
		wreg, status,2
 Tracked objects:
		On entry : 
		On exit  : 
		Unchanged: 
 Data sizes:     COMMON   BANK0   BANK1   BANK3   BANK2
      Params:         2       0       0       0       0
      Locals:         0       4       0       0       0
      Temps:          0       0       0       0       0
      Totals:         2       4       0       0       0
Total ram usage:        6 bytes
 Hardware stack levels used:    1
 Hardware stack levels required when called:    2
 This function calls:
		Nothing
 This function is called by:
		_main
 This function uses a non-reentrant model


 *************** function _isr *****************
 Defined at:
		line 109 in file "uart.c"
 Parameters:    Size  Location     Type
		None
 Auto vars:     Size  Location     Type
		None
 Return value:  Size  Location     Type
		None               void
 Registers used:
		wreg, status,2, status,0, pclath, cstack
 Tracked objects:
		On entry : 
		On exit  : 
		Unchanged: 
 Data sizes:     COMMON   BANK0   BANK1   BANK3   BANK2
      Params:         0       0       0       0       0
      Locals:         0       0       0       0       0
      Temps:          4       0       0       0       0
      Totals:         4       0       0       0       0
Total ram usage:        4 bytes
 Hardware stack levels used:    1
 Hardware stack levels required when called:    1
 This function calls:
		_uart_read
 This function is called by:
		Interrupt level 1
 This function uses a non-reentrant model


 *************** function _uart_read *****************
 Defined at:
		line 84 in file "uart.c"
 Parameters:    Size  Location     Type
		None
 Auto vars:     Size  Location     Type
		None
 Return value:  Size  Location     Type
		None               void
 Registers used:
		wreg
 Tracked objects:
		On entry : 
		On exit  : 
		Unchanged: 
 Data sizes:     COMMON   BANK0   BANK1   BANK3   BANK2
      Params:         0       0       0       0       0
      Locals:         0       0       0       0       0
      Temps:          1       0       0       0       0
      Totals:         1       0       0       0       0
Total ram usage:        1 bytes
 Hardware stack levels used:    1
 This function calls:
		Nothing
 This function is called by:
		_isr
 This function uses a non-reentrant model



MODULE INFORMATION

Module		Function		Class		Link	Load	Size
uart.c
		_uart_write    		CODE           	01CF	0000	12
		_lcd_cmnt      		CODE           	01BD	0000	18
		_delay         		CODE           	0132	0000	50
		_main          		CODE           	00B1	0000	79
		_uart_read     		CODE           	01E3	0000	7
		_uart_init     		CODE           	0100	0000	50
		_isr           		CODE           	0188	0000	30
		_delay_ms      		CODE           	0164	0000	36
		_lcd_init      		CODE           	01A6	0000	23

uart.c estimated size: 305

C:\Program Files (x86)\Microchip\xc8\v1.32\sources\common\aldiv.c
		___aldiv       		CODE           	0022	0000	143

C:\Program Files (x86)\Microchip\xc8\v1.32\sources\common\aldiv.c estimated size: 143

shared
		__initializatio		CODE           	0015	0000	9

shared estimated size: 9

