Microchip MPLAB XC8 Compiler V1.32 ()

Linker command line:

--edf=C:\Program Files (x86)\Microchip\xc8\v1.32\dat\en_msgs.txt -cs \
  -h+dist/default/production\I2c_driver.X.production.sym \
  --cmf=dist/default/production\I2c_driver.X.production.cmf -z -Q16F877A \
  -oC:\Users\Kanna\AppData\Local\Temp\sv0.6 \
  -Mdist/default/production/I2c_driver.X.production.map -E1 -ver=XC8 \
  -ASTACK=0110h-016fh -pstack=STACK -ACONST=00h-0FFhx32 -ACODE=00h-07FFhx4 \
  -ASTRCODE=00h-01FFFh -AENTRY=00h-0FFhx32 -ASTRING=00h-0FFhx32 \
  -ACOMMON=070h-07Fh -ABANK0=020h-06Fh -ABANK1=0A0h-0EFh \
  -ABANK2=0110h-016Fh -ABANK3=0190h-01EFh \
  -ARAM=020h-06Fh,0A0h-0EFh,0110h-016Fh,0190h-01EFh \
  -AABS1=020h-07Fh,0A0h-0EFh,0110h-016Fh,0190h-01EFh -ASFR0=00h-01Fh \
  -ASFR1=080h-09Fh -ASFR2=0100h-010Fh -ASFR3=0180h-018Fh \
  -preset_vec=00h,intentry=04h,init,end_init -ppowerup=CODE -pcinit=CODE \
  -pfunctab=CODE -ACONFIG=02007h-02007h -pconfig=CONFIG -DCONFIG=2 \
  -AIDLOC=02000h-02003h -pidloc=IDLOC -DIDLOC=2 -AEEDATA=00h-0FFh/02100h \
  -peeprom_data=EEDATA -DEEDATA=2 -DCODE=2 -DSTRCODE=2 -DSTRING=2 -DCONST=2 \
  -DENTRY=2 -k C:\Users\Kanna\AppData\Local\Temp\sv0.obj \
  dist/default/production\I2c_driver.X.production.obj 

Object code version is 3.11

Machine type is 16F877A



                Name                               Link     Load   Length Selector   Space Scale
C:\Users\Kanna\AppData\Local\Temp\sv0.obj
                end_init                             12       12        3        8       0
                reset_vec                             0        0        3        0       0
                config                             2007     2007        1     400E       0
dist/default/production\I2c_driver.X.production.obj
                cinit                                15       15       26        8       0
                intentry                              4        4        E        8       0
                text17                              541      541       2B      6AA       0
                text16                              4E7      4E7       2F      6AA       0
                text15                              5B4      5B4       1A      6AA       0
                text14                              619      619       11      6AA       0
                text13                              516      516       2B      6AA       0
                text12                              4B5      4B5       32      6AA       0
                text11                              5F6      5F6       12      6AA       0
                text10                              593      593       21      6AA       0
                text9                               355      355       55      6AA       0
                text8                               3FE      3FE       41      6AA       0
                text7                               5CE      5CE       16      6AA       0
                text6                               3AA      3AA       54      6AA       0
                text5                               43F      43F       40      6AA       0
                text4                               47F      47F       36      6AA       0
                text3                               200      200       DB        8       0
                text2                               5E4      5E4       12      6AA       0
                text1                               56C      56C       27      6AA       0
                maintext                             3B       3B      1C5        8       0
                cstackBANK0                          20       20       34       20       1
                cstackCOMMON                         76       76        6       70       1
                cstackBANK1                          C7       C7        2       A0       1
                inittext                            608      608       11      6AA       0
                clrtext                             62A      62A        8      6AA       0
                dataBANK1                            C0       C0        7       A0       1
                bssBANK1                             A0       A0       20       A0       1
                bssBANK0                             54       54       19       20       1
                bssCOMMON                            70       70        6       70       1
                nvBANK0                              6D       6D        3       20       1
                strings                             300      300       55      600       0
                idataBANK1                          632      632        7      6AA       0

TOTAL           Name                               Link     Load   Length     Space
        CLASS   STACK          

        CLASS   CONST          

        CLASS   CODE           
                end_init                             12       12        3         0
                cinit                                15       15       26         0
                intentry                              4        4        E         0
                reset_vec                             0        0        3         0
                text17                              541      541       2B         0
                text16                              4E7      4E7       2F         0
                text15                              5B4      5B4       1A         0
                text14                              619      619       11         0
                text13                              516      516       2B         0
                text12                              4B5      4B5       32         0
                text11                              5F6      5F6       12         0
                text10                              593      593       21         0
                text9                               355      355       55         0
                text8                               3FE      3FE       41         0
                text7                               5CE      5CE       16         0
                text6                               3AA      3AA       54         0
                text5                               43F      43F       40         0
                text4                               47F      47F       36         0
                text3                               200      200       DB         0
                text2                               5E4      5E4       12         0
                text1                               56C      56C       27         0
                maintext                             3B       3B      1C5         0
                inittext                            608      608       11         0
                clrtext                             62A      62A        8         0
                idataBANK1                          632      632        7         0

        CLASS   STRCODE        

        CLASS   ENTRY          

        CLASS   STRING         
                strings                             300      300       55         0

        CLASS   COMMON         
                cstackCOMMON                         76       76        6         1
                bssCOMMON                            70       70        6         1

        CLASS   BANK0          
                cstackBANK0                          20       20       34         1
                bssBANK0                             54       54       19         1
                nvBANK0                              6D       6D        3         1

        CLASS   BANK1          
                cstackBANK1                          C7       C7        2         1
                dataBANK1                            C0       C0        7         1
                bssBANK1                             A0       A0       20         1

        CLASS   BANK2          

        CLASS   BANK3          

        CLASS   RAM            

        CLASS   ABS1           
                abs_s1                               7E       7E        2         1

        CLASS   SFR0           

        CLASS   SFR1           

        CLASS   SFR2           

        CLASS   SFR3           

        CLASS   CONFIG         
                config                             2007     2007        1         0

        CLASS   IDLOC          

        CLASS   EEDATA         



SEGMENTS        Name                           Load    Length   Top    Selector   Space  Class     Delta

                reset_vec                      000000  000003  000003         0       0  CODE        2
                intentry                       000004  0002D7  0002DB         8       0  CODE        2
                cstackBANK0                    000020  000050  000070        20       1  BANK0       1
                bssCOMMON                      000070  00000C  00007C        70       1  COMMON      1
                bssBANK1                       0000A0  000029  0000C9        A0       1  BANK1       1
                strings                        000300  000055  000355       600       0  STRING      2
                text9                          000355  0002E4  000639       6AA       0  CODE        2
                config                         002007  000001  002008      400E       0  CONFIG      2


UNUSED ADDRESS RANGES

        Name                Unused          Largest block    Delta
        BANK1            00C9-00EF             27           1
        BANK2            0110-016F             60           1
        BANK3            0190-01EF             60           1
        CODE             0003-0003              1           2
                         02DB-02FF             25
                         0639-1FFF            800
        COMMON           007C-007D              2           1
        CONST            0003-0003              1           2
                         02DB-02FF             25
                         0639-1FFF            100
        EEDATA           2100-21FF            100           2
        ENTRY            0003-0003              1           2
                         02DB-02FF             25
                         0639-1FFF            100
        IDLOC            2000-2003              4           2
        RAM              00C9-00EF             27           1
                         0110-016F             60
                         0190-01EF             60
        SFR0             0000-001F             20           1
        SFR1             0080-009F             20           1
        SFR2             0100-010F             10           1
        SFR3             0180-018F             10           1
        STACK            0110-016F             60           1
        STRCODE          0003-0003              1           2
                         02DB-02FF             25
                         0639-1FFF           19C7
        STRING           0003-0003              1           2
                         02DB-02FF             25
                         0639-1FFF            100

                                  Symbol Table

?___lwdiv                 cstackBANK0  0020
?___lwmod                 cstackBANK0  0028
?_sprintf                 cstackBANK0  002E
_ACKDT                    (abs)        048D
_ACKEN                    (abs)        048C
_ADCON1                   (abs)        009F
_BCLIE                    (abs)        046B
_GIE                      (abs)        005F
_INTCON                   (abs)        000B
_OPTION_REG               (abs)        0081
_PEIE                     (abs)        005E
_PEN                      (abs)        048A
_PORTA                    (abs)        0005
_PORTB                    (abs)        0006
_PORTD                    (abs)        0008
_RB4                      (abs)        0034
_RBIE                     (abs)        005B
_RBIF                     (abs)        0058
_RCEN                     (abs)        048B
_RE0                      (abs)        0048
_RE1                      (abs)        0049
_RSEN                     (abs)        0489
_SEN                      (abs)        0488
_SSPADD                   (abs)        0093
_SSPBUF                   (abs)        0013
_SSPCON                   (abs)        0014
_SSPEN                    (abs)        00A5
_SSPIE                    (abs)        0463
_SSPIF                    (abs)        0063
_SSPSTAT                  (abs)        0094
_TRISA                    (abs)        0085
_TRISB                    (abs)        0086
_TRISC3                   (abs)        043B
_TRISC4                   (abs)        043C
_TRISD                    (abs)        0088
_TRISE                    (abs)        0089
__CFG_BOREN$OFF           (abs)        0000
__CFG_CP$ON               (abs)        0000
__CFG_CPD$ON              (abs)        0000
__CFG_DEBUG$ON            (abs)        0000
__CFG_FOSC$LP             (abs)        0000
__CFG_LVP$OFF             (abs)        0000
__CFG_PWRTE$ON            (abs)        0000
__CFG_WDTE$OFF            (abs)        0000
__CFG_WRT$HALF            (abs)        0000
__Habs1                   abs1         0000
__Hbank0                  bank0        0000
__Hbank1                  bank1        0000
__Hbank2                  bank2        0000
__Hbank3                  bank3        0000
__HbssBANK0               bssBANK0     0000
__HbssBANK1               bssBANK1     0000
__HbssCOMMON              bssCOMMON    0000
__Hcinit                  cinit        003B
__Hclrtext                clrtext      0000
__Hcode                   code         0000
__Hcommon                 common       0000
__Hconfig                 config       2008
__HcstackBANK0            cstackBANK0  0000
__HcstackBANK1            cstackBANK1  0000
__HcstackCOMMON           cstackCOMMON 0000
__HdataBANK1              dataBANK1    0000
__Heeprom_data            eeprom_data  0000
__Hend_init               end_init     0015
__Hfunctab                functab      0000
__HidataBANK1             idataBANK1   0000
__Hidloc                  idloc        0000
__Hinit                   init         0012
__Hinittext               inittext     0000
__Hintentry               intentry     0012
__Hmaintext               maintext     0000
__HnvBANK0                nvBANK0      0000
__Hpowerup                powerup      0000
__Hram                    ram          0000
__Hreset_vec              reset_vec    0003
__Hsfr0                   sfr0         0000
__Hsfr1                   sfr1         0000
__Hsfr2                   sfr2         0000
__Hsfr3                   sfr3         0000
__Hspace_0                (abs)        2008
__Hspace_1                (abs)        00C9
__Hspace_2                (abs)        0000
__Hspace_3                (abs)        0000
__Hstack                  stack        0000
__Hstrings                strings      0000
__Htext                   text         0000
__Labs1                   abs1         0000
__Lbank0                  bank0        0000
__Lbank1                  bank1        0000
__Lbank2                  bank2        0000
__Lbank3                  bank3        0000
__LbssBANK0               bssBANK0     0000
__LbssBANK1               bssBANK1     0000
__LbssCOMMON              bssCOMMON    0000
__Lcinit                  cinit        0015
__Lclrtext                clrtext      0000
__Lcode                   code         0000
__Lcommon                 common       0000
__Lconfig                 config       2007
__LcstackBANK0            cstackBANK0  0000
__LcstackBANK1            cstackBANK1  0000
__LcstackCOMMON           cstackCOMMON 0000
__LdataBANK1              dataBANK1    0000
__Leeprom_data            eeprom_data  0000
__Lend_init               end_init     0012
__Lfunctab                functab      0000
__LidataBANK1             idataBANK1   0000
__Lidloc                  idloc        0000
__Linit                   init         0012
__Linittext               inittext     0000
__Lintentry               intentry     0004
__Lmaintext               maintext     0000
__LnvBANK0                nvBANK0      0000
__Lpowerup                powerup      0000
__Lram                    ram          0000
__Lreset_vec              reset_vec    0000
__Lsfr0                   sfr0         0000
__Lsfr1                   sfr1         0000
__Lsfr2                   sfr2         0000
__Lsfr3                   sfr3         0000
__Lspace_0                (abs)        0000
__Lspace_1                (abs)        0000
__Lspace_2                (abs)        0000
__Lspace_3                (abs)        0000
__Lstack                  stack        0000
__Lstrings                strings      0000
__Ltext                   text         0000
__S0                      (abs)        2008
__S1                      (abs)        00C9
__S2                      (abs)        0000
__S3                      (abs)        0000
___int_sp                 stack        0000
___latbits                (abs)        0002
___lwdiv                  text5        043F
___lwdiv@counter          cstackBANK0  0025
___lwdiv@dividend         cstackBANK0  0022
___lwdiv@divisor          cstackBANK0  0020
___lwdiv@quotient         cstackBANK0  0026
___lwmod                  text4        047F
___lwmod@counter          cstackBANK0  002D
___lwmod@dividend         cstackBANK0  002A
___lwmod@divisor          cstackBANK0  0028
___sp                     stack        0000
__end_of___lwdiv          text5        047F
__end_of___lwmod          text4        04B5
__end_of__initialization  cinit        0037
__end_of__stringdata      strings      0355
__end_of__stringtab       strings      0306
__end_of_char2int         text7        05E4
__end_of_dec_year         text16       0516
__end_of_delay            text12       04E7
__end_of_dpowers          strings      0310
__end_of_hex2char         text15       05CE
__end_of_i2c_master_init  text14       062A
__end_of_inc_year         text13       0541
__end_of_interrupt_isr    text17       056C
__end_of_lcd_cmnt         text11       0608
__end_of_lcd_data         text2        05F6
__end_of_lcd_init         text10       05B4
__end_of_main             maintext     0200
__end_of_master_rx        text9        03AA
__end_of_master_tx        text8        043F
__end_of_master_tx_write  text6        03FE
__end_of_sprintf          text3        02DB
__end_of_uart_lcd_update  text1        0593
__initialization          cinit        0015
__pbssBANK0               bssBANK0     0054
__pbssBANK1               bssBANK1     00A0
__pbssCOMMON              bssCOMMON    0070
__pcstackBANK0            cstackBANK0  0020
__pcstackBANK1            cstackBANK1  00C7
__pcstackCOMMON           cstackCOMMON 0076
__pdataBANK1              dataBANK1    00C0
__pidataBANK1             idataBANK1   0632
__pintentry               intentry     0004
__pmaintext               maintext     003B
__pnvBANK0                nvBANK0      006D
__pstrings                strings      0300
__ptext1                  text1        056C
__ptext10                 text10       0593
__ptext11                 text11       05F6
__ptext12                 text12       04B5
__ptext13                 text13       0516
__ptext14                 text14       0619
__ptext15                 text15       05B4
__ptext16                 text16       04E7
__ptext17                 text17       0541
__ptext2                  text2        05E4
__ptext3                  text3        0200
__ptext4                  text4        047F
__ptext5                  text5        043F
__ptext6                  text6        03AA
__ptext7                  text7        05CE
__ptext8                  text8        03FE
__ptext9                  text9        0355
__size_of___lwdiv         (abs)        0000
__size_of___lwmod         (abs)        0000
__size_of_char2int        (abs)        0000
__size_of_dec_year        (abs)        0000
__size_of_delay           (abs)        0000
__size_of_hex2char        (abs)        0000
__size_of_i2c_master_init (abs)        0000
__size_of_inc_year        (abs)        0000
__size_of_interrupt_isr   (abs)        0000
__size_of_lcd_cmnt        (abs)        0000
__size_of_lcd_data        (abs)        0000
__size_of_lcd_init        (abs)        0000
__size_of_main            (abs)        0000
__size_of_master_rx       (abs)        0000
__size_of_master_tx       (abs)        0000
__size_of_master_tx_write (abs)        0000
__size_of_sprintf         (abs)        0000
__size_of_uart_lcd_update (abs)        0000
__stringbase              strings      0305
__stringdata              strings      0310
__stringtab               strings      0300
_char2int                 text7        05CE
_date                     bssBANK0     0061
_date_dec                 bssCOMMON    0070
_day                      bssCOMMON    0075
_day_dec                  bssCOMMON    0071
_dec_year                 text16       04E7
_delay                    text12       04B5
_dpowers                  strings      0306
_flag                     bssBANK0     0054
_hex2char                 text15       05B4
_hour                     bssBANK0     0063
_hour_dec                 bssCOMMON    0072
_i2c_master_init          text14       0619
_i2c_pkt                  nvBANK0      006D
_inc                      bssBANK0     0055
_inc_year                 text13       0516
_interrupt_isr            text17       0541
_key_nav                  bssBANK0     0056
_lcd_cmnt                 text11       05F6
_lcd_data                 text2        05E4
_lcd_init                 text10       0593
_lcd_msg                  bssBANK1     00A0
_lcd_msg1                 bssBANK1     00B0
_local_time               bssBANK0     005A
_main                     maintext     003B
_master_rx                text9        0355
_master_tx                text8        03FE
_master_tx_write          text6        03AA
_min                      bssBANK0     0065
_min_dec                  bssCOMMON    0073
_month                    bssBANK0     0067
_month_dec                bssBANK0     0057
_sec                      bssBANK0     0069
_sec_dec                  bssCOMMON    0074
_sprintf                  text3        0200
_timer                    bssBANK0     0058
_timer_ptr                dataBANK1    00C0
_uart_lcd_update          text1        056C
_year                     bssBANK0     006B
_year_dec                 bssBANK0     0059
btemp                     (abs)        007E
char2int@in               cstackBANK0  0022
clear_ram0                clrtext      062A
dec_year@data_ptr         cstackBANK0  0021
delay@i                   cstackBANK0  0023
delay@j                   cstackBANK0  0025
delay@x                   cstackBANK0  0020
end_of_initialization     cinit        0037
hex2char@in               cstackBANK0  0023
hex2char@out              cstackBANK0  0020
inc_year@data_ptr         cstackBANK0  0021
init_fetch0               inittext     0608
init_ram0                 inittext     060C
interrupt_function        intentry     0004
intlevel0                 functab      0000
intlevel1                 functab      0000
intlevel2                 functab      0000
intlevel3                 functab      0000
intlevel4                 functab      0000
intlevel5                 functab      0000
lcd_cmnt@cmnt             cstackBANK0  0027
lcd_data@data             cstackBANK0  0027
ltemp                     (abs)        007E
ltemp0                    (abs)        007E
ltemp1                    (abs)        0082
ltemp2                    (abs)        0086
ltemp3                    (abs)        0080
main@i                    cstackBANK1  00C8
main@status               cstackBANK1  00C7
master_rx@i2c_pkt         cstackBANK0  0022
master_rx@rx_time         cstackBANK0  0020
master_tx@i2c_pkt         cstackBANK0  0021
master_tx_write@i2c_pkt   cstackBANK0  0024
reset_vec                 reset_vec    0000
saved_w                   (abs)        007E
sprintf@_val              cstackBANK0  0041
sprintf@ap                cstackBANK0  003E
sprintf@c                 cstackBANK0  0046
sprintf@f                 cstackBANK0  002E
sprintf@flag              cstackBANK0  003F
sprintf@prec              cstackBANK0  0040
sprintf@sp                cstackBANK0  0045
stackhi                   (abs)        0000
stacklo                   (abs)        0000
start                     init         0012
start_initialization      cinit        0015
ttemp                     (abs)        007E
ttemp0                    (abs)        007E
ttemp1                    (abs)        0081
ttemp2                    (abs)        0084
ttemp3                    (abs)        0087
ttemp4                    (abs)        007F
uart_lcd_update@data      cstackBANK0  002A
uart_lcd_update@i         cstackBANK0  002B
uart_lcd_update@len       cstackBANK0  0028
wtemp                     (abs)        007E
wtemp0                    (abs)        007E
wtemp1                    (abs)        0080
wtemp2                    (abs)        0082
wtemp3                    (abs)        0084
wtemp4                    (abs)        0086
wtemp5                    (abs)        0088
wtemp6                    (abs)        007F


FUNCTION INFORMATION:

 *************** function _main *****************
 Defined at:
		line 24 in file "i2c_driver.c"
 Parameters:    Size  Location     Type
		None
 Auto vars:     Size  Location     Type
  i               1    1[BANK1 ] unsigned char 
  status          1    0[BANK1 ] unsigned char 
 Return value:  Size  Location     Type
		None               void
 Registers used:
		wreg, fsr0l, fsr0h, status,2, status,0, btemp+1, pclath, cstack
 Tracked objects:
		On entry : 
		On exit  : 
		Unchanged: 
 Data sizes:     COMMON   BANK0   BANK1   BANK3   BANK2
      Params:         0       0       0       0       0
      Locals:         0       0       2       0       0
      Temps:          0      13       0       0       0
      Totals:         0      13       2       0       0
Total ram usage:       15 bytes
 Hardware stack levels required when called:    4
 This function calls:
		_dec_year
		_delay
		_hex2char
		_i2c_master_init
		_inc_year
		_lcd_cmnt
		_lcd_init
		_master_rx
		_master_tx
		_master_tx_write
		_sprintf
		_uart_lcd_update
 This function is called by:
		Startup code after reset
 This function uses a non-reentrant model


 *************** function _uart_lcd_update *****************
 Defined at:
		line 43 in file "lcd_driver.c"
 Parameters:    Size  Location     Type
  data            1    wreg     PTR unsigned char 
		 -> lcd_msg1(16), lcd_msg(16), 
  len             1    8[BANK0 ] unsigned char 
 Auto vars:     Size  Location     Type
  data            1   10[BANK0 ] PTR unsigned char 
		 -> lcd_msg1(16), lcd_msg(16), 
  i               2   11[BANK0 ] int 
 Return value:  Size  Location     Type
		None               void
 Registers used:
		wreg, fsr0l, fsr0h, status,2, status,0, pclath, cstack
 Tracked objects:
		On entry : 
		On exit  : 
		Unchanged: 
 Data sizes:     COMMON   BANK0   BANK1   BANK3   BANK2
      Params:         0       1       0       0       0
      Locals:         0       3       0       0       0
      Temps:          0       1       0       0       0
      Totals:         0       5       0       0       0
Total ram usage:        5 bytes
 Hardware stack levels used:    1
 Hardware stack levels required when called:    3
 This function calls:
		_lcd_data
 This function is called by:
		_main
 This function uses a non-reentrant model


 *************** function _lcd_data *****************
 Defined at:
		line 35 in file "lcd_driver.c"
 Parameters:    Size  Location     Type
  data            1    wreg     unsigned char 
 Auto vars:     Size  Location     Type
  data            1    7[BANK0 ] unsigned char 
 Return value:  Size  Location     Type
		None               void
 Registers used:
		wreg, status,2, status,0, pclath, cstack
 Tracked objects:
		On entry : 
		On exit  : 
		Unchanged: 
 Data sizes:     COMMON   BANK0   BANK1   BANK3   BANK2
      Params:         0       0       0       0       0
      Locals:         0       1       0       0       0
      Temps:          0       0       0       0       0
      Totals:         0       1       0       0       0
Total ram usage:        1 bytes
 Hardware stack levels used:    1
 Hardware stack levels required when called:    2
 This function calls:
		_delay
 This function is called by:
		_uart_lcd_update
 This function uses a non-reentrant model


 *************** function _sprintf *****************
 Defined at:
		line 492 in file "C:\Program Files (x86)\Microchip\xc8\v1.32\sources\common\doprnt.c"
 Parameters:    Size  Location     Type
  sp              1    wreg     PTR unsigned char 
		 -> lcd_msg1(16), lcd_msg(16), 
  f               1   14[BANK0 ] PTR const unsigned char 
		 -> STR_3(23), STR_2(23), STR_1(23), 
 Auto vars:     Size  Location     Type
  sp              1   37[BANK0 ] PTR unsigned char 
		 -> lcd_msg1(16), lcd_msg(16), 
  _val            4   33[BANK0 ] struct .
  c               1   38[BANK0 ] char 
  prec            1   32[BANK0 ] char 
  flag            1   31[BANK0 ] unsigned char 
  ap              1   30[BANK0 ] PTR void [1]
		 -> ?_sprintf(2), 
 Return value:  Size  Location     Type
                  2   14[BANK0 ] int 
 Registers used:
		wreg, fsr0l, fsr0h, status,2, status,0, btemp+1, pclath, cstack
 Tracked objects:
		On entry : 
		On exit  : 
		Unchanged: 
 Data sizes:     COMMON   BANK0   BANK1   BANK3   BANK2
      Params:         0      13       0       0       0
      Locals:         0       9       0       0       0
      Temps:          0       3       0       0       0
      Totals:         0      25       0       0       0
Total ram usage:       25 bytes
 Hardware stack levels used:    1
 Hardware stack levels required when called:    2
 This function calls:
		___lwdiv
		___lwmod
 This function is called by:
		_main
 This function uses a non-reentrant model


 *************** function ___lwmod *****************
 Defined at:
		line 6 in file "C:\Program Files (x86)\Microchip\xc8\v1.32\sources\common\lwmod.c"
 Parameters:    Size  Location     Type
  divisor         2    8[BANK0 ] unsigned int 
  dividend        2   10[BANK0 ] unsigned int 
 Auto vars:     Size  Location     Type
  counter         1   13[BANK0 ] unsigned char 
 Return value:  Size  Location     Type
                  2    8[BANK0 ] unsigned int 
 Registers used:
		wreg, status,2, status,0
 Tracked objects:
		On entry : 
		On exit  : 
		Unchanged: 
 Data sizes:     COMMON   BANK0   BANK1   BANK3   BANK2
      Params:         0       4       0       0       0
      Locals:         0       1       0       0       0
      Temps:          0       1       0       0       0
      Totals:         0       6       0       0       0
Total ram usage:        6 bytes
 Hardware stack levels used:    1
 Hardware stack levels required when called:    1
 This function calls:
		Nothing
 This function is called by:
		_sprintf
 This function uses a non-reentrant model


 *************** function ___lwdiv *****************
 Defined at:
		line 6 in file "C:\Program Files (x86)\Microchip\xc8\v1.32\sources\common\lwdiv.c"
 Parameters:    Size  Location     Type
  divisor         2    0[BANK0 ] unsigned int 
  dividend        2    2[BANK0 ] unsigned int 
 Auto vars:     Size  Location     Type
  quotient        2    6[BANK0 ] unsigned int 
  counter         1    5[BANK0 ] unsigned char 
 Return value:  Size  Location     Type
                  2    0[BANK0 ] unsigned int 
 Registers used:
		wreg, status,2, status,0
 Tracked objects:
		On entry : 
		On exit  : 
		Unchanged: 
 Data sizes:     COMMON   BANK0   BANK1   BANK3   BANK2
      Params:         0       4       0       0       0
      Locals:         0       3       0       0       0
      Temps:          0       1       0       0       0
      Totals:         0       8       0       0       0
Total ram usage:        8 bytes
 Hardware stack levels used:    1
 Hardware stack levels required when called:    1
 This function calls:
		Nothing
 This function is called by:
		_sprintf
 This function uses a non-reentrant model


 *************** function _master_tx_write *****************
 Defined at:
		line 262 in file "i2c_driver.c"
 Parameters:    Size  Location     Type
  i2c_pkt         1    wreg     PTR struct packet
		 -> i2c_pkt(3), 
 Auto vars:     Size  Location     Type
  i2c_pkt         1    4[BANK0 ] PTR struct packet
		 -> i2c_pkt(3), 
 Return value:  Size  Location     Type
                  1    wreg      unsigned char 
 Registers used:
		wreg, fsr0l, fsr0h, status,2, status,0, pclath, cstack
 Tracked objects:
		On entry : 
		On exit  : 
		Unchanged: 
 Data sizes:     COMMON   BANK0   BANK1   BANK3   BANK2
      Params:         0       0       0       0       0
      Locals:         0       1       0       0       0
      Temps:          0       1       0       0       0
      Totals:         0       2       0       0       0
Total ram usage:        2 bytes
 Hardware stack levels used:    1
 Hardware stack levels required when called:    2
 This function calls:
		_char2int
 This function is called by:
		_main
 This function uses a non-reentrant model


 *************** function _char2int *****************
 Defined at:
		line 344 in file "i2c_driver.c"
 Parameters:    Size  Location     Type
  in              1    wreg     PTR unsigned char 
		 -> year(2), 
 Auto vars:     Size  Location     Type
  in              1    2[BANK0 ] PTR unsigned char 
		 -> year(2), 
 Return value:  Size  Location     Type
                  1    wreg      unsigned char 
 Registers used:
		wreg, fsr0l, fsr0h, status,2, status,0
 Tracked objects:
		On entry : 
		On exit  : 
		Unchanged: 
 Data sizes:     COMMON   BANK0   BANK1   BANK3   BANK2
      Params:         0       0       0       0       0
      Locals:         0       1       0       0       0
      Temps:          0       2       0       0       0
      Totals:         0       3       0       0       0
Total ram usage:        3 bytes
 Hardware stack levels used:    1
 Hardware stack levels required when called:    1
 This function calls:
		Nothing
 This function is called by:
		_master_tx_write
 This function uses a non-reentrant model


 *************** function _master_tx *****************
 Defined at:
		line 158 in file "i2c_driver.c"
 Parameters:    Size  Location     Type
  i2c_pkt         1    wreg     PTR struct packet
		 -> i2c_pkt(3), 
 Auto vars:     Size  Location     Type
  i2c_pkt         1    1[BANK0 ] PTR struct packet
		 -> i2c_pkt(3), 
 Return value:  Size  Location     Type
                  1    wreg      unsigned char 
 Registers used:
		wreg, fsr0l, fsr0h, status,2, status,0
 Tracked objects:
		On entry : 
		On exit  : 
		Unchanged: 
 Data sizes:     COMMON   BANK0   BANK1   BANK3   BANK2
      Params:         0       0       0       0       0
      Locals:         0       1       0       0       0
      Temps:          0       1       0       0       0
      Totals:         0       2       0       0       0
Total ram usage:        2 bytes
 Hardware stack levels used:    1
 Hardware stack levels required when called:    1
 This function calls:
		Nothing
 This function is called by:
		_main
 This function uses a non-reentrant model


 *************** function _master_rx *****************
 Defined at:
		line 191 in file "i2c_driver.c"
 Parameters:    Size  Location     Type
  i2c_pkt         1    wreg     PTR struct packet
		 -> i2c_pkt(3), 
  rx_time         1    0[BANK0 ] PTR unsigned char 
		 -> NULL(0), local_time(7), 
 Auto vars:     Size  Location     Type
  i2c_pkt         1    2[BANK0 ] PTR struct packet
		 -> i2c_pkt(3), 
 Return value:  Size  Location     Type
                  1    wreg      unsigned char 
 Registers used:
		wreg, fsr0l, fsr0h, status,2, status,0
 Tracked objects:
		On entry : 
		On exit  : 
		Unchanged: 
 Data sizes:     COMMON   BANK0   BANK1   BANK3   BANK2
      Params:         0       1       0       0       0
      Locals:         0       1       0       0       0
      Temps:          0       1       0       0       0
      Totals:         0       3       0       0       0
Total ram usage:        3 bytes
 Hardware stack levels used:    1
 Hardware stack levels required when called:    1
 This function calls:
		Nothing
 This function is called by:
		_main
 This function uses a non-reentrant model


 *************** function _lcd_init *****************
 Defined at:
		line 17 in file "lcd_driver.c"
 Parameters:    Size  Location     Type
		None
 Auto vars:     Size  Location     Type
		None
 Return value:  Size  Location     Type
		None               void
 Registers used:
		wreg, status,2, status,0, pclath, cstack
 Tracked objects:
		On entry : 
		On exit  : 
		Unchanged: 
 Data sizes:     COMMON   BANK0   BANK1   BANK3   BANK2
      Params:         0       0       0       0       0
      Locals:         0       0       0       0       0
      Temps:          0       0       0       0       0
      Totals:         0       0       0       0       0
Total ram usage:        0 bytes
 Hardware stack levels used:    1
 Hardware stack levels required when called:    3
 This function calls:
		_lcd_cmnt
 This function is called by:
		_main
 This function uses a non-reentrant model


 *************** function _lcd_cmnt *****************
 Defined at:
		line 28 in file "lcd_driver.c"
 Parameters:    Size  Location     Type
  cmnt            1    wreg     unsigned char 
 Auto vars:     Size  Location     Type
  cmnt            1    7[BANK0 ] unsigned char 
 Return value:  Size  Location     Type
		None               void
 Registers used:
		wreg, status,2, status,0, pclath, cstack
 Tracked objects:
		On entry : 
		On exit  : 
		Unchanged: 
 Data sizes:     COMMON   BANK0   BANK1   BANK3   BANK2
      Params:         0       0       0       0       0
      Locals:         0       1       0       0       0
      Temps:          0       0       0       0       0
      Totals:         0       1       0       0       0
Total ram usage:        1 bytes
 Hardware stack levels used:    1
 Hardware stack levels required when called:    2
 This function calls:
		_delay
 This function is called by:
		_main
		_lcd_init
 This function uses a non-reentrant model


 *************** function _delay *****************
 Defined at:
		line 53 in file "lcd_driver.c"
 Parameters:    Size  Location     Type
  x               2    0[BANK0 ] int 
 Auto vars:     Size  Location     Type
  j               2    5[BANK0 ] int 
  i               2    3[BANK0 ] int 
 Return value:  Size  Location     Type
		None               void
 Registers used:
		wreg, status,2
 Tracked objects:
		On entry : 
		On exit  : 
		Unchanged: 
 Data sizes:     COMMON   BANK0   BANK1   BANK3   BANK2
      Params:         0       2       0       0       0
      Locals:         0       4       0       0       0
      Temps:          0       1       0       0       0
      Totals:         0       7       0       0       0
Total ram usage:        7 bytes
 Hardware stack levels used:    1
 Hardware stack levels required when called:    1
 This function calls:
		Nothing
 This function is called by:
		_main
		_lcd_cmnt
		_lcd_data
 This function uses a non-reentrant model


 *************** function _inc_year *****************
 Defined at:
		line 351 in file "i2c_driver.c"
 Parameters:    Size  Location     Type
  data_ptr        1    wreg     PTR unsigned char 
		 -> year(2), 
 Auto vars:     Size  Location     Type
  data_ptr        1    1[BANK0 ] PTR unsigned char 
		 -> year(2), 
 Return value:  Size  Location     Type
		None               void
 Registers used:
		wreg, fsr0l, fsr0h, status,2, status,0
 Tracked objects:
		On entry : 
		On exit  : 
		Unchanged: 
 Data sizes:     COMMON   BANK0   BANK1   BANK3   BANK2
      Params:         0       0       0       0       0
      Locals:         0       1       0       0       0
      Temps:          0       1       0       0       0
      Totals:         0       2       0       0       0
Total ram usage:        2 bytes
 Hardware stack levels used:    1
 Hardware stack levels required when called:    1
 This function calls:
		Nothing
 This function is called by:
		_main
 This function uses a non-reentrant model


 *************** function _i2c_master_init *****************
 Defined at:
		line 124 in file "i2c_driver.c"
 Parameters:    Size  Location     Type
		None
 Auto vars:     Size  Location     Type
		None
 Return value:  Size  Location     Type
		None               void
 Registers used:
		wreg
 Tracked objects:
		On entry : 
		On exit  : 
		Unchanged: 
 Data sizes:     COMMON   BANK0   BANK1   BANK3   BANK2
      Params:         0       0       0       0       0
      Locals:         0       0       0       0       0
      Temps:          0       0       0       0       0
      Totals:         0       0       0       0       0
Total ram usage:        0 bytes
 Hardware stack levels used:    1
 Hardware stack levels required when called:    1
 This function calls:
		Nothing
 This function is called by:
		_main
 This function uses a non-reentrant model


 *************** function _hex2char *****************
 Defined at:
		line 332 in file "i2c_driver.c"
 Parameters:    Size  Location     Type
  in              1    wreg     unsigned char 
  out             1    0[BANK0 ] PTR unsigned char 
		 -> year(2), month(2), date(2), sec(2), 
		 -> min(2), hour(2), 
 Auto vars:     Size  Location     Type
  in              1    3[BANK0 ] unsigned char 
 Return value:  Size  Location     Type
		None               void
 Registers used:
		wreg, fsr0l, fsr0h, status,2, status,0
 Tracked objects:
		On entry : 
		On exit  : 
		Unchanged: 
 Data sizes:     COMMON   BANK0   BANK1   BANK3   BANK2
      Params:         0       1       0       0       0
      Locals:         0       1       0       0       0
      Temps:          0       2       0       0       0
      Totals:         0       4       0       0       0
Total ram usage:        4 bytes
 Hardware stack levels used:    1
 Hardware stack levels required when called:    1
 This function calls:
		Nothing
 This function is called by:
		_main
 This function uses a non-reentrant model


 *************** function _dec_year *****************
 Defined at:
		line 372 in file "i2c_driver.c"
 Parameters:    Size  Location     Type
  data_ptr        1    wreg     PTR unsigned char 
		 -> year(2), 
 Auto vars:     Size  Location     Type
  data_ptr        1    1[BANK0 ] PTR unsigned char 
		 -> year(2), 
 Return value:  Size  Location     Type
		None               void
 Registers used:
		wreg, fsr0l, fsr0h, status,2, status,0
 Tracked objects:
		On entry : 
		On exit  : 
		Unchanged: 
 Data sizes:     COMMON   BANK0   BANK1   BANK3   BANK2
      Params:         0       0       0       0       0
      Locals:         0       1       0       0       0
      Temps:          0       1       0       0       0
      Totals:         0       2       0       0       0
Total ram usage:        2 bytes
 Hardware stack levels used:    1
 Hardware stack levels required when called:    1
 This function calls:
		Nothing
 This function is called by:
		_main
 This function uses a non-reentrant model


 *************** function _interrupt_isr *****************
 Defined at:
		line 300 in file "i2c_driver.c"
 Parameters:    Size  Location     Type
		None
 Auto vars:     Size  Location     Type
		None
 Return value:  Size  Location     Type
		None               void
 Registers used:
		wreg, status,2, status,0
 Tracked objects:
		On entry : 
		On exit  : 
		Unchanged: 
 Data sizes:     COMMON   BANK0   BANK1   BANK3   BANK2
      Params:         0       0       0       0       0
      Locals:         0       0       0       0       0
      Temps:          6       0       0       0       0
      Totals:         6       0       0       0       0
Total ram usage:        6 bytes
 Hardware stack levels used:    1
 This function calls:
		Nothing
 This function is called by:
		Interrupt level 1
 This function uses a non-reentrant model



MODULE INFORMATION

Module		Function		Class		Link	Load	Size
C:\Program Files (x86)\Microchip\xc8\v1.32\sources\common\lwmod.c
		___lwmod       		CODE           	047F	0000	54

C:\Program Files (x86)\Microchip\xc8\v1.32\sources\common\lwmod.c estimated size: 54

C:\Program Files (x86)\Microchip\xc8\v1.32\sources\common\doprnt.c
		_sprintf       		CODE           	0200	0000	219

C:\Program Files (x86)\Microchip\xc8\v1.32\sources\common\doprnt.c estimated size: 219

lcd_driver.c
		_lcd_cmnt      		CODE           	05F6	0000	18
		_delay         		CODE           	04B5	0000	50
		_lcd_data      		CODE           	05E4	0000	18
		_uart_lcd_updat		CODE           	056C	0000	39
		_lcd_init      		CODE           	0593	0000	33

lcd_driver.c estimated size: 158

i2c_driver.c
		_dec_year      		CODE           	04E7	0000	47
		_master_rx     		CODE           	0355	0000	85
		_master_tx     		CODE           	03FE	0000	65
		_inc_year      		CODE           	0516	0000	43
		_main          		CODE           	003B	0000	453
		_hex2char      		CODE           	05B4	0000	26
		_i2c_master_ini		CODE           	0619	0000	17
		_interrupt_isr 		CODE           	0541	0000	43
		_char2int      		CODE           	05CE	0000	22
		_master_tx_writ		CODE           	03AA	0000	84

i2c_driver.c estimated size: 885

C:\Program Files (x86)\Microchip\xc8\v1.32\sources\common\lwdiv.c
		___lwdiv       		CODE           	043F	0000	64

C:\Program Files (x86)\Microchip\xc8\v1.32\sources\common\lwdiv.c estimated size: 64

shared
		__stringtab    		STRING         	0300	0000	6
		__stringdata   		STRING         	0310	0000	69
		_dpowers       		STRING         	0306	0000	10
		__initializatio		CODE           	0015	0000	34

shared estimated size: 119

