Microchip MPLAB XC8 Compiler V1.32 ()

Linker command line:

--edf=C:\Program Files (x86)\Microchip\xc8\v1.32\dat\en_msgs.txt -cs \
  -h+dist/default/production\I2c_driver.X.production.sym \
  --cmf=dist/default/production\I2c_driver.X.production.cmf -z -Q16F877A \
  -oC:\Users\Kanna\AppData\Local\Temp\s5l0.6 \
  -Mdist/default/production/I2c_driver.X.production.map -E1 -ver=XC8 \
  -ASTACK=0110h-016fh -pstack=STACK -ACONST=00h-0FFhx32 -ACODE=00h-07FFhx4 \
  -ASTRCODE=00h-01FFFh -AENTRY=00h-0FFhx32 -ASTRING=00h-0FFhx32 \
  -ACOMMON=070h-07Fh -ABANK0=020h-06Fh -ABANK1=0A0h-0EFh \
  -ABANK2=0110h-016Fh -ABANK3=0190h-01EFh \
  -ARAM=020h-06Fh,0A0h-0EFh,0110h-016Fh,0190h-01EFh \
  -AABS1=020h-07Fh,0A0h-0EFh,0110h-016Fh,0190h-01EFh -ASFR0=00h-01Fh \
  -ASFR1=080h-09Fh -ASFR2=0100h-010Fh -ASFR3=0180h-018Fh \
  -preset_vec=00h,intentry=04h,init,end_init -ppowerup=CODE -pcinit=CODE \
  -pfunctab=CODE -ACONFIG=02007h-02007h -pconfig=CONFIG -DCONFIG=2 \
  -AIDLOC=02000h-02003h -pidloc=IDLOC -DIDLOC=2 -AEEDATA=00h-0FFh/02100h \
  -peeprom_data=EEDATA -DEEDATA=2 -DCODE=2 -DSTRCODE=2 -DSTRING=2 -DCONST=2 \
  -DENTRY=2 -k C:\Users\Kanna\AppData\Local\Temp\s5l0.obj \
  dist/default/production\I2c_driver.X.production.obj 

Object code version is 3.11

Machine type is 16F877A



                Name                               Link     Load   Length Selector   Space Scale
C:\Users\Kanna\AppData\Local\Temp\s5l0.obj
                end_init                             12       12        3        8       0
                reset_vec                             0        0        3        0       0
                config                             2007     2007        1     400E       0
dist/default/production\I2c_driver.X.production.obj
                cinit                                15       15       14        8       0
                intentry                              4        4        E        8       0
                text13                              439      439       10      678       0
                text12                              428      428       11      678       0
                text11                              3EC      3EC       18      678       0
                text10                              372      372       32      678       0
                text9                               416      416       12      678       0
                text8                               3CB      3CB       21      678       0
                text7                               232      232       51        8       0
                text6                               2C3      2C3       3F        8       0
                text5                               283      283       40        8       0
                text4                               33C      33C       36      678       0
                text3                               157      157       DB        8       0
                text2                               404      404       12      678       0
                text1                               3A4      3A4       27      678       0
                maintext                             29       29      12E        8       0
                cstackBANK0                          20       20       31       20       1
                cstackCOMMON                         70       70        9       70       1
                clrtext                             449      449        8      678       0
                bssBANK1                             A0       A0       20       A0       1
                bssBANK0                             51       51       14       20       1
                bssCOMMON                            79       79        1       70       1
                nvBANK0                              65       65        3       20       1
                strings                             302      302       3A      604       0

TOTAL           Name                               Link     Load   Length     Space
        CLASS   STACK          

        CLASS   CONST          

        CLASS   CODE           
                end_init                             12       12        3         0
                cinit                                15       15       14         0
                intentry                              4        4        E         0
                reset_vec                             0        0        3         0
                text13                              439      439       10         0
                text12                              428      428       11         0
                text11                              3EC      3EC       18         0
                text10                              372      372       32         0
                text9                               416      416       12         0
                text8                               3CB      3CB       21         0
                text7                               232      232       51         0
                text6                               2C3      2C3       3F         0
                text5                               283      283       40         0
                text4                               33C      33C       36         0
                text3                               157      157       DB         0
                text2                               404      404       12         0
                text1                               3A4      3A4       27         0
                maintext                             29       29      12E         0
                clrtext                             449      449        8         0

        CLASS   STRCODE        

        CLASS   ENTRY          

        CLASS   STRING         
                strings                             302      302       3A         0

        CLASS   COMMON         
                cstackCOMMON                         70       70        9         1
                bssCOMMON                            79       79        1         1

        CLASS   BANK0          
                cstackBANK0                          20       20       31         1
                bssBANK0                             51       51       14         1
                nvBANK0                              65       65        3         1

        CLASS   BANK1          
                bssBANK1                             A0       A0       20         1

        CLASS   BANK2          

        CLASS   BANK3          

        CLASS   RAM            

        CLASS   ABS1           
                abs_s1                               7E       7E        2         1

        CLASS   SFR0           

        CLASS   SFR1           

        CLASS   SFR2           

        CLASS   SFR3           

        CLASS   CONFIG         
                config                             2007     2007        1         0

        CLASS   IDLOC          

        CLASS   EEDATA         



SEGMENTS        Name                           Load    Length   Top    Selector   Space  Class     Delta

                reset_vec                      000000  000003  000003         0       0  CODE        2
                intentry                       000004  0002FE  000302         8       0  CODE        2
                cstackBANK0                    000020  000048  000068        20       1  BANK0       1
                cstackCOMMON                   000070  00000A  00007A        70       1  COMMON      1
                bssBANK1                       0000A0  000020  0000C0        A0       1  BANK1       1
                strings                        000302  00003A  00033C       604       0  STRING      2
                text4                          00033C  000115  000451       678       0  CODE        2
                config                         002007  000001  002008      400E       0  CONFIG      2


UNUSED ADDRESS RANGES

        Name                Unused          Largest block    Delta
        BANK0            0068-006F              8           1
        BANK1            00C0-00EF             30           1
        BANK2            0110-016F             60           1
        BANK3            0190-01EF             60           1
        CODE             0003-0003              1           2
                         0451-1FFF            800
        COMMON           007A-007D              4           1
        CONST            0003-0003              1           2
                         0451-1FFF            100
        EEDATA           2100-21FF            100           2
        ENTRY            0003-0003              1           2
                         0451-1FFF            100
        IDLOC            2000-2003              4           2
        RAM              0068-006F              8           1
                         00C0-00EF             30
                         0110-016F             60
                         0190-01EF             60
        SFR0             0000-001F             20           1
        SFR1             0080-009F             20           1
        SFR2             0100-010F             10           1
        SFR3             0180-018F             10           1
        STACK            0110-016F             60           1
        STRCODE          0003-0003              1           2
                         0451-1FFF           1BAF
        STRING           0003-0003              1           2
                         0451-1FFF            100

                                  Symbol Table

?___lwdiv                 cstackCOMMON 0074
?___lwmod                 cstackBANK0  0023
?_sprintf                 cstackBANK0  0029
_ACKDT                    (abs)        048D
_ACKEN                    (abs)        048C
_ADCON1                   (abs)        009F
_BCLIE                    (abs)        046B
_GIE                      (abs)        005F
_INTCON                   (abs)        000B
_PEIE                     (abs)        005E
_PEN                      (abs)        048A
_PORTD                    (abs)        0008
_RCEN                     (abs)        048B
_RE0                      (abs)        0048
_RE1                      (abs)        0049
_RSEN                     (abs)        0489
_SEN                      (abs)        0488
_SSPADD                   (abs)        0093
_SSPBUF                   (abs)        0013
_SSPCON                   (abs)        0014
_SSPCON2                  (abs)        0091
_SSPEN                    (abs)        00A5
_SSPIE                    (abs)        0463
_SSPIF                    (abs)        0063
_SSPSTAT                  (abs)        0094
_TRISB                    (abs)        0086
_TRISC3                   (abs)        043B
_TRISC4                   (abs)        043C
_TRISD                    (abs)        0088
_TRISE                    (abs)        0089
__CFG_BOREN$OFF           (abs)        0000
__CFG_CP$ON               (abs)        0000
__CFG_CPD$ON              (abs)        0000
__CFG_DEBUG$ON            (abs)        0000
__CFG_FOSC$LP             (abs)        0000
__CFG_LVP$OFF             (abs)        0000
__CFG_PWRTE$ON            (abs)        0000
__CFG_WDTE$OFF            (abs)        0000
__CFG_WRT$HALF            (abs)        0000
__Habs1                   abs1         0000
__Hbank0                  bank0        0000
__Hbank1                  bank1        0000
__Hbank2                  bank2        0000
__Hbank3                  bank3        0000
__HbssBANK0               bssBANK0     0000
__HbssBANK1               bssBANK1     0000
__HbssCOMMON              bssCOMMON    0000
__Hcinit                  cinit        0029
__Hclrtext                clrtext      0000
__Hcode                   code         0000
__Hcommon                 common       0000
__Hconfig                 config       2008
__HcstackBANK0            cstackBANK0  0000
__HcstackCOMMON           cstackCOMMON 0000
__Heeprom_data            eeprom_data  0000
__Hend_init               end_init     0015
__Hfunctab                functab      0000
__Hidloc                  idloc        0000
__Hinit                   init         0012
__Hintentry               intentry     0012
__Hmaintext               maintext     0000
__HnvBANK0                nvBANK0      0000
__Hpowerup                powerup      0000
__Hram                    ram          0000
__Hreset_vec              reset_vec    0003
__Hsfr0                   sfr0         0000
__Hsfr1                   sfr1         0000
__Hsfr2                   sfr2         0000
__Hsfr3                   sfr3         0000
__Hspace_0                (abs)        2008
__Hspace_1                (abs)        00C0
__Hspace_2                (abs)        0000
__Hspace_3                (abs)        0000
__Hstack                  stack        0000
__Hstrings                strings      0000
__Htext                   text         0000
__Labs1                   abs1         0000
__Lbank0                  bank0        0000
__Lbank1                  bank1        0000
__Lbank2                  bank2        0000
__Lbank3                  bank3        0000
__LbssBANK0               bssBANK0     0000
__LbssBANK1               bssBANK1     0000
__LbssCOMMON              bssCOMMON    0000
__Lcinit                  cinit        0015
__Lclrtext                clrtext      0000
__Lcode                   code         0000
__Lcommon                 common       0000
__Lconfig                 config       2007
__LcstackBANK0            cstackBANK0  0000
__LcstackCOMMON           cstackCOMMON 0000
__Leeprom_data            eeprom_data  0000
__Lend_init               end_init     0012
__Lfunctab                functab      0000
__Lidloc                  idloc        0000
__Linit                   init         0012
__Lintentry               intentry     0004
__Lmaintext               maintext     0000
__LnvBANK0                nvBANK0      0000
__Lpowerup                powerup      0000
__Lram                    ram          0000
__Lreset_vec              reset_vec    0000
__Lsfr0                   sfr0         0000
__Lsfr1                   sfr1         0000
__Lsfr2                   sfr2         0000
__Lsfr3                   sfr3         0000
__Lspace_0                (abs)        0000
__Lspace_1                (abs)        0000
__Lspace_2                (abs)        0000
__Lspace_3                (abs)        0000
__Lstack                  stack        0000
__Lstrings                strings      0000
__Ltext                   text         0000
__S0                      (abs)        2008
__S1                      (abs)        00C0
__S2                      (abs)        0000
__S3                      (abs)        0000
___int_sp                 stack        0000
___latbits                (abs)        0002
___lwdiv                  text5        0283
___lwdiv@counter          cstackBANK0  0022
___lwdiv@dividend         cstackCOMMON 0076
___lwdiv@divisor          cstackCOMMON 0074
___lwdiv@quotient         cstackBANK0  0020
___lwmod                  text4        033C
___lwmod@counter          cstackBANK0  0028
___lwmod@dividend         cstackBANK0  0025
___lwmod@divisor          cstackBANK0  0023
___sp                     stack        0000
__end_of___lwdiv          text5        02C3
__end_of___lwmod          text4        0372
__end_of__initialization  cinit        0025
__end_of__stringdata      strings      033C
__end_of__stringtab       strings      0308
__end_of_delay            text10       03A4
__end_of_dpowers          strings      0312
__end_of_i2c_master_init  text12       0439
__end_of_int2char         text11       0404
__end_of_interrupt_isr    text13       0449
__end_of_lcd_cmnt         text9        0428
__end_of_lcd_data         text2        0416
__end_of_lcd_init         text8        03EC
__end_of_main             maintext     0157
__end_of_master_rx        text7        0283
__end_of_master_tx        text6        0302
__end_of_sprintf          text3        0232
__end_of_uart_lcd_update  text1        03CB
__initialization          cinit        0015
__pbssBANK0               bssBANK0     0051
__pbssBANK1               bssBANK1     00A0
__pbssCOMMON              bssCOMMON    0079
__pcstackBANK0            cstackBANK0  0020
__pcstackCOMMON           cstackCOMMON 0070
__pintentry               intentry     0004
__pmaintext               maintext     0029
__pnvBANK0                nvBANK0      0065
__pstrings                strings      0302
__ptext1                  text1        03A4
__ptext10                 text10       0372
__ptext11                 text11       03EC
__ptext12                 text12       0428
__ptext13                 text13       0439
__ptext2                  text2        0404
__ptext3                  text3        0157
__ptext4                  text4        033C
__ptext5                  text5        0283
__ptext6                  text6        02C3
__ptext7                  text7        0232
__ptext8                  text8        03CB
__ptext9                  text9        0416
__size_of___lwdiv         (abs)        0000
__size_of___lwmod         (abs)        0000
__size_of_delay           (abs)        0000
__size_of_i2c_master_init (abs)        0000
__size_of_int2char        (abs)        0000
__size_of_interrupt_isr   (abs)        0000
__size_of_lcd_cmnt        (abs)        0000
__size_of_lcd_data        (abs)        0000
__size_of_lcd_init        (abs)        0000
__size_of_main            (abs)        0000
__size_of_master_rx       (abs)        0000
__size_of_master_tx       (abs)        0000
__size_of_sprintf         (abs)        0000
__size_of_uart_lcd_update (abs)        0000
__stringbase              strings      0307
__stringdata              strings      0312
__stringtab               strings      0302
_date                     bssBANK0     0059
_day                      bssCOMMON    0079
_delay                    text10       0372
_dpowers                  strings      0308
_hour                     bssBANK0     005B
_i2c_master_init          text12       0428
_i2c_pkt                  nvBANK0      0065
_int2char                 text11       03EC
_interrupt_isr            text13       0439
_lcd_cmnt                 text9        0416
_lcd_data                 text2        0404
_lcd_init                 text8        03CB
_lcd_msg                  bssBANK1     00A0
_lcd_msg1                 bssBANK1     00B0
_local_time               bssBANK0     0052
_main                     maintext     0029
_master_rx                text7        0232
_master_tx                text6        02C3
_min                      bssBANK0     005D
_month                    bssBANK0     005F
_sec                      bssBANK0     0061
_sprintf                  text3        0157
_timer                    bssBANK0     0051
_uart_lcd_update          text1        03A4
_year                     bssBANK0     0063
btemp                     (abs)        007E
clear_ram0                clrtext      0449
delay@i                   cstackBANK0  0020
delay@j                   cstackBANK0  0022
delay@x                   cstackCOMMON 0074
end_of_initialization     cinit        0025
int2char@in               cstackCOMMON 0077
int2char@out              cstackCOMMON 0074
interrupt_function        intentry     0004
intlevel0                 functab      0000
intlevel1                 functab      0000
intlevel2                 functab      0000
intlevel3                 functab      0000
intlevel4                 functab      0000
intlevel5                 functab      0000
lcd_cmnt@cmnt             cstackCOMMON 0077
lcd_data@data             cstackCOMMON 0077
ltemp                     (abs)        007E
ltemp0                    (abs)        007E
ltemp1                    (abs)        0082
ltemp2                    (abs)        0086
ltemp3                    (abs)        0080
main@i                    cstackBANK0  004F
master_rx@i2c_pkt         cstackCOMMON 0076
master_rx@rx_time         cstackCOMMON 0074
master_tx@i2c_pkt         cstackCOMMON 0075
reset_vec                 reset_vec    0000
saved_w                   (abs)        007E
sprintf@_val              cstackBANK0  003C
sprintf@ap                cstackBANK0  0039
sprintf@c                 cstackBANK0  0041
sprintf@f                 cstackBANK0  0029
sprintf@flag              cstackBANK0  003A
sprintf@prec              cstackBANK0  003B
sprintf@sp                cstackBANK0  0040
stackhi                   (abs)        0000
stacklo                   (abs)        0000
start                     init         0012
start_initialization      cinit        0015
ttemp                     (abs)        007E
ttemp0                    (abs)        007E
ttemp1                    (abs)        0081
ttemp2                    (abs)        0084
ttemp3                    (abs)        0087
ttemp4                    (abs)        007F
uart_lcd_update@data      cstackBANK0  0025
uart_lcd_update@i         cstackBANK0  0026
uart_lcd_update@len       cstackCOMMON 0078
wtemp                     (abs)        007E
wtemp0                    (abs)        007E
wtemp1                    (abs)        0080
wtemp2                    (abs)        0082
wtemp3                    (abs)        0084
wtemp4                    (abs)        0086
wtemp5                    (abs)        0088
wtemp6                    (abs)        007F


FUNCTION INFORMATION:

 *************** function _main *****************
 Defined at:
		line 21 in file "i2c_driver.c"
 Parameters:    Size  Location     Type
		None
 Auto vars:     Size  Location     Type
  i               2   47[BANK0 ] int 
 Return value:  Size  Location     Type
		None               void
 Registers used:
		wreg, fsr0l, fsr0h, status,2, status,0, btemp+1, pclath, cstack
 Tracked objects:
		On entry : 
		On exit  : 
		Unchanged: 
 Data sizes:     COMMON   BANK0   BANK1   BANK3   BANK2
      Params:         0       0       0       0       0
      Locals:         0       2       0       0       0
      Temps:          0      13       0       0       0
      Totals:         0      15       0       0       0
Total ram usage:       15 bytes
 Hardware stack levels required when called:    4
 This function calls:
		_i2c_master_init
		_int2char
		_lcd_cmnt
		_lcd_init
		_master_rx
		_master_tx
		_sprintf
		_uart_lcd_update
 This function is called by:
		Startup code after reset
 This function uses a non-reentrant model


 *************** function _uart_lcd_update *****************
 Defined at:
		line 43 in file "lcd_driver.c"
 Parameters:    Size  Location     Type
  data            1    wreg     PTR unsigned char 
		 -> lcd_msg1(16), lcd_msg(16), 
  len             1    8[COMMON] unsigned char 
 Auto vars:     Size  Location     Type
  data            1    5[BANK0 ] PTR unsigned char 
		 -> lcd_msg1(16), lcd_msg(16), 
  i               2    6[BANK0 ] int 
 Return value:  Size  Location     Type
		None               void
 Registers used:
		wreg, fsr0l, fsr0h, status,2, status,0, pclath, cstack
 Tracked objects:
		On entry : 
		On exit  : 
		Unchanged: 
 Data sizes:     COMMON   BANK0   BANK1   BANK3   BANK2
      Params:         1       0       0       0       0
      Locals:         0       3       0       0       0
      Temps:          0       1       0       0       0
      Totals:         1       4       0       0       0
Total ram usage:        5 bytes
 Hardware stack levels used:    1
 Hardware stack levels required when called:    3
 This function calls:
		_lcd_data
 This function is called by:
		_main
 This function uses a non-reentrant model


 *************** function _lcd_data *****************
 Defined at:
		line 35 in file "lcd_driver.c"
 Parameters:    Size  Location     Type
  data            1    wreg     unsigned char 
 Auto vars:     Size  Location     Type
  data            1    7[COMMON] unsigned char 
 Return value:  Size  Location     Type
		None               void
 Registers used:
		wreg, status,2, status,0, pclath, cstack
 Tracked objects:
		On entry : 
		On exit  : 
		Unchanged: 
 Data sizes:     COMMON   BANK0   BANK1   BANK3   BANK2
      Params:         0       0       0       0       0
      Locals:         1       0       0       0       0
      Temps:          0       0       0       0       0
      Totals:         1       0       0       0       0
Total ram usage:        1 bytes
 Hardware stack levels used:    1
 Hardware stack levels required when called:    2
 This function calls:
		_delay
 This function is called by:
		_uart_lcd_update
 This function uses a non-reentrant model


 *************** function _sprintf *****************
 Defined at:
		line 492 in file "C:\Program Files (x86)\Microchip\xc8\v1.32\sources\common\doprnt.c"
 Parameters:    Size  Location     Type
  sp              1    wreg     PTR unsigned char 
		 -> lcd_msg1(16), lcd_msg(16), 
  f               1    9[BANK0 ] PTR const unsigned char 
		 -> STR_2(21), STR_1(21), 
 Auto vars:     Size  Location     Type
  sp              1   32[BANK0 ] PTR unsigned char 
		 -> lcd_msg1(16), lcd_msg(16), 
  _val            4   28[BANK0 ] struct .
  c               1   33[BANK0 ] char 
  prec            1   27[BANK0 ] char 
  flag            1   26[BANK0 ] unsigned char 
  ap              1   25[BANK0 ] PTR void [1]
		 -> ?_sprintf(2), 
 Return value:  Size  Location     Type
                  2    9[BANK0 ] int 
 Registers used:
		wreg, fsr0l, fsr0h, status,2, status,0, btemp+1, pclath, cstack
 Tracked objects:
		On entry : 
		On exit  : 
		Unchanged: 
 Data sizes:     COMMON   BANK0   BANK1   BANK3   BANK2
      Params:         0      13       0       0       0
      Locals:         0       9       0       0       0
      Temps:          0       3       0       0       0
      Totals:         0      25       0       0       0
Total ram usage:       25 bytes
 Hardware stack levels used:    1
 Hardware stack levels required when called:    2
 This function calls:
		___lwdiv
		___lwmod
 This function is called by:
		_main
 This function uses a non-reentrant model


 *************** function ___lwmod *****************
 Defined at:
		line 6 in file "C:\Program Files (x86)\Microchip\xc8\v1.32\sources\common\lwmod.c"
 Parameters:    Size  Location     Type
  divisor         2    3[BANK0 ] unsigned int 
  dividend        2    5[BANK0 ] unsigned int 
 Auto vars:     Size  Location     Type
  counter         1    8[BANK0 ] unsigned char 
 Return value:  Size  Location     Type
                  2    3[BANK0 ] unsigned int 
 Registers used:
		wreg, status,2, status,0
 Tracked objects:
		On entry : 
		On exit  : 
		Unchanged: 
 Data sizes:     COMMON   BANK0   BANK1   BANK3   BANK2
      Params:         0       4       0       0       0
      Locals:         0       1       0       0       0
      Temps:          0       1       0       0       0
      Totals:         0       6       0       0       0
Total ram usage:        6 bytes
 Hardware stack levels used:    1
 Hardware stack levels required when called:    1
 This function calls:
		Nothing
 This function is called by:
		_sprintf
 This function uses a non-reentrant model


 *************** function ___lwdiv *****************
 Defined at:
		line 6 in file "C:\Program Files (x86)\Microchip\xc8\v1.32\sources\common\lwdiv.c"
 Parameters:    Size  Location     Type
  divisor         2    4[COMMON] unsigned int 
  dividend        2    6[COMMON] unsigned int 
 Auto vars:     Size  Location     Type
  quotient        2    0[BANK0 ] unsigned int 
  counter         1    2[BANK0 ] unsigned char 
 Return value:  Size  Location     Type
                  2    4[COMMON] unsigned int 
 Registers used:
		wreg, status,2, status,0
 Tracked objects:
		On entry : 
		On exit  : 
		Unchanged: 
 Data sizes:     COMMON   BANK0   BANK1   BANK3   BANK2
      Params:         4       0       0       0       0
      Locals:         0       3       0       0       0
      Temps:          1       0       0       0       0
      Totals:         5       3       0       0       0
Total ram usage:        8 bytes
 Hardware stack levels used:    1
 Hardware stack levels required when called:    1
 This function calls:
		Nothing
 This function is called by:
		_sprintf
 This function uses a non-reentrant model


 *************** function _master_tx *****************
 Defined at:
		line 108 in file "i2c_driver.c"
 Parameters:    Size  Location     Type
  i2c_pkt         1    wreg     PTR struct packet
		 -> i2c_pkt(3), 
 Auto vars:     Size  Location     Type
  i2c_pkt         1    5[COMMON] PTR struct packet
		 -> i2c_pkt(3), 
 Return value:  Size  Location     Type
                  1    wreg      unsigned char 
 Registers used:
		wreg, fsr0l, fsr0h, status,2, status,0
 Tracked objects:
		On entry : 
		On exit  : 
		Unchanged: 
 Data sizes:     COMMON   BANK0   BANK1   BANK3   BANK2
      Params:         0       0       0       0       0
      Locals:         1       0       0       0       0
      Temps:          1       0       0       0       0
      Totals:         2       0       0       0       0
Total ram usage:        2 bytes
 Hardware stack levels used:    1
 Hardware stack levels required when called:    1
 This function calls:
		Nothing
 This function is called by:
		_main
 This function uses a non-reentrant model


 *************** function _master_rx *****************
 Defined at:
		line 138 in file "i2c_driver.c"
 Parameters:    Size  Location     Type
  i2c_pkt         1    wreg     PTR struct packet
		 -> i2c_pkt(3), 
  rx_time         1    4[COMMON] PTR unsigned char 
		 -> NULL(0), local_time(7), 
 Auto vars:     Size  Location     Type
  i2c_pkt         1    6[COMMON] PTR struct packet
		 -> i2c_pkt(3), 
 Return value:  Size  Location     Type
                  1    wreg      unsigned char 
 Registers used:
		wreg, fsr0l, fsr0h, status,2, status,0
 Tracked objects:
		On entry : 
		On exit  : 
		Unchanged: 
 Data sizes:     COMMON   BANK0   BANK1   BANK3   BANK2
      Params:         1       0       0       0       0
      Locals:         1       0       0       0       0
      Temps:          1       0       0       0       0
      Totals:         3       0       0       0       0
Total ram usage:        3 bytes
 Hardware stack levels used:    1
 Hardware stack levels required when called:    1
 This function calls:
		Nothing
 This function is called by:
		_main
 This function uses a non-reentrant model


 *************** function _lcd_init *****************
 Defined at:
		line 17 in file "lcd_driver.c"
 Parameters:    Size  Location     Type
		None
 Auto vars:     Size  Location     Type
		None
 Return value:  Size  Location     Type
		None               void
 Registers used:
		wreg, status,2, status,0, pclath, cstack
 Tracked objects:
		On entry : 
		On exit  : 
		Unchanged: 
 Data sizes:     COMMON   BANK0   BANK1   BANK3   BANK2
      Params:         0       0       0       0       0
      Locals:         0       0       0       0       0
      Temps:          0       0       0       0       0
      Totals:         0       0       0       0       0
Total ram usage:        0 bytes
 Hardware stack levels used:    1
 Hardware stack levels required when called:    3
 This function calls:
		_lcd_cmnt
 This function is called by:
		_main
 This function uses a non-reentrant model


 *************** function _lcd_cmnt *****************
 Defined at:
		line 28 in file "lcd_driver.c"
 Parameters:    Size  Location     Type
  cmnt            1    wreg     unsigned char 
 Auto vars:     Size  Location     Type
  cmnt            1    7[COMMON] unsigned char 
 Return value:  Size  Location     Type
		None               void
 Registers used:
		wreg, status,2, status,0, pclath, cstack
 Tracked objects:
		On entry : 
		On exit  : 
		Unchanged: 
 Data sizes:     COMMON   BANK0   BANK1   BANK3   BANK2
      Params:         0       0       0       0       0
      Locals:         1       0       0       0       0
      Temps:          0       0       0       0       0
      Totals:         1       0       0       0       0
Total ram usage:        1 bytes
 Hardware stack levels used:    1
 Hardware stack levels required when called:    2
 This function calls:
		_delay
 This function is called by:
		_main
		_lcd_init
 This function uses a non-reentrant model


 *************** function _delay *****************
 Defined at:
		line 53 in file "lcd_driver.c"
 Parameters:    Size  Location     Type
  x               2    4[COMMON] int 
 Auto vars:     Size  Location     Type
  j               2    2[BANK0 ] int 
  i               2    0[BANK0 ] int 
 Return value:  Size  Location     Type
		None               void
 Registers used:
		wreg, status,2
 Tracked objects:
		On entry : 
		On exit  : 
		Unchanged: 
 Data sizes:     COMMON   BANK0   BANK1   BANK3   BANK2
      Params:         2       0       0       0       0
      Locals:         0       4       0       0       0
      Temps:          1       0       0       0       0
      Totals:         3       4       0       0       0
Total ram usage:        7 bytes
 Hardware stack levels used:    1
 Hardware stack levels required when called:    1
 This function calls:
		Nothing
 This function is called by:
		_lcd_cmnt
		_lcd_data
 This function uses a non-reentrant model


 *************** function _int2char *****************
 Defined at:
		line 222 in file "i2c_driver.c"
 Parameters:    Size  Location     Type
  in              1    wreg     unsigned char 
  out             1    4[COMMON] PTR unsigned char 
		 -> year(2), month(2), date(2), sec(2), 
		 -> min(2), hour(2), 
 Auto vars:     Size  Location     Type
  in              1    7[COMMON] unsigned char 
 Return value:  Size  Location     Type
		None               void
 Registers used:
		wreg, fsr0l, fsr0h, status,2, status,0
 Tracked objects:
		On entry : 
		On exit  : 
		Unchanged: 
 Data sizes:     COMMON   BANK0   BANK1   BANK3   BANK2
      Params:         1       0       0       0       0
      Locals:         1       0       0       0       0
      Temps:          2       0       0       0       0
      Totals:         4       0       0       0       0
Total ram usage:        4 bytes
 Hardware stack levels used:    1
 Hardware stack levels required when called:    1
 This function calls:
		Nothing
 This function is called by:
		_main
 This function uses a non-reentrant model


 *************** function _i2c_master_init *****************
 Defined at:
		line 75 in file "i2c_driver.c"
 Parameters:    Size  Location     Type
		None
 Auto vars:     Size  Location     Type
		None
 Return value:  Size  Location     Type
		None               void
 Registers used:
		wreg
 Tracked objects:
		On entry : 
		On exit  : 
		Unchanged: 
 Data sizes:     COMMON   BANK0   BANK1   BANK3   BANK2
      Params:         0       0       0       0       0
      Locals:         0       0       0       0       0
      Temps:          0       0       0       0       0
      Totals:         0       0       0       0       0
Total ram usage:        0 bytes
 Hardware stack levels used:    1
 Hardware stack levels required when called:    1
 This function calls:
		Nothing
 This function is called by:
		_main
 This function uses a non-reentrant model


 *************** function _interrupt_isr *****************
 Defined at:
		line 208 in file "i2c_driver.c"
 Parameters:    Size  Location     Type
		None
 Auto vars:     Size  Location     Type
		None
 Return value:  Size  Location     Type
		None               void
 Registers used:
		None
 Tracked objects:
		On entry : 
		On exit  : 
		Unchanged: 
 Data sizes:     COMMON   BANK0   BANK1   BANK3   BANK2
      Params:         0       0       0       0       0
      Locals:         0       0       0       0       0
      Temps:          4       0       0       0       0
      Totals:         4       0       0       0       0
Total ram usage:        4 bytes
 Hardware stack levels used:    1
 This function calls:
		Nothing
 This function is called by:
		Interrupt level 1
 This function uses a non-reentrant model



MODULE INFORMATION

Module		Function		Class		Link	Load	Size
C:\Program Files (x86)\Microchip\xc8\v1.32\sources\common\lwmod.c
		___lwmod       		CODE           	033C	0000	54

C:\Program Files (x86)\Microchip\xc8\v1.32\sources\common\lwmod.c estimated size: 54

C:\Program Files (x86)\Microchip\xc8\v1.32\sources\common\doprnt.c
		_sprintf       		CODE           	0157	0000	219

C:\Program Files (x86)\Microchip\xc8\v1.32\sources\common\doprnt.c estimated size: 219

lcd_driver.c
		_lcd_cmnt      		CODE           	0416	0000	18
		_delay         		CODE           	0372	0000	50
		_lcd_data      		CODE           	0404	0000	18
		_uart_lcd_updat		CODE           	03A4	0000	39
		_lcd_init      		CODE           	03CB	0000	33

lcd_driver.c estimated size: 158

i2c_driver.c
		_master_rx     		CODE           	0232	0000	81
		_master_tx     		CODE           	02C3	0000	63
		_main          		CODE           	0029	0000	302
		_int2char      		CODE           	03EC	0000	24
		_i2c_master_ini		CODE           	0428	0000	17
		_interrupt_isr 		CODE           	0439	0000	16

i2c_driver.c estimated size: 503

C:\Program Files (x86)\Microchip\xc8\v1.32\sources\common\lwdiv.c
		___lwdiv       		CODE           	0283	0000	64

C:\Program Files (x86)\Microchip\xc8\v1.32\sources\common\lwdiv.c estimated size: 64

shared
		__stringtab    		STRING         	0302	0000	6
		__stringdata   		STRING         	0312	0000	42
		_dpowers       		STRING         	0308	0000	10
		__initializatio		CODE           	0015	0000	16

shared estimated size: 74

