Microchip MPLAB XC8 Compiler V2.10 ()

Linker command line:

-W-3 --edf=C:\Program Files (x86)\Microchip\xc8\v2.10\pic\dat\en_msgs.txt \
  -cs -h+dist/default/production\Heating_element.X.production.sym \
  --cmf=dist/default/production\Heating_element.X.production.cmf -z \
  -Q18F4520 -oC:\Users\Kanna\AppData\Local\Temp\s4ak.2 \
  --defsym=__MPLAB_BUILD=1 \
  -Mdist/default/production/Heating_element.X.production.map -E1 -ver=XC8 \
  --acfsm=1493 -ASTACK=0442h-05FFh -pstack=STACK -ACODE=00h-07FFFh \
  -ACONST=00h-07FFFh -ASMALLCONST=0600h-06FFhx122 \
  -AMEDIUMCONST=0600h-07FFFh -ACOMRAM=01h-07Fh -AABS1=00h-05FFh \
  -ABIGRAM=01h-05FFh -ARAM=080h-0FFh,0100h-01FFhx5 -ABANK0=080h-0FFh \
  -ABANK1=0100h-01FFh -ABANK2=0200h-02FFh -ABANK3=0300h-03FFh \
  -ABANK4=0400h-04FFh -ABANK5=0500h-05FFh -ASFR=0F80h-0FFFh \
  -preset_vec=00h,intcode=08h,intcodelo,powerup,init -pramtop=0600h \
  -psmallconst=SMALLCONST -pmediumconst=MEDIUMCONST -pconst=CONST \
  -AFARRAM=00h-00h -ACONFIG=0300000h-030000Dh -pconfig=CONFIG \
  -AIDLOC=0200000h-0200007h -pidloc=IDLOC -AEEDATA=0F00000h-0F000FFh \
  -peeprom_data=EEDATA \
  -prdata=COMRAM,nvrram=COMRAM,nvbit=COMRAM,rbss=COMRAM,rbit=COMRAM \
  -pfarbss=FARRAM,fardata=FARRAM,nvFARRAM=FARRAM \
  -pintsave_regs=BIGRAM,bigbss=BIGRAM,bigdata=BIGRAM -pbss=RAM \
  -pidata=CODE,irdata=CODE,ibigdata=CODE,ifardata=CODE -prparam=COMRAM \
  C:\Users\Kanna\AppData\Local\Temp\s4ak.o \
  dist/default/production\Heating_element.X.production.o 

Object code version is 3.11

Machine type is 18F4520

Call graph: (short form)




                Name                               Link     Load   Length Selector   Space Scale
C:\Users\Kanna\AppData\Local\Temp\s4ak.o
                init                                  E        E        4        4       0
                reset_vec                             0        0        4        0       0
                idloc                            200000   200000        8   200000       0
                config                           300000   300000        E   300000       0
dist/default/production\Heating_element.X.production.o
                intcode                               8        8        6        4       0
                temp                                 79       79        1        1       1
                smallconst                          600      600       D8      300       0
                intcode_body                       21A4     21A4      12E      36C       0
                text41                             303A     303A       22      36C       0
                text40                             23D6     23D6      104      36C       0
                text39                             19FE     19FE      1B4      36C       0
                text38                             2FEA     2FEA       2A      36C       0
                text37                             2E5C     2E5C       3E      36C       0
                text36                             2E1E     2E1E       3E      36C       0
                text35                             1ECA     1ECA      176      36C       0
                text34                              D84      D84      30E      36C       0
                text33                             26A8     26A8       DA      36C       0
                text32                             3078     3078       1C      36C       0
                text31                             2B06     2B06       7E      36C       0
                text30                             3014     3014       26      36C       0
                text29                             2F46     2F46       38      36C       0
                text28                             2D00     2D00       52      36C       0
                text27                             1BB2     1BB2      190      36C       0
                text26                             1D42     1D42      188      36C       0
                text25                             2040     2040      164      36C       0
                text24                             2DDE     2DDE       40      36C       0
                text23                             3094     3094        2      36C       0
                text22                             2852     2852       CA      36C       0
                text21                             2D9A     2D9A       44      36C       0
                text20                             2FB4     2FB4       36      36C       0
                text19                             291C     291C       C2      36C       0
                text18                             1092     1092      2DE      36C       0
                text17                             25CA     25CA       DE      36C       0
                text16                             24DA     24DA       F0      36C       0
                text15                             2782     2782       D0      36C       0
                text14                             1644     1644      200      36C       0
                text13                             2E9A     2E9A       3C      36C       0
                text12                             2F0E     2F0E       38      36C       0
                text11                             2ED6     2ED6       38      36C       0
                text10                             2C50     2C50       5E      36C       0
                text9                              1370     1370      2D4      36C       0
                text8                               6D8      6D8      6AC      36C       0
                text7                              2BEE     2BEE       62      36C       0
                text6                              2CAE     2CAE       52      36C       0
                text5                              29DE     29DE       A4      36C       0
                text4                              2B84     2B84       6A      36C       0
                text3                              22D2     22D2      104      36C       0
                text2                              305C     305C       1C      36C       0
                text1                              2D52     2D52       48      36C       0
                text0                              1844     1844      1BA      36C       0
                cstackCOMRAM                          1        1       71        1       1
                cstackBANK0                          CA       CA       24       80       1
                cstackBANK1                         1DB      1DB       15      100       1
                bssBIGRAM                           296      296      1AC      296       1
                bssBANK2                            200      200       96      200       1
                dataBANK1                           1A5      1A5       36      100       1
                bssBANK1                            100      100       A5      100       1
                dataBANK0                            EE       EE        1       80       1
                bssBANK0                             80       80       4A       80       1
                bssCOMRAM                            72       72        7        1       1
                cinit                              2A82     2A82       84      36C       0
                idataBANK1                         2F7E     2F7E       36      36C       0
                idataBANK0                         3096     3096        1      36C       0

TOTAL           Name                               Link     Load   Length     Space
        CLASS   STACK          

        CLASS   CODE           
                intcode                               8        8        6         0
                init                                  E        E        4         0
                reset_vec                             0        0        4         0
                intcode_body                       21A4     21A4      12E         0
                text41                             303A     303A       22         0
                text40                             23D6     23D6      104         0
                text39                             19FE     19FE      1B4         0
                text38                             2FEA     2FEA       2A         0
                text37                             2E5C     2E5C       3E         0
                text36                             2E1E     2E1E       3E         0
                text35                             1ECA     1ECA      176         0
                text34                              D84      D84      30E         0
                text33                             26A8     26A8       DA         0
                text32                             3078     3078       1C         0
                text31                             2B06     2B06       7E         0
                text30                             3014     3014       26         0
                text29                             2F46     2F46       38         0
                text28                             2D00     2D00       52         0
                text27                             1BB2     1BB2      190         0
                text26                             1D42     1D42      188         0
                text25                             2040     2040      164         0
                text24                             2DDE     2DDE       40         0
                text23                             3094     3094        2         0
                text22                             2852     2852       CA         0
                text21                             2D9A     2D9A       44         0
                text20                             2FB4     2FB4       36         0
                text19                             291C     291C       C2         0
                text18                             1092     1092      2DE         0
                text17                             25CA     25CA       DE         0
                text16                             24DA     24DA       F0         0
                text15                             2782     2782       D0         0
                text14                             1644     1644      200         0
                text13                             2E9A     2E9A       3C         0
                text12                             2F0E     2F0E       38         0
                text11                             2ED6     2ED6       38         0
                text10                             2C50     2C50       5E         0
                text9                              1370     1370      2D4         0
                text8                               6D8      6D8      6AC         0
                text7                              2BEE     2BEE       62         0
                text6                              2CAE     2CAE       52         0
                text5                              29DE     29DE       A4         0
                text4                              2B84     2B84       6A         0
                text3                              22D2     22D2      104         0
                text2                              305C     305C       1C         0
                text1                              2D52     2D52       48         0
                text0                              1844     1844      1BA         0
                cinit                              2A82     2A82       84         0
                idataBANK1                         2F7E     2F7E       36         0
                idataBANK0                         3096     3096        1         0

        CLASS   CONST          

        CLASS   SMALLCONST     
                smallconst                          600      600       D8         0

        CLASS   MEDIUMCONST    

        CLASS   COMRAM         
                temp                                 79       79        1         1
                cstackCOMRAM                          1        1       71         1
                bssCOMRAM                            72       72        7         1

        CLASS   ABS1           

        CLASS   BIGRAM         
                bssBIGRAM                           296      296      1AC         1

        CLASS   RAM            

        CLASS   BANK0          
                cstackBANK0                          CA       CA       24         1
                dataBANK0                            EE       EE        1         1
                bssBANK0                             80       80       4A         1

        CLASS   BANK1          
                cstackBANK1                         1DB      1DB       15         1
                dataBANK1                           1A5      1A5       36         1
                bssBANK1                            100      100       A5         1

        CLASS   BANK2          
                bssBANK2                            200      200       96         1

        CLASS   BANK3          

        CLASS   BANK4          

        CLASS   BANK5          

        CLASS   SFR            

        CLASS   FARRAM         

        CLASS   CONFIG         
                config                           300000   300000        E         0

        CLASS   IDLOC          
                idloc                            200000   200000        8         0

        CLASS   EEDATA         



SEGMENTS        Name                           Load    Length   Top    Selector   Space  Class

                reset_vec                      000000  000004  000004         0       0  CODE    
                cstackCOMRAM                   000001  000079  00007A         1       1  COMRAM  
                intcode                        000008  00000A  000012         4       0  CODE    
                bssBANK0                       000080  00006F  0000EF        80       1  BANK0   
                bssBANK1                       000100  0000F0  0001F0       100       1  BANK1   
                bssBANK2                       000200  000096  000296       200       1  BANK2   
                bssBIGRAM                      000296  0001AC  000442       296       1  BIGRAM  
                smallconst                     000600  0000D8  0006D8       300       0  SMALLCON
                text8                          0006D8  0029BF  003097       36C       0  CODE    
                idloc                          200000  000008  200008    200000       0  IDLOC   
                config                         300000  00000E  30000E    300000       0  CONFIG  


UNUSED ADDRESS RANGES

        Name                Unused          Largest block    Delta
        BANK0            0000EF-0000FF               11
        BANK1            0001F0-0001FF               10
        BANK4            000442-0004FF               BE
        BANK5            000500-0005FF              100
        BIGRAM           00007A-00007F                6
                         0000EF-0000FF               11
                         0001F0-0001FF               10
                         000442-0005FF              1BE
        CODE             000004-000007                4
                         000012-0005FF              5EE
                         003097-007FFF             4F69
        COMRAM           00007A-00007F                6
        CONST            000004-000007                4
                         000012-0005FF              5EE
                         003097-007FFF             4F69
        EEDATA           F00000-F000FF              100
        MEDIUMCONST      003097-007FFF             4F69
        RAM              0000EF-0000FF               11
                         0001F0-0001FF               10
                         000442-0005FF               BE
        SFR              000F80-000FFF               80
        SMALLCONST       003097-007FFF              100
        STACK            000442-0005FF              1BE

                                  Symbol Table

?___aodiv                                 cstackCOMRAM 000007
?___aomod                                 cstackCOMRAM 000007
?___lldiv                                 cstackCOMRAM 000013
?___lmul                                  cstackCOMRAM 000007
?___lodiv                                 cstackCOMRAM 000007
?___lomod                                 cstackCOMRAM 000007
?___wmul                                  cstackCOMRAM 000007
?___xxtofl                                cstackCOMRAM 000007
?_abs                                     cstackCOMRAM 000019
?_atoi                                    cstackCOMRAM 00000E
?_dtoa                                    cstackCOMRAM 000022
?_isalpha                                 cstackCOMRAM 000007
?_isdigit                                 cstackCOMRAM 000007
?_islower                                 cstackCOMRAM 000007
?_isspace                                 cstackCOMRAM 000007
?_isupper                                 cstackCOMRAM 000007
?_pad                                     cstackCOMRAM 000017
?_sprintf                                 cstackBANK0  0000D0
?_strlen                                  cstackCOMRAM 000007
?_strncmp                                 cstackCOMRAM 000007
?_toupper                                 cstackCOMRAM 00000D
?_utoa                                    cstackCOMRAM 000022
?_vfpfcnvrt                               cstackCOMRAM 000049
?_vfprintf                                cstackBANK0  0000CA
?_xtoa                                    cstackCOMRAM 000022
_ACKDT                                    (abs)        007E2D
_ACKEN                                    (abs)        007E2C
_ADCON0bits                               (abs)        000FC2
_ADCON1                                   (abs)        000FC1
_ADCON1bits                               (abs)        000FC1
_ADCON2bits                               (abs)        000FC0
_ADDEN                                    (abs)        007D5B
_ADIE                                     (abs)        007CEE
_ADIF                                     (abs)        007CF6
_ADRESH                                   (abs)        000FC4
_ADRESL                                   (abs)        000FC3
_CREN                                     (abs)        007D5C
_GIE                                      (abs)        007F97
_INTCON                                   (abs)        000FF2
_IPR1                                     (abs)        000F9F
_LATBbits                                 (abs)        000F8A
_PEIE                                     (abs)        007F96
_PEN                                      (abs)        007E2A
_PIE1                                     (abs)        000F9D
_PORTB                                    (abs)        000F81
_PORTBbits                                (abs)        000F81
_PORTC                                    (abs)        000F82
_PORTCbits                                (abs)        000F82
_PORTD                                    (abs)        000F83
_RBIE                                     (abs)        007F93
_RBIF                                     (abs)        007F90
_RCEN                                     (abs)        007E2B
_RCIE                                     (abs)        007CED
_RCIF                                     (abs)        007CF5
_RCREG                                    (abs)        000FAE
_RX9                                      (abs)        007D5E
_SEN                                      (abs)        007E28
_SPBRG                                    (abs)        000FAF
_SPEN                                     (abs)        007D5F
_SSPADD                                   (abs)        000FC8
_SSPBUF                                   (abs)        000FC9
_SSPCON1                                  (abs)        000FC6
_SSPIE                                    (abs)        007CEB
_SSPIF                                    (abs)        007CF3
_SSPSTAT                                  (abs)        000FC7
_SYNC                                     (abs)        007D64
_T1CON                                    (abs)        000FCD
_TMR1H                                    (abs)        000FCF
_TMR1IF                                   (abs)        007CF0
_TMR1L                                    (abs)        000FCE
_TRISA                                    (abs)        000F92
_TRISB                                    (abs)        000F93
_TRISC                                    (abs)        000F94
_TRISC3                                   (abs)        007CA3
_TRISC4                                   (abs)        007CA4
_TRISC6                                   (abs)        007CA6
_TRISC7                                   (abs)        007CA7
_TRISD                                    (abs)        000F95
_TRISE                                    (abs)        000F96
_TRMT                                     (abs)        007D61
_TX9                                      (abs)        007D66
_TXEN                                     (abs)        007D65
_TXIE                                     (abs)        007CEC
_TXIF                                     (abs)        007CF4
_TXREG                                    (abs)        000FAD
_TXSTAbits                                (abs)        000FAC
__CFG_BOREN$SBORDIS                       (abs)        000000
__CFG_BORV$3                              (abs)        000000
__CFG_CCP2MX$PORTBE                       (abs)        000000
__CFG_CP0$OFF                             (abs)        000000
__CFG_CP1$OFF                             (abs)        000000
__CFG_CP2$OFF                             (abs)        000000
__CFG_CP3$OFF                             (abs)        000000
__CFG_CPB$OFF                             (abs)        000000
__CFG_CPD$OFF                             (abs)        000000
__CFG_EBTR0$OFF                           (abs)        000000
__CFG_EBTR1$OFF                           (abs)        000000
__CFG_EBTR2$OFF                           (abs)        000000
__CFG_EBTR3$OFF                           (abs)        000000
__CFG_EBTRB$OFF                           (abs)        000000
__CFG_FCMEN$OFF                           (abs)        000000
__CFG_IESO$OFF                            (abs)        000000
__CFG_LPT1OSC$OFF                         (abs)        000000
__CFG_LVP$OFF                             (abs)        000000
__CFG_MCLRE$ON                            (abs)        000000
__CFG_OSC$HS                              (abs)        000000
__CFG_PBADEN$OFF                          (abs)        000000
__CFG_PWRT$OFF                            (abs)        000000
__CFG_STVREN$ON                           (abs)        000000
__CFG_WDT$OFF                             (abs)        000000
__CFG_WDTPS$32768                         (abs)        000000
__CFG_WRT0$OFF                            (abs)        000000
__CFG_WRT1$OFF                            (abs)        000000
__CFG_WRT2$OFF                            (abs)        000000
__CFG_WRT3$OFF                            (abs)        000000
__CFG_WRTB$OFF                            (abs)        000000
__CFG_WRTC$OFF                            (abs)        000000
__CFG_WRTD$OFF                            (abs)        000000
__CFG_XINST$OFF                           (abs)        000000
__HRAM                                    (abs)        000000
__Habs1                                   abs1         000000
__Hbank0                                  bank0        000000
__Hbank1                                  bank1        000000
__Hbank2                                  bank2        000000
__Hbank3                                  bank3        000000
__Hbank4                                  bank4        000000
__Hbank5                                  bank5        000000
__Hbigbss                                 bigbss       000000
__Hbigdata                                bigdata      000000
__Hbigram                                 bigram       000000
__Hbss                                    bss          000000
__HbssBANK0                               bssBANK0     000000
__HbssBANK1                               bssBANK1     000000
__HbssBANK2                               bssBANK2     000000
__HbssBIGRAM                              bssBIGRAM    000000
__HbssCOMRAM                              bssCOMRAM    000000
__Hcinit                                  cinit        000000
__Hclrtext                                clrtext      000000
__Hcomram                                 comram       000000
__Hconfig                                 config       30000E
__Hconst                                  const        000000
__HcstackBANK0                            cstackBANK0  000000
__HcstackBANK1                            cstackBANK1  000000
__HcstackCOMRAM                           cstackCOMRAM 000000
__Hdata                                   data         000000
__HdataBANK0                              dataBANK0    000000
__HdataBANK1                              dataBANK1    000000
__Heeprom_data                            eeprom_data  000000
__Hfarbss                                 farbss       000000
__Hfardata                                fardata      000000
__Hibigdata                               ibigdata     000000
__Hidata                                  idata        000000
__HidataBANK0                             idataBANK0   000000
__HidataBANK1                             idataBANK1   000000
__Hidloc                                  idloc        200008
__Hifardata                               ifardata     000000
__Hinit                                   init         000012
__Hintcode                                intcode      00000E
__Hintcode_body                           intcode_body 000000
__Hintcodelo                              intcodelo    00000E
__Hintentry                               intentry     000000
__Hintret                                 intret       000000
__Hintsave_regs                           intsave_regs 000000
__Hirdata                                 irdata       000000
__Hmediumconst                            mediumconst  000000
__HnvFARRAM                               nvFARRAM     000000
__Hnvbit                                  nvbit        000000
__Hnvrram                                 nvrram       000000
__Hparam                                  rparam       000000
__Hpowerup                                powerup      00000E
__Hram                                    ram          000000
__Hramtop                                 ramtop       000600
__Hrbit                                   rbit         000000
__Hrbss                                   rbss         000000
__Hrdata                                  rdata        000000
__Hreset_vec                              reset_vec    000004
__Hrparam                                 rparam       000000
__Hsfr                                    sfr          000000
__Hsmallconst                             smallconst   0006D8
__Hspace_0                                (abs)        30000E
__Hspace_1                                (abs)        000442
__Hspace_2                                (abs)        000000
__Hstack                                  stack        000000
__Hstruct                                 struct       000000
__Htemp                                   temp         00007A
__Htext                                   text         000000
__Htext0                                  text0        000000
__Htext1                                  text1        000000
__Htext10                                 text10       000000
__Htext11                                 text11       000000
__Htext12                                 text12       000000
__Htext13                                 text13       000000
__Htext14                                 text14       000000
__Htext15                                 text15       000000
__Htext16                                 text16       000000
__Htext17                                 text17       000000
__Htext18                                 text18       000000
__Htext19                                 text19       000000
__Htext2                                  text2        000000
__Htext20                                 text20       000000
__Htext21                                 text21       000000
__Htext22                                 text22       000000
__Htext23                                 text23       000000
__Htext24                                 text24       000000
__Htext25                                 text25       000000
__Htext26                                 text26       000000
__Htext27                                 text27       000000
__Htext28                                 text28       000000
__Htext29                                 text29       000000
__Htext3                                  text3        000000
__Htext30                                 text30       000000
__Htext31                                 text31       000000
__Htext32                                 text32       000000
__Htext33                                 text33       000000
__Htext34                                 text34       000000
__Htext35                                 text35       000000
__Htext36                                 text36       000000
__Htext37                                 text37       000000
__Htext38                                 text38       000000
__Htext39                                 text39       000000
__Htext4                                  text4        000000
__Htext40                                 text40       000000
__Htext41                                 text41       000000
__Htext5                                  text5        000000
__Htext6                                  text6        000000
__Htext7                                  text7        000000
__Htext8                                  text8        000000
__Htext9                                  text9        000000
__LRAM                                    (abs)        000001
__Labs1                                   abs1         000000
__Lbank0                                  bank0        000000
__Lbank1                                  bank1        000000
__Lbank2                                  bank2        000000
__Lbank3                                  bank3        000000
__Lbank4                                  bank4        000000
__Lbank5                                  bank5        000000
__Lbigbss                                 bigbss       000000
__Lbigdata                                bigdata      000000
__Lbigram                                 bigram       000000
__Lbss                                    bss          000000
__LbssBANK0                               bssBANK0     000000
__LbssBANK1                               bssBANK1     000000
__LbssBANK2                               bssBANK2     000000
__LbssBIGRAM                              bssBIGRAM    000000
__LbssCOMRAM                              bssCOMRAM    000000
__Lcinit                                  cinit        000000
__Lclrtext                                clrtext      000000
__Lcomram                                 comram       000000
__Lconfig                                 config       300000
__Lconst                                  const        000000
__LcstackBANK0                            cstackBANK0  000000
__LcstackBANK1                            cstackBANK1  000000
__LcstackCOMRAM                           cstackCOMRAM 000000
__Ldata                                   data         000000
__LdataBANK0                              dataBANK0    000000
__LdataBANK1                              dataBANK1    000000
__Leeprom_data                            eeprom_data  000000
__Lfarbss                                 farbss       000000
__Lfardata                                fardata      000000
__Libigdata                               ibigdata     000000
__Lidata                                  idata        000000
__LidataBANK0                             idataBANK0   000000
__LidataBANK1                             idataBANK1   000000
__Lidloc                                  idloc        200000
__Lifardata                               ifardata     000000
__Linit                                   init         00000E
__Lintcode                                intcode      000008
__Lintcode_body                           intcode_body 000000
__Lintcodelo                              intcodelo    00000E
__Lintentry                               intentry     000000
__Lintret                                 intret       000000
__Lintsave_regs                           intsave_regs 000000
__Lirdata                                 irdata       000000
__Lmediumconst                            mediumconst  000000
__LnvFARRAM                               nvFARRAM     000000
__Lnvbit                                  nvbit        000000
__Lnvrram                                 nvrram       000000
__Lparam                                  rparam       000000
__Lpowerup                                powerup      00000E
__Lram                                    ram          000000
__Lramtop                                 ramtop       000600
__Lrbit                                   rbit         000000
__Lrbss                                   rbss         000000
__Lrdata                                  rdata        000000
__Lreset_vec                              reset_vec    000000
__Lrparam                                 rparam       000000
__Lsfr                                    sfr          000000
__Lsmallconst                             smallconst   000600
__Lspace_0                                (abs)        000000
__Lspace_1                                (abs)        000000
__Lspace_2                                (abs)        000000
__Lstack                                  stack        000000
__Lstruct                                 struct       000000
__Ltemp                                   temp         000079
__Ltext                                   text         000000
__Ltext0                                  text0        000000
__Ltext1                                  text1        000000
__Ltext10                                 text10       000000
__Ltext11                                 text11       000000
__Ltext12                                 text12       000000
__Ltext13                                 text13       000000
__Ltext14                                 text14       000000
__Ltext15                                 text15       000000
__Ltext16                                 text16       000000
__Ltext17                                 text17       000000
__Ltext18                                 text18       000000
__Ltext19                                 text19       000000
__Ltext2                                  text2        000000
__Ltext20                                 text20       000000
__Ltext21                                 text21       000000
__Ltext22                                 text22       000000
__Ltext23                                 text23       000000
__Ltext24                                 text24       000000
__Ltext25                                 text25       000000
__Ltext26                                 text26       000000
__Ltext27                                 text27       000000
__Ltext28                                 text28       000000
__Ltext29                                 text29       000000
__Ltext3                                  text3        000000
__Ltext30                                 text30       000000
__Ltext31                                 text31       000000
__Ltext32                                 text32       000000
__Ltext33                                 text33       000000
__Ltext34                                 text34       000000
__Ltext35                                 text35       000000
__Ltext36                                 text36       000000
__Ltext37                                 text37       000000
__Ltext38                                 text38       000000
__Ltext39                                 text39       000000
__Ltext4                                  text4        000000
__Ltext40                                 text40       000000
__Ltext41                                 text41       000000
__Ltext5                                  text5        000000
__Ltext6                                  text6        000000
__Ltext7                                  text7        000000
__Ltext8                                  text8        000000
__Ltext9                                  text9        000000
__S0                                      (abs)        30000E
__S1                                      (abs)        000442
__S2                                      (abs)        000000
___aodiv                                  text26       001D42
___aodiv@counter                          cstackCOMRAM 000017
___aodiv@dividend                         cstackCOMRAM 000007
___aodiv@divisor                          cstackCOMRAM 00000F
___aodiv@quotient                         cstackCOMRAM 000019
___aodiv@sign                             cstackCOMRAM 000018
___aomod                                  text25       002040
___aomod@counter                          cstackCOMRAM 000017
___aomod@dividend                         cstackCOMRAM 000007
___aomod@divisor                          cstackCOMRAM 00000F
___aomod@sign                             cstackCOMRAM 000018
___flge                                   text40       0023D6
___flge@ff1                               cstackCOMRAM 000015
___flge@ff2                               cstackCOMRAM 000019
___inthi_sp                               stack        000000
___intlo_sp                               stack        000000
___lldiv                                  text5        0029DE
___lldiv@counter                          cstackCOMRAM 00001F
___lldiv@dividend                         cstackCOMRAM 000013
___lldiv@divisor                          cstackCOMRAM 000017
___lldiv@quotient                         cstackCOMRAM 00001B
___lmul                                   text4        002B84
___lmul@multiplicand                      cstackCOMRAM 00000B
___lmul@multiplier                        cstackCOMRAM 000007
___lmul@product                           cstackCOMRAM 00000F
___lodiv                                  text16       0024DA
___lodiv@counter                          cstackCOMRAM 00001F
___lodiv@dividend                         cstackCOMRAM 000007
___lodiv@divisor                          cstackCOMRAM 00000F
___lodiv@quotient                         cstackCOMRAM 000017
___lomod                                  text15       002782
___lomod@counter                          cstackCOMRAM 000017
___lomod@dividend                         cstackCOMRAM 000007
___lomod@divisor                          cstackCOMRAM 00000F
___param_bank                             (abs)        000000
___rparam_used                            (abs)        000001
___sp                                     stack        000000
___wmul                                   text30       003014
___wmul@multiplicand                      cstackCOMRAM 000009
___wmul@multiplier                        cstackCOMRAM 000007
___wmul@product                           cstackCOMRAM 00000B
___xxtofl                                 text39       0019FE
___xxtofl@arg                             cstackCOMRAM 000011
___xxtofl@exp                             cstackCOMRAM 000010
___xxtofl@sign                            cstackCOMRAM 00000F
___xxtofl@val                             cstackCOMRAM 000007
__accesstop                               (abs)        000080
__activetblptr                            (abs)        000002
__end_of___aodiv                          text26       001ECA
__end_of___aomod                          text25       0021A4
__end_of___flge                           text40       0024DA
__end_of___lldiv                          text5        002A82
__end_of___lmul                           text4        002BEE
__end_of___lodiv                          text16       0025CA
__end_of___lomod                          text15       002852
__end_of___wmul                           text30       00303A
__end_of___xxtofl                         text39       001BB2
__end_of__initialization                  cinit        002AF8
__end_of_abs                              text24       002E1E
__end_of_adc_init                         text41       00305C
__end_of_adc_update                       text38       003014
__end_of_atoi                             text27       001D42
__end_of_dtoa                             text18       001370
__end_of_fputc                            text22       00291C
__end_of_fputs                            text21       002DDE
__end_of_heat_element_device_deselect     text37       002E9A
__end_of_heat_element_device_select       text36       002E5C
__end_of_heat_element_testing             text34       001092
__end_of_heat_elmnt_result_update         text33       002782
__end_of_interrupt_isr                    intcode_body 0022D2
__end_of_isalpha                          text13       002ED6
__end_of_isdigit                          text29       002F7E
__end_of_islower                          text11       002F0E
__end_of_isspace                          text28       002D52
__end_of_isupper                          text12       002F46
__end_of_lcd_cmnt                         text32       003094
__end_of_lcd_data                         text2        003078
__end_of_lcd_init                         text31       002B84
__end_of_main                             text0        0019FE
__end_of_memset                           text35       002040
__end_of_pad                              text19       0029DE
__end_of_putch                            text23       003096
__end_of_sprintf                          text6        002D00
__end_of_strlen                           text20       002FEA
__end_of_strncmp                          text17       0026A8
__end_of_timer_init                       text3        0023D6
__end_of_toupper                          text10       002CAE
__end_of_uart_lcd_update                  text1        002D9A
__end_of_utoa                             text14       001844
__end_of_vfpfcnvrt                        text8        000D84
__end_of_vfprintf                         text7        002C50
__end_of_xtoa                             text9        001644
__initialization                          cinit        002A82
__mediumconst                             mediumconst  000000
__pbssBANK0                               bssBANK0     000080
__pbssBANK1                               bssBANK1     000100
__pbssBANK2                               bssBANK2     000200
__pbssBIGRAM                              bssBIGRAM    000296
__pbssCOMRAM                              bssCOMRAM    000072
__pcinit                                  cinit        002A82
__pcstackBANK0                            cstackBANK0  0000CA
__pcstackBANK1                            cstackBANK1  0001DB
__pcstackCOMRAM                           cstackCOMRAM 000001
__pdataBANK0                              dataBANK0    0000EE
__pdataBANK1                              dataBANK1    0001A5
__pidataBANK0                             idataBANK0   003096
__pidataBANK1                             idataBANK1   002F7E
__pintcode                                intcode      000008
__pintcode_body                           intcode_body 0021A4
__psmallconst                             smallconst   000600
__ptext0                                  text0        001844
__ptext1                                  text1        002D52
__ptext10                                 text10       002C50
__ptext11                                 text11       002ED6
__ptext12                                 text12       002F0E
__ptext13                                 text13       002E9A
__ptext14                                 text14       001644
__ptext15                                 text15       002782
__ptext16                                 text16       0024DA
__ptext17                                 text17       0025CA
__ptext18                                 text18       001092
__ptext19                                 text19       00291C
__ptext2                                  text2        00305C
__ptext20                                 text20       002FB4
__ptext21                                 text21       002D9A
__ptext22                                 text22       002852
__ptext23                                 text23       003094
__ptext24                                 text24       002DDE
__ptext25                                 text25       002040
__ptext26                                 text26       001D42
__ptext27                                 text27       001BB2
__ptext28                                 text28       002D00
__ptext29                                 text29       002F46
__ptext3                                  text3        0022D2
__ptext30                                 text30       003014
__ptext31                                 text31       002B06
__ptext32                                 text32       003078
__ptext33                                 text33       0026A8
__ptext34                                 text34       000D84
__ptext35                                 text35       001ECA
__ptext36                                 text36       002E1E
__ptext37                                 text37       002E5C
__ptext38                                 text38       002FEA
__ptext39                                 text39       0019FE
__ptext4                                  text4        002B84
__ptext40                                 text40       0023D6
__ptext41                                 text41       00303A
__ptext5                                  text5        0029DE
__ptext6                                  text6        002CAE
__ptext7                                  text7        002BEE
__ptext8                                  text8        0006D8
__ptext9                                  text9        001370
__ramtop                                  ramtop       000600
__size_of___aodiv                         (abs)        000000
__size_of___aomod                         (abs)        000000
__size_of___flge                          (abs)        000000
__size_of___lldiv                         (abs)        000000
__size_of___lmul                          (abs)        000000
__size_of___lodiv                         (abs)        000000
__size_of___lomod                         (abs)        000000
__size_of___wmul                          (abs)        000000
__size_of___xxtofl                        (abs)        000000
__size_of_abs                             (abs)        000000
__size_of_adc_init                        (abs)        000000
__size_of_adc_update                      (abs)        000000
__size_of_atoi                            (abs)        000000
__size_of_dtoa                            (abs)        000000
__size_of_fputc                           (abs)        000000
__size_of_fputs                           (abs)        000000
__size_of_heat_element_device_deselect    (abs)        000000
__size_of_heat_element_device_select      (abs)        000000
__size_of_heat_element_testing            (abs)        000000
__size_of_heat_elmnt_result_update        (abs)        000000
__size_of_interrupt_isr                   (abs)        000000
__size_of_isalpha                         (abs)        000000
__size_of_isdigit                         (abs)        000000
__size_of_islower                         (abs)        000000
__size_of_isspace                         (abs)        000000
__size_of_isupper                         (abs)        000000
__size_of_lcd_cmnt                        (abs)        000000
__size_of_lcd_data                        (abs)        000000
__size_of_lcd_init                        (abs)        000000
__size_of_main                            (abs)        000000
__size_of_memset                          (abs)        000000
__size_of_pad                             (abs)        000000
__size_of_putch                           (abs)        000000
__size_of_sprintf                         (abs)        000000
__size_of_strlen                          (abs)        000000
__size_of_strncmp                         (abs)        000000
__size_of_timer_init                      (abs)        000000
__size_of_toupper                         (abs)        000000
__size_of_uart_lcd_update                 (abs)        000000
__size_of_utoa                            (abs)        000000
__size_of_vfpfcnvrt                       (abs)        000000
__size_of_vfprintf                        (abs)        000000
__size_of_xtoa                            (abs)        000000
__smallconst                              smallconst   000600
_abs                                      text24       002DDE
_adc_init                                 text41       00303A
_adc_update                               text38       002FEA
_adc_update_flag                          dataBANK0    0000EE
_adc_value                                bssBANK1     000100
_atoi                                     text27       001BB2
_atoi$1490                                cstackCOMRAM 000016
_atoi$1491                                cstackCOMRAM 00001A
_atoi$1492                                cstackCOMRAM 000018
_bt_msg                                   bssBANK2     000264
_channel_index                            bssBANK0     0000B4
_count                                    bssBANK0     0000B1
_counter                                  bssBANK0     000098
_counter_mod_value                        bssBANK1     000151
_date                                     bssBANK0     0000BD
_day                                      bssBANK0     0000C9
_dbuf                                     bssBANK1     000155
_desired_pos                              bssBANK1     00014D
_dtoa                                     text18       001092
_dtoa$975                                 cstackCOMRAM 000034
_end_time                                 bssBANK1     000141
_flag                                     bssBANK0     0000AD
_flags                                    bssCOMRAM    000074
_fputc                                    text22       002852
_fputs                                    text21       002D9A
_heat_element_device_deselect             text37       002E5C
_heat_element_device_select               text36       002E1E
_heat_element_testing                     text34       000D84
_heat_elmnt_flag                          bssBANK0     0000C5
_heat_elmnt_result                        bssBANK0     0000A6
_heat_elmnt_result_time                   bssBANK1     000132
_heat_elmnt_result_update                 text33       0026A8
_heat_elmnt_short                         bssBANK0     0000C7
_heating_elemnt_adc_value                 bssBIGRAM    000296
_hour                                     bssBANK0     0000C3
_i2c_mas_time                             bssBANK1     000149
_i2c_pkt                                  bssBANK0     0000B6
_inc                                      bssCOMRAM    000076
_interrupt_isr                            intcode      000008
_isalpha                                  text13       002E9A
_isdigit                                  text29       002F46
_islower                                  text11       002ED6
_isspace                                  text28       002D00
_isspace$1517                             cstackCOMRAM 00000D
_isupper                                  text12       002F0E
_key_nav                                  bssBANK0     0000AC
_lcd_cmnt                                 text32       003078
_lcd_data                                 text2        00305C
_lcd_init                                 text31       002B06
_lcd_msg                                  bssBANK1     000185
_lcd_msg1                                 bssBANK1     000175
_lcd_ptr                                  dataBANK1    0001C3
_led_serial_blink                         bssBANK0     0000B5
_local_time                               bssBANK1     00013A
_loop_count                               bssBANK0     000090
_main                                     text0        001844
_memset                                   text35       001ECA
_min                                      bssBANK0     0000C1
_month                                    bssBANK0     0000BB
_motor_dir_status                         bssBANK0     0000AF
_nout                                     bssBANK0     0000A0
_pad                                      text19       00291C
_prec                                     bssCOMRAM    000072
_preset                                   bssBANK0     000080
_putch                                    text23       003094
_received                                 bssBANK0     0000B2
_reply                                    bssBANK1     000195
_run_preset_flag                          bssBANK0     0000AE
_rx_index                                 bssCOMRAM    000077
_rx_msg_buf                               bssBANK2     000200
_sec                                      bssBANK0     0000BF
_sprintf                                  text6        002CAE
_start_time                               bssBANK1     000145
_stepper_count                            bssBANK0     000094
_strlen                                   text20       002FB4
_strncmp                                  text17       0025CA
_test_status                              bssBANK0     0000AA
_time_flag                                bssBANK0     0000B3
_timer                                    bssBANK0     0000A4
_timer_flag                               bssBANK0     0000A8
_timer_init                               text3        0022D2
_timer_min_max                            dataBANK1    0001CF
_timer_ptr                                dataBANK1    0001B5
_timer_value                              bssBANK0     00009C
_toggle                                   bssBANK0     0000B0
_toupper                                  text10       002C50
_toupper$1606                             cstackCOMRAM 000013
_transmision_msg                          bssCOMRAM    000078
_uart_lcd_update                          text1        002D52
_update_count                             bssBANK0     0000AB
_utoa                                     text14       001644
_vfpfcnvrt                                text8        0006D8
_vfpfcnvrt$1008                           cstackCOMRAM 00005D
_vfprintf                                 text7        002BEE
_width                                    bssBANK0     0000A2
_xtoa                                     text9        001370
_xtoa$993                                 cstackCOMRAM 000035
_xtoa$994                                 cstackCOMRAM 000037
_year                                     bssBANK0     0000B9
abs@a                                     cstackCOMRAM 000019
adc_update@adc_channel                    cstackCOMRAM 000008
atoi@n                                    cstackCOMRAM 00001B
atoi@neg                                  cstackCOMRAM 000014
atoi@s                                    cstackCOMRAM 00000E
btemp                                     temp         000079
dtoa@d                                    cstackCOMRAM 000024
dtoa@fp                                   cstackCOMRAM 000022
dtoa@i                                    cstackCOMRAM 000044
dtoa@n                                    cstackCOMRAM 00003C
dtoa@p                                    cstackCOMRAM 000036
dtoa@s                                    cstackCOMRAM 00003A
dtoa@w                                    cstackCOMRAM 000038
end_of_initialization                     cinit        002AF8
fputc@c                                   cstackCOMRAM 000007
fputc@fp                                  cstackCOMRAM 000009
fputs@c                                   cstackCOMRAM 000014
fputs@fp                                  cstackCOMRAM 000012
fputs@i                                   cstackCOMRAM 000015
fputs@s                                   cstackCOMRAM 000010
heat_element_device_deselect@relay_number cstackCOMRAM 000009
heat_element_device_select@relay_number   cstackCOMRAM 000009
heat_element_testing@i                    cstackCOMRAM 00003F
heat_element_testing@lcd_test             cstackCOMRAM 000027
heat_element_testing@testing_elapse_time  cstackCOMRAM 000037
heat_elmnt_result_update@i                cstackCOMRAM 000009
int$flags                                 temp         000079
int_func                                  intcode_body 0021A4
intlevel0                                 text         000000
intlevel1                                 text         000000
intlevel2                                 text         000000
intlevel3                                 text         000000
isalpha@c                                 cstackCOMRAM 000007
isdigit@c                                 cstackCOMRAM 000007
islower@c                                 cstackCOMRAM 000007
isspace@c                                 cstackCOMRAM 000007
isupper@c                                 cstackCOMRAM 000007
lcd_cmnt@cmnt                             cstackCOMRAM 000008
lcd_data@data                             cstackCOMRAM 000008
main@F3204                                dataBANK1    0001A5
main@current_time                         cstackBANK1  0001EB
main@i                                    cstackBANK1  0001EF
main@lcd_test                             cstackBANK1  0001DB
memset@c                                  cstackCOMRAM 000009
memset@dest                               cstackCOMRAM 000007
memset@k                                  cstackCOMRAM 00000F
memset@n                                  cstackCOMRAM 00000B
memset@s                                  cstackCOMRAM 000011
pad@buf                                   cstackCOMRAM 000019
pad@fp                                    cstackCOMRAM 000017
pad@i                                     cstackCOMRAM 00001E
pad@p                                     cstackCOMRAM 00001B
pad@w                                     cstackCOMRAM 000020
sprintf@ap                                cstackBANK0  0000E4
sprintf@f                                 cstackBANK0  0000E6
sprintf@fmt                               cstackBANK0  0000D2
sprintf@s                                 cstackBANK0  0000D0
stackhi                                   (abs)        0005FF
stacklo                                   (abs)        000442
start                                     init         00000E
start_initialization                      cinit        002A82
strlen@a                                  cstackCOMRAM 000009
strlen@s                                  cstackCOMRAM 000007
strncmp@_l                                cstackCOMRAM 000007
strncmp@_r                                cstackCOMRAM 000009
strncmp@l                                 cstackCOMRAM 00000E
strncmp@n                                 cstackCOMRAM 00000B
strncmp@r                                 cstackCOMRAM 000010
timer_init@delay                          cstackCOMRAM 000020
toupper@c                                 cstackCOMRAM 00000D
ttemp5                                    temp         00007A
ttemp6                                    temp         00007D
ttemp7                                    temp         000081
uart_lcd_update@data                      cstackCOMRAM 000009
uart_lcd_update@i                         cstackCOMRAM 00000F
uart_lcd_update@len                       cstackCOMRAM 00000B
utoa@d                                    cstackCOMRAM 000024
utoa@fp                                   cstackCOMRAM 000022
utoa@i                                    cstackCOMRAM 000040
utoa@n                                    cstackCOMRAM 000038
utoa@p                                    cstackCOMRAM 000034
utoa@w                                    cstackCOMRAM 000036
vfpfcnvrt@ap                              cstackCOMRAM 00004D
vfpfcnvrt@c                               cstackCOMRAM 000067
vfpfcnvrt@fmt                             cstackCOMRAM 00004B
vfpfcnvrt@fp                              cstackCOMRAM 000049
vfpfcnvrt@ll                              cstackCOMRAM 00005F
vfpfcnvrt@llu                             cstackCOMRAM 000068
vfprintf@ap                               cstackBANK0  0000CE
vfprintf@cfmt                             cstackCOMRAM 000070
vfprintf@fmt                              cstackBANK0  0000CC
vfprintf@fp                               cstackBANK0  0000CA
wtemp8                                    temp         00007A
xtoa@c                                    cstackCOMRAM 000047
xtoa@d                                    cstackCOMRAM 000024
xtoa@fp                                   cstackCOMRAM 000022
xtoa@i                                    cstackCOMRAM 000045
xtoa@n                                    cstackCOMRAM 00003D
xtoa@p                                    cstackCOMRAM 000039
xtoa@w                                    cstackCOMRAM 00003B
xtoa@x                                    cstackCOMRAM 00002C


FUNCTION INFORMATION:

 *************** function _main *****************
 Defined at:
		line 34 in file "i2c_driver.c"
 Parameters:    Size  Location     Type
		None
 Auto vars:     Size  Location     Type
  lcd_test       16    0[BANK1 ] unsigned char [16]
  current_time    4   16[BANK1 ] unsigned long 
  i               1   20[BANK1 ] unsigned char 
 Return value:  Size  Location     Type
                  1    wreg      void 
 Registers used:
		wreg, fsr1l, fsr1h, fsr2l, fsr2h, status,2, status,0, tblptrl, tblptrh, tblptru, prodl, prodh, cstack
 Tracked objects:
		On entry : 
		On exit  : 
		Unchanged: 
 Data sizes:     COMRAM   BANK0   BANK1   BANK2   BANK3   BANK4   BANK5
      Params:         0       0       0       0       0       0       0
      Locals:         0       0      21       0       0       0       0
      Temps:          0       2       0       0       0       0       0
      Totals:         0       2      21       0       0       0       0
Total ram usage:       23 bytes
 Hardware stack levels required when called:    9
 This function calls:
		_adc_init
		_adc_update
		_heat_element_testing
		_heat_elmnt_result_update
		_lcd_cmnt
		_lcd_init
		_sprintf
		_timer_init
		_uart_lcd_update
 This function is called by:
		Startup code after reset
 This function uses a non-reentrant model


 *************** function _uart_lcd_update *****************
 Defined at:
		line 41 in file "lcd_driver.c"
 Parameters:    Size  Location     Type
  data            2    8[COMRAM] PTR unsigned char 
		 -> lcd_msg(16), lcd_msg1(16), main@lcd_test(16), 
  len             1   10[COMRAM] unsigned char 
 Auto vars:     Size  Location     Type
  i               2   14[COMRAM] int 
 Return value:  Size  Location     Type
                  1    wreg      void 
 Registers used:
		wreg, fsr2l, fsr2h, status,2, status,0, cstack
 Tracked objects:
		On entry : 
		On exit  : 
		Unchanged: 
 Data sizes:     COMRAM   BANK0   BANK1   BANK2   BANK3   BANK4   BANK5
      Params:         3       0       0       0       0       0       0
      Locals:         2       0       0       0       0       0       0
      Temps:          3       0       0       0       0       0       0
      Totals:         8       0       0       0       0       0       0
Total ram usage:        8 bytes
 Hardware stack levels used:    1
 Hardware stack levels required when called:    2
 This function calls:
		_lcd_data
 This function is called by:
		_main
		_keypad_update
 This function uses a non-reentrant model


 *************** function _lcd_data *****************
 Defined at:
		line 33 in file "lcd_driver.c"
 Parameters:    Size  Location     Type
  data            1    wreg     unsigned char 
 Auto vars:     Size  Location     Type
  data            1    7[COMRAM] unsigned char 
 Return value:  Size  Location     Type
                  1    wreg      void 
 Registers used:
		wreg, status,2, cstack
 Tracked objects:
		On entry : 
		On exit  : 
		Unchanged: 
 Data sizes:     COMRAM   BANK0   BANK1   BANK2   BANK3   BANK4   BANK5
      Params:         0       0       0       0       0       0       0
      Locals:         1       0       0       0       0       0       0
      Temps:          1       0       0       0       0       0       0
      Totals:         2       0       0       0       0       0       0
Total ram usage:        2 bytes
 Hardware stack levels used:    1
 Hardware stack levels required when called:    1
 This function calls:
		Nothing
 This function is called by:
		_uart_lcd_update
 This function uses a non-reentrant model


 *************** function _timer_init *****************
 Defined at:
		line 384 in file "i2c_driver.c"
 Parameters:    Size  Location     Type
  delay           4   31[COMRAM] unsigned long 
 Auto vars:     Size  Location     Type
		None
 Return value:  Size  Location     Type
                  1    wreg      unsigned char 
 Registers used:
		wreg, status,2, status,0, cstack
 Tracked objects:
		On entry : 
		On exit  : 
		Unchanged: 
 Data sizes:     COMRAM   BANK0   BANK1   BANK2   BANK3   BANK4   BANK5
      Params:         4       0       0       0       0       0       0
      Locals:         0       0       0       0       0       0       0
      Temps:          0       0       0       0       0       0       0
      Totals:         4       0       0       0       0       0       0
Total ram usage:        4 bytes
 Hardware stack levels used:    1
 Hardware stack levels required when called:    2
 This function calls:
		___lldiv
		___lmul
 This function is called by:
		_main
 This function uses a non-reentrant model


 *************** function ___lmul *****************
 Defined at:
		line 15 in file "C:\Program Files (x86)\Microchip\xc8\v2.10\pic\sources\c99\common\Umul32.c"
 Parameters:    Size  Location     Type
  multiplier      4    6[COMRAM] unsigned long 
  multiplicand    4   10[COMRAM] unsigned long 
 Auto vars:     Size  Location     Type
  product         4   14[COMRAM] unsigned long 
 Return value:  Size  Location     Type
                  4    6[COMRAM] unsigned long 
 Registers used:
		wreg, status,2, status,0
 Tracked objects:
		On entry : 
		On exit  : 
		Unchanged: 
 Data sizes:     COMRAM   BANK0   BANK1   BANK2   BANK3   BANK4   BANK5
      Params:         8       0       0       0       0       0       0
      Locals:         4       0       0       0       0       0       0
      Temps:          0       0       0       0       0       0       0
      Totals:        12       0       0       0       0       0       0
Total ram usage:       12 bytes
 Hardware stack levels used:    1
 Hardware stack levels required when called:    1
 This function calls:
		Nothing
 This function is called by:
		_timer_init
 This function uses a non-reentrant model


 *************** function ___lldiv *****************
 Defined at:
		line 7 in file "C:\Program Files (x86)\Microchip\xc8\v2.10\pic\sources\c99\common\__lldiv.c"
 Parameters:    Size  Location     Type
  dividend        4   18[COMRAM] unsigned long 
  divisor         4   22[COMRAM] unsigned long 
 Auto vars:     Size  Location     Type
  quotient        4   26[COMRAM] unsigned long 
  counter         1   30[COMRAM] unsigned char 
 Return value:  Size  Location     Type
                  4   18[COMRAM] unsigned long 
 Registers used:
		wreg, status,2, status,0
 Tracked objects:
		On entry : 
		On exit  : 
		Unchanged: 
 Data sizes:     COMRAM   BANK0   BANK1   BANK2   BANK3   BANK4   BANK5
      Params:         8       0       0       0       0       0       0
      Locals:         5       0       0       0       0       0       0
      Temps:          0       0       0       0       0       0       0
      Totals:        13       0       0       0       0       0       0
Total ram usage:       13 bytes
 Hardware stack levels used:    1
 Hardware stack levels required when called:    1
 This function calls:
		Nothing
 This function is called by:
		_timer_init
 This function uses a non-reentrant model


 *************** function _sprintf *****************
 Defined at:
		line 9 in file "C:\Program Files (x86)\Microchip\xc8\v2.10\pic\sources\c99\common\nf_sprintf.c"
 Parameters:    Size  Location     Type
  s               2    6[BANK0 ] PTR unsigned char 
		 -> reply(16), lcd_msg(16), lcd_msg1(16), main@lcd_test(16), 
  fmt             2    8[BANK0 ] PTR const unsigned char 
		 -> STR_18(13), STR_17(13), STR_16(13), STR_15(13), 
		 -> STR_14(15), STR_13(15), STR_12(11), STR_11(12), 
		 -> STR_10(12), STR_9(12), STR_8(17), STR_7(17), 
		 -> STR_6(12), STR_5(12), STR_4(23), STR_3(24), 
		 -> STR_2(9), STR_1(10), 
 Auto vars:     Size  Location     Type
  f               6   28[BANK0 ] struct _IO_FILE
  ap              2   26[BANK0 ] PTR void [1]
		 -> ?_sprintf(2), 
  ret             2    0        int 
 Return value:  Size  Location     Type
                  2    6[BANK0 ] int 
 Registers used:
		wreg, fsr1l, fsr1h, fsr2l, fsr2h, status,2, status,0, tblptrl, tblptrh, tblptru, prodl, prodh, cstack
 Tracked objects:
		On entry : 
		On exit  : 
		Unchanged: 
 Data sizes:     COMRAM   BANK0   BANK1   BANK2   BANK3   BANK4   BANK5
      Params:         0      18       0       0       0       0       0
      Locals:         0      10       0       0       0       0       0
      Temps:          0       0       0       0       0       0       0
      Totals:         0      28       0       0       0       0       0
Total ram usage:       28 bytes
 Hardware stack levels used:    1
 Hardware stack levels required when called:    8
 This function calls:
		_vfprintf
 This function is called by:
		_main
		_keypad_update
		_i2c_driver_motor_control_update
		_uart_bluetooth_command_handler
 This function uses a non-reentrant model


 *************** function _vfprintf *****************
 Defined at:
		line 1368 in file "C:\Program Files (x86)\Microchip\xc8\v2.10\pic\sources\c99\common\doprnt.c"
 Parameters:    Size  Location     Type
  fp              2    0[BANK0 ] PTR struct _IO_FILE
		 -> sprintf@f(6), 
  fmt             2    2[BANK0 ] PTR const unsigned char 
		 -> STR_18(13), STR_17(13), STR_16(13), STR_15(13), 
		 -> STR_14(15), STR_13(15), STR_12(11), STR_11(12), 
		 -> STR_10(12), STR_9(12), STR_8(17), STR_7(17), 
		 -> STR_6(12), STR_5(12), STR_4(23), STR_3(24), 
		 -> STR_2(9), STR_1(10), 
  ap              2    4[BANK0 ] PTR PTR void 
		 -> sprintf@ap(2), 
 Auto vars:     Size  Location     Type
  cfmt            2  111[COMRAM] PTR unsigned char 
		 -> STR_18(13), STR_17(13), STR_16(13), STR_15(13), 
		 -> STR_14(15), STR_13(15), STR_12(11), STR_11(12), 
		 -> STR_10(12), STR_9(12), STR_8(17), STR_7(17), 
		 -> STR_6(12), STR_5(12), STR_4(23), STR_3(24), 
		 -> STR_2(9), STR_1(10), 
 Return value:  Size  Location     Type
                  2    0[BANK0 ] int 
 Registers used:
		wreg, fsr1l, fsr1h, fsr2l, fsr2h, status,2, status,0, tblptrl, tblptrh, tblptru, prodl, prodh, cstack
 Tracked objects:
		On entry : 
		On exit  : 
		Unchanged: 
 Data sizes:     COMRAM   BANK0   BANK1   BANK2   BANK3   BANK4   BANK5
      Params:         0       6       0       0       0       0       0
      Locals:         2       0       0       0       0       0       0
      Temps:          0       0       0       0       0       0       0
      Totals:         2       6       0       0       0       0       0
Total ram usage:        8 bytes
 Hardware stack levels used:    1
 Hardware stack levels required when called:    7
 This function calls:
		_vfpfcnvrt
 This function is called by:
		_sprintf
 This function uses a non-reentrant model


 *************** function _vfpfcnvrt *****************
 Defined at:
		line 670 in file "C:\Program Files (x86)\Microchip\xc8\v2.10\pic\sources\c99\common\doprnt.c"
 Parameters:    Size  Location     Type
  fp              2   72[COMRAM] PTR struct _IO_FILE
		 -> sprintf@f(6), 
  fmt             2   74[COMRAM] PTR PTR unsigned char 
		 -> vfprintf@cfmt(2), 
  ap              2   76[COMRAM] PTR PTR void 
		 -> sprintf@ap(2), 
 Auto vars:     Size  Location     Type
  llu             8  103[COMRAM] unsigned long long 
  ll              8   94[COMRAM] long long 
  f               4    0        long long 
  vp              3    0        PTR void 
  ct              3    0        unsigned char [3]
  cp              3    0        PTR unsigned char 
  i               2    0        int 
  done            2    0        int 
  c               1  102[COMRAM] unsigned char 
 Return value:  Size  Location     Type
                  2   72[COMRAM] int 
 Registers used:
		wreg, fsr1l, fsr1h, fsr2l, fsr2h, status,2, status,0, tblptrl, tblptrh, tblptru, prodl, prodh, cstack
 Tracked objects:
		On entry : 
		On exit  : 
		Unchanged: 
 Data sizes:     COMRAM   BANK0   BANK1   BANK2   BANK3   BANK4   BANK5
      Params:         6       0       0       0       0       0       0
      Locals:        19       0       0       0       0       0       0
      Temps:         14       0       0       0       0       0       0
      Totals:        39       0       0       0       0       0       0
Total ram usage:       39 bytes
 Hardware stack levels used:    1
 Hardware stack levels required when called:    6
 This function calls:
		_atoi
		_dtoa
		_fputc
		_isdigit
		_strncmp
		_utoa
		_xtoa
 This function is called by:
		_vfprintf
 This function uses a non-reentrant model


 *************** function _xtoa *****************
 Defined at:
		line 623 in file "C:\Program Files (x86)\Microchip\xc8\v2.10\pic\sources\c99\common\doprnt.c"
 Parameters:    Size  Location     Type
  fp              2   33[COMRAM] PTR struct _IO_FILE
		 -> sprintf@f(6), 
  d               8   35[COMRAM] unsigned long long 
  x               1   43[COMRAM] unsigned char 
 Auto vars:     Size  Location     Type
  n               8   60[COMRAM] unsigned long long 
  c               2   70[COMRAM] int 
  i               2   68[COMRAM] int 
  w               2   58[COMRAM] int 
  p               2   56[COMRAM] int 
 Return value:  Size  Location     Type
                  2   33[COMRAM] int 
 Registers used:
		wreg, fsr1l, fsr1h, fsr2l, fsr2h, status,2, status,0, cstack
 Tracked objects:
		On entry : 
		On exit  : 
		Unchanged: 
 Data sizes:     COMRAM   BANK0   BANK1   BANK2   BANK3   BANK4   BANK5
      Params:        11       0       0       0       0       0       0
      Locals:        20       0       0       0       0       0       0
      Temps:          8       0       0       0       0       0       0
      Totals:        39       0       0       0       0       0       0
Total ram usage:       39 bytes
 Hardware stack levels used:    1
 Hardware stack levels required when called:    5
 This function calls:
		_isalpha
		_isupper
		_pad
		_toupper
 This function is called by:
		_vfpfcnvrt
 This function uses a non-reentrant model


 *************** function _toupper *****************
 Defined at:
		line 4 in file "C:\Program Files (x86)\Microchip\xc8\v2.10\pic\sources\c99\common\toupper.c"
 Parameters:    Size  Location     Type
  c               2   12[COMRAM] int 
 Auto vars:     Size  Location     Type
		None
 Return value:  Size  Location     Type
                  2   12[COMRAM] int 
 Registers used:
		wreg, status,2, status,0
 Tracked objects:
		On entry : 
		On exit  : 
		Unchanged: 
 Data sizes:     COMRAM   BANK0   BANK1   BANK2   BANK3   BANK4   BANK5
      Params:         2       0       0       0       0       0       0
      Locals:         2       0       0       0       0       0       0
      Temps:          4       0       0       0       0       0       0
      Totals:         8       0       0       0       0       0       0
Total ram usage:        8 bytes
 Hardware stack levels used:    1
 Hardware stack levels required when called:    2
 This function calls:
		_islower
 This function is called by:
		_xtoa
 This function uses a non-reentrant model


 *************** function _islower *****************
 Defined at:
		line 5 in file "C:\Program Files (x86)\Microchip\xc8\v2.10\pic\sources\c99\common\islower.c"
 Parameters:    Size  Location     Type
  c               2    6[COMRAM] int 
 Auto vars:     Size  Location     Type
		None
 Return value:  Size  Location     Type
                  2    6[COMRAM] int 
 Registers used:
		wreg, status,2, status,0
 Tracked objects:
		On entry : 
		On exit  : 
		Unchanged: 
 Data sizes:     COMRAM   BANK0   BANK1   BANK2   BANK3   BANK4   BANK5
      Params:         2       0       0       0       0       0       0
      Locals:         0       0       0       0       0       0       0
      Temps:          4       0       0       0       0       0       0
      Totals:         6       0       0       0       0       0       0
Total ram usage:        6 bytes
 Hardware stack levels used:    1
 Hardware stack levels required when called:    1
 This function calls:
		Nothing
 This function is called by:
		_toupper
 This function uses a non-reentrant model


 *************** function _isupper *****************
 Defined at:
		line 5 in file "C:\Program Files (x86)\Microchip\xc8\v2.10\pic\sources\c99\common\isupper.c"
 Parameters:    Size  Location     Type
  c               2    6[COMRAM] int 
 Auto vars:     Size  Location     Type
		None
 Return value:  Size  Location     Type
                  2    6[COMRAM] int 
 Registers used:
		wreg, status,2, status,0
 Tracked objects:
		On entry : 
		On exit  : 
		Unchanged: 
 Data sizes:     COMRAM   BANK0   BANK1   BANK2   BANK3   BANK4   BANK5
      Params:         2       0       0       0       0       0       0
      Locals:         0       0       0       0       0       0       0
      Temps:          4       0       0       0       0       0       0
      Totals:         6       0       0       0       0       0       0
Total ram usage:        6 bytes
 Hardware stack levels used:    1
 Hardware stack levels required when called:    1
 This function calls:
		Nothing
 This function is called by:
		_xtoa
 This function uses a non-reentrant model


 *************** function _isalpha *****************
 Defined at:
		line 5 in file "C:\Program Files (x86)\Microchip\xc8\v2.10\pic\sources\c99\common\isalpha.c"
 Parameters:    Size  Location     Type
  c               2    6[COMRAM] int 
 Auto vars:     Size  Location     Type
		None
 Return value:  Size  Location     Type
                  2    6[COMRAM] int 
 Registers used:
		wreg, status,2, status,0
 Tracked objects:
		On entry : 
		On exit  : 
		Unchanged: 
 Data sizes:     COMRAM   BANK0   BANK1   BANK2   BANK3   BANK4   BANK5
      Params:         2       0       0       0       0       0       0
      Locals:         0       0       0       0       0       0       0
      Temps:          4       0       0       0       0       0       0
      Totals:         6       0       0       0       0       0       0
Total ram usage:        6 bytes
 Hardware stack levels used:    1
 Hardware stack levels required when called:    1
 This function calls:
		Nothing
 This function is called by:
		_xtoa
 This function uses a non-reentrant model


 *************** function _utoa *****************
 Defined at:
[...]


 *************** function _lcd_init *****************
 Defined at:
		line 12 in file "lcd_driver.c"
 Parameters:    Size  Location     Type
		None
 Auto vars:     Size  Location     Type
		None
 Return value:  Size  Location     Type
                  1    wreg      void 
 Registers used:
		wreg, status,2, cstack
 Tracked objects:
		On entry : 
		On exit  : 
		Unchanged: 
 Data sizes:     COMRAM   BANK0   BANK1   BANK2   BANK3   BANK4   BANK5
      Params:         0       0       0       0       0       0       0
      Locals:         0       0       0       0       0       0       0
      Temps:          2       0       0       0       0       0       0
      Totals:         2       0       0       0       0       0       0
Total ram usage:        2 bytes
 Hardware stack levels used:    1
 Hardware stack levels required when called:    2
 This function calls:
		_lcd_cmnt
 This function is called by:
		_main
 This function uses a non-reentrant model


 *************** function _lcd_cmnt *****************
 Defined at:
		line 26 in file "lcd_driver.c"
 Parameters:    Size  Location     Type
  cmnt            1    wreg     unsigned char 
 Auto vars:     Size  Location     Type
  cmnt            1    7[COMRAM] unsigned char 
 Return value:  Size  Location     Type
                  1    wreg      void 
 Registers used:
		wreg, status,2, cstack
 Tracked objects:
		On entry : 
		On exit  : 
		Unchanged: 
 Data sizes:     COMRAM   BANK0   BANK1   BANK2   BANK3   BANK4   BANK5
      Params:         0       0       0       0       0       0       0
      Locals:         1       0       0       0       0       0       0
      Temps:          1       0       0       0       0       0       0
      Totals:         2       0       0       0       0       0       0
Total ram usage:        2 bytes
 Hardware stack levels used:    1
 Hardware stack levels required when called:    1
 This function calls:
		Nothing
 This function is called by:
		_main
		_lcd_init
		_keypad_update
 This function uses a non-reentrant model


 *************** function _heat_elmnt_result_update *****************
 Defined at:
		line 189 in file "i2c_driver.c"
 Parameters:    Size  Location     Type
		None
 Auto vars:     Size  Location     Type
  i               2    8[COMRAM] int 
 Return value:  Size  Location     Type
                  1    wreg      void 
 Registers used:
		wreg, fsr2l, fsr2h, status,2, status,0
 Tracked objects:
		On entry : 
		On exit  : 
		Unchanged: 
 Data sizes:     COMRAM   BANK0   BANK1   BANK2   BANK3   BANK4   BANK5
      Params:         0       0       0       0       0       0       0
      Locals:         2       0       0       0       0       0       0
      Temps:          2       0       0       0       0       0       0
      Totals:         4       0       0       0       0       0       0
Total ram usage:        4 bytes
 Hardware stack levels used:    1
 Hardware stack levels required when called:    1
 This function calls:
		Nothing
 This function is called by:
		_main
 This function uses a non-reentrant model


 *************** function _heat_element_testing *****************
 Defined at:
		line 90 in file "i2c_driver.c"
 Parameters:    Size  Location     Type
		None
 Auto vars:     Size  Location     Type
  lcd_test       16   38[COMRAM] unsigned char [16]
  testing_elap    8   54[COMRAM] unsigned long [2]
  i               2   62[COMRAM] int 
  current_time    2    0        int 
 Return value:  Size  Location     Type
                  1    wreg      void 
 Registers used:
		wreg, fsr2l, fsr2h, status,2, status,0, cstack
 Tracked objects:
		On entry : 
		On exit  : 
		Unchanged: 
 Data sizes:     COMRAM   BANK0   BANK1   BANK2   BANK3   BANK4   BANK5
      Params:         0       0       0       0       0       0       0
      Locals:        26       0       0       0       0       0       0
      Temps:          6       0       0       0       0       0       0
      Totals:        32       0       0       0       0       0       0
Total ram usage:       32 bytes
 Hardware stack levels used:    1
 Hardware stack levels required when called:    2
 This function calls:
		___flge
		___xxtofl
		_adc_update
		_heat_element_device_deselect
		_heat_element_device_select
		_memset
 This function is called by:
		_main
 This function uses a non-reentrant model


 *************** function _memset *****************
 Defined at:
		line 4 in file "C:\Program Files (x86)\Microchip\xc8\v2.10\pic\sources\c99\common\memset.c"
 Parameters:    Size  Location     Type
  dest            2    6[COMRAM] PTR void 
		 -> heat_elmnt_short(2), heat_elmnt_flag(2), 
  c               2    8[COMRAM] int 
  n               2   10[COMRAM] unsigned int 
 Auto vars:     Size  Location     Type
  s               2   16[COMRAM] PTR unsigned char 
		 -> heat_elmnt_short(2), heat_elmnt_flag(2), 
  k               2   14[COMRAM] unsigned int 
 Return value:  Size  Location     Type
                  2    6[COMRAM] PTR void 
 Registers used:
		wreg, fsr2l, fsr2h, status,2, status,0
 Tracked objects:
		On entry : 
		On exit  : 
		Unchanged: 
 Data sizes:     COMRAM   BANK0   BANK1   BANK2   BANK3   BANK4   BANK5
      Params:         6       0       0       0       0       0       0
      Locals:         4       0       0       0       0       0       0
      Temps:          2       0       0       0       0       0       0
      Totals:        12       0       0       0       0       0       0
Total ram usage:       12 bytes
 Hardware stack levels used:    1
 Hardware stack levels required when called:    1
 This function calls:
		Nothing
 This function is called by:
		_heat_element_testing
 This function uses a non-reentrant model


 *************** function _heat_element_device_select *****************
 Defined at:
		line 144 in file "i2c_driver.c"
 Parameters:    Size  Location     Type
  relay_number    1    wreg     unsigned char 
 Auto vars:     Size  Location     Type
  relay_number    1    8[COMRAM] unsigned char 
 Return value:  Size  Location     Type
                  1    wreg      void 
 Registers used:
		wreg, status,2, status,0
 Tracked objects:
		On entry : 
		On exit  : 
		Unchanged: 
 Data sizes:     COMRAM   BANK0   BANK1   BANK2   BANK3   BANK4   BANK5
      Params:         0       0       0       0       0       0       0
      Locals:         1       0       0       0       0       0       0
      Temps:          2       0       0       0       0       0       0
      Totals:         3       0       0       0       0       0       0
Total ram usage:        3 bytes
 Hardware stack levels used:    1
 Hardware stack levels required when called:    1
 This function calls:
		Nothing
 This function is called by:
		_heat_element_testing
 This function uses a non-reentrant model


 *************** function _heat_element_device_deselect *****************
 Defined at:
		line 167 in file "i2c_driver.c"
 Parameters:    Size  Location     Type
  relay_number    1    wreg     unsigned char 
 Auto vars:     Size  Location     Type
  relay_number    1    8[COMRAM] unsigned char 
 Return value:  Size  Location     Type
                  1    wreg      void 
 Registers used:
		wreg, status,2, status,0
 Tracked objects:
		On entry : 
		On exit  : 
		Unchanged: 
 Data sizes:     COMRAM   BANK0   BANK1   BANK2   BANK3   BANK4   BANK5
      Params:         0       0       0       0       0       0       0
      Locals:         1       0       0       0       0       0       0
      Temps:          2       0       0       0       0       0       0
      Totals:         3       0       0       0       0       0       0
Total ram usage:        3 bytes
 Hardware stack levels used:    1
 Hardware stack levels required when called:    1
 This function calls:
		Nothing
 This function is called by:
		_heat_element_testing
 This function uses a non-reentrant model


 *************** function _adc_update *****************
 Defined at:
		line 34 in file "adc_driver.c"
 Parameters:    Size  Location     Type
  adc_channel     1    wreg     unsigned char 
 Auto vars:     Size  Location     Type
  adc_channel     1    7[COMRAM] unsigned char 
 Return value:  Size  Location     Type
                  1    wreg      void 
 Registers used:
		wreg, status,2, status,0
 Tracked objects:
		On entry : 
		On exit  : 
		Unchanged: 
 Data sizes:     COMRAM   BANK0   BANK1   BANK2   BANK3   BANK4   BANK5
      Params:         0       0       0       0       0       0       0
      Locals:         1       0       0       0       0       0       0
      Temps:          1       0       0       0       0       0       0
      Totals:         2       0       0       0       0       0       0
Total ram usage:        2 bytes
 Hardware stack levels used:    1
 Hardware stack levels required when called:    1
 This function calls:
		Nothing
 This function is called by:
		_main
		_heat_element_testing
		_i2c_adc_update
 This function uses a non-reentrant model


 *************** function ___xxtofl *****************
 Defined at:
		line 10 in file "C:\Program Files (x86)\Microchip\xc8\v2.10\pic\sources\c99\common\xxtofl.c"
 Parameters:    Size  Location     Type
  sign            1    wreg     unsigned char 
  val             4    6[COMRAM] long 
 Auto vars:     Size  Location     Type
  sign            1   14[COMRAM] unsigned char 
  arg             4   16[COMRAM] unsigned long 
  exp             1   15[COMRAM] unsigned char 
 Return value:  Size  Location     Type
                  4    6[COMRAM] unsigned char 
 Registers used:
		wreg, status,2, status,0
 Tracked objects:
		On entry : 
		On exit  : 
		Unchanged: 
 Data sizes:     COMRAM   BANK0   BANK1   BANK2   BANK3   BANK4   BANK5
      Params:         4       0       0       0       0       0       0
      Locals:         6       0       0       0       0       0       0
      Temps:          4       0       0       0       0       0       0
      Totals:        14       0       0       0       0       0       0
Total ram usage:       14 bytes
 Hardware stack levels used:    1
 Hardware stack levels required when called:    1
 This function calls:
		Nothing
 This function is called by:
		_heat_element_testing
 This function uses a non-reentrant model


 *************** function ___flge *****************
 Defined at:
		line 4 in file "C:\Program Files (x86)\Microchip\xc8\v2.10\pic\sources\c99\common\flge.c"
 Parameters:    Size  Location     Type
  ff1             4   20[COMRAM] unsigned char 
  ff2             4   24[COMRAM] unsigned char 
 Auto vars:     Size  Location     Type
		None
 Return value:  Size  Location     Type
		None               void
 Registers used:
		wreg, status,2, status,0
 Tracked objects:
		On entry : 
		On exit  : 
		Unchanged: 
 Data sizes:     COMRAM   BANK0   BANK1   BANK2   BANK3   BANK4   BANK5
      Params:         8       0       0       0       0       0       0
      Locals:         0       0       0       0       0       0       0
      Temps:          4       0       0       0       0       0       0
      Totals:        12       0       0       0       0       0       0
Total ram usage:       12 bytes
 Hardware stack levels used:    1
 Hardware stack levels required when called:    1
 This function calls:
		Nothing
 This function is called by:
		_heat_element_testing
 This function uses a non-reentrant model


 *************** function _adc_init *****************
 Defined at:
		line 17 in file "adc_driver.c"
 Parameters:    Size  Location     Type
		None
 Auto vars:     Size  Location     Type
		None
 Return value:  Size  Location     Type
                  1    wreg      void 
 Registers used:
		wreg, status,2
 Tracked objects:
		On entry : 
		On exit  : 
		Unchanged: 
 Data sizes:     COMRAM   BANK0   BANK1   BANK2   BANK3   BANK4   BANK5
      Params:         0       0       0       0       0       0       0
      Locals:         0       0       0       0       0       0       0
      Temps:          0       0       0       0       0       0       0
      Totals:         0       0       0       0       0       0       0
Total ram usage:        0 bytes
 Hardware stack levels used:    1
 Hardware stack levels required when called:    1
 This function calls:
		Nothing
 This function is called by:
		_main
 This function uses a non-reentrant model


 *************** function _interrupt_isr *****************
 Defined at:
		line 417 in file "i2c_driver.c"
 Parameters:    Size  Location     Type
		None
 Auto vars:     Size  Location     Type
		None
 Return value:  Size  Location     Type
                  1    wreg      void 
 Registers used:
		wreg, fsr2l, fsr2h, status,2, status,0, prodl, prodh
 Tracked objects:
		On entry : 
		On exit  : 
		Unchanged: 
 Data sizes:     COMRAM   BANK0   BANK1   BANK2   BANK3   BANK4   BANK5
      Params:         0       0       0       0       0       0       0
      Locals:         0       0       0       0       0       0       0
      Temps:          6       0       0       0       0       0       0
      Totals:         6       0       0       0       0       0       0
Total ram usage:        6 bytes
 Hardware stack levels used:    1
 This function calls:
		Nothing
 This function is called by:
		Interrupt level 2
 This function uses a non-reentrant model



MODULE INFORMATION

Module		Function		Class		Link	Load	Size
C:\Program Files (x86)\Microchip\xc8\v2.10\pic\sources\c99\common\atoi.c
		_atoi          		CODE           	1BB2	0000	401

C:\Program Files (x86)\Microchip\xc8\v2.10\pic\sources\c99\common\atoi.c estimated size: 401

C:\Program Files (x86)\Microchip\xc8\v2.10\pic\sources\c99\common\islower.c
		_islower       		CODE           	2ED6	0000	57

C:\Program Files (x86)\Microchip\xc8\v2.10\pic\sources\c99\common\islower.c estimated size: 57

C:\Program Files (x86)\Microchip\xc8\v2.10\pic\sources\c99\common\Umul32.c
		___lmul        		CODE           	2B84	0000	107

C:\Program Files (x86)\Microchip\xc8\v2.10\pic\sources\c99\common\Umul32.c estimated size: 107

C:\Program Files (x86)\Microchip\xc8\v2.10\pic\sources\c99\common\lodiv.c
		___lodiv       		CODE           	24DA	0000	241

C:\Program Files (x86)\Microchip\xc8\v2.10\pic\sources\c99\common\lodiv.c estimated size: 241

C:\Program Files (x86)\Microchip\xc8\v2.10\pic\sources\c99\common\aodiv.c
		___aodiv       		CODE           	1D42	0000	393

C:\Program Files (x86)\Microchip\xc8\v2.10\pic\sources\c99\common\aodiv.c estimated size: 393

C:\Program Files (x86)\Microchip\xc8\v2.10\pic\sources\c99\common\xxtofl.c
		___xxtofl      		CODE           	19FE	0000	437

C:\Program Files (x86)\Microchip\xc8\v2.10\pic\sources\c99\common\xxtofl.c estimated size: 437

C:\Program Files (x86)\Microchip\xc8\v2.10\pic\sources\c99\common\toupper.c
		_toupper       		CODE           	2C50	0000	95

C:\Program Files (x86)\Microchip\xc8\v2.10\pic\sources\c99\common\toupper.c estimated size: 95

C:\Program Files (x86)\Microchip\xc8\v2.10\pic\sources\c99\common\isalpha.c
		_isalpha       		CODE           	2E9A	0000	61

C:\Program Files (x86)\Microchip\xc8\v2.10\pic\sources\c99\common\isalpha.c estimated size: 61

lcd_driver.c
		_lcd_cmnt      		CODE           	3078	0000	29
		_lcd_data      		CODE           	305C	0000	29
		_uart_lcd_update		CODE           	2D52	0000	73
		_lcd_init      		CODE           	2B06	0000	127

lcd_driver.c estimated size: 258

C:\Program Files (x86)\Microchip\xc8\v2.10\pic\sources\c99\common\isspace.c
		_isspace       		CODE           	2D00	0000	83

C:\Program Files (x86)\Microchip\xc8\v2.10\pic\sources\c99\common\isspace.c estimated size: 83

C:\Program Files (x86)\Microchip\xc8\v2.10\pic\sources\c99\common\strlen.c
		_strlen        		CODE           	2FB4	0000	55

C:\Program Files (x86)\Microchip\xc8\v2.10\pic\sources\c99\common\strlen.c estimated size: 55

C:\Program Files (x86)\Microchip\xc8\v2.10\pic\sources\c99\common\memset.c
		_memset        		CODE           	1ECA	0000	375

C:\Program Files (x86)\Microchip\xc8\v2.10\pic\sources\c99\common\memset.c estimated size: 375

C:\Program Files (x86)\Microchip\xc8\v2.10\pic\sources\c99\common\strncmp.c
		_strncmp       		CODE           	25CA	0000	223

C:\Program Files (x86)\Microchip\xc8\v2.10\pic\sources\c99\common\strncmp.c estimated size: 223

i2c_driver.c
		_heat_element_testing		CODE           	0D84	0000	783
		_main          		CODE           	1844	0000	443
		_heat_elmnt_result_update		CODE           	26A8	0000	219
		_timer_init    		CODE           	22D2	0000	261
		_heat_element_device_select		CODE           	2E1E	0000	63
		_interrupt_isr 		CODE           	0008	0000	309
		_heat_element_device_deselect		CODE           	2E5C	0000	63

i2c_driver.c estimated size: 2141

C:\Program Files (x86)\Microchip\xc8\v2.10\pic\sources\c99\common\__lldiv.c
		___lldiv       		CODE           	29DE	0000	165

C:\Program Files (x86)\Microchip\xc8\v2.10\pic\sources\c99\common\__lldiv.c estimated size: 165

C:\Program Files (x86)\Microchip\xc8\v2.10\pic\sources\c99\common\doprnt.c
		_vfpfcnvrt     		CODE           	06D8	0000	1709
		_pad           		CODE           	291C	0000	195
		_dtoa          		CODE           	1092	0000	735
		_vfprintf      		CODE           	2BEE	0000	99
		_utoa          		CODE           	1644	0000	513
		_xtoa          		CODE           	1370	0000	725

C:\Program Files (x86)\Microchip\xc8\v2.10\pic\sources\c99\common\doprnt.c estimated size: 3976

C:\Program Files (x86)\Microchip\xc8\v2.10\pic\sources\c99\common\nf_fputs.c
		_fputs         		CODE           	2D9A	0000	69

C:\Program Files (x86)\Microchip\xc8\v2.10\pic\sources\c99\common\nf_fputs.c estimated size: 69

C:\Program Files (x86)\Microchip\xc8\v2.10\pic\sources\c99\common\flge.c
		___flge        		CODE           	23D6	0000	261

C:\Program Files (x86)\Microchip\xc8\v2.10\pic\sources\c99\common\flge.c estimated size: 261

adc_driver.c
		_adc_update    		CODE           	2FEA	0000	43
		_adc_init      		CODE           	303A	0000	35

adc_driver.c estimated size: 78

shared
		__initialization		CODE           	2A82	0000	119

shared estimated size: 119

C:\Program Files (x86)\Microchip\xc8\v2.10\pic\sources\c99\common\putch.c
		_putch         		CODE           	3094	0000	3

C:\Program Files (x86)\Microchip\xc8\v2.10\pic\sources\c99\common\putch.c estimated size: 3

C:\Program Files (x86)\Microchip\xc8\v2.10\pic\sources\c99\common\isdigit.c
		_isdigit       		CODE           	2F46	0000	57

C:\Program Files (x86)\Microchip\xc8\v2.10\pic\sources\c99\common\isdigit.c estimated size: 57

C:\Program Files (x86)\Microchip\xc8\v2.10\pic\sources\c99\common\lomod.c
		___lomod       		CODE           	2782	0000	209

C:\Program Files (x86)\Microchip\xc8\v2.10\pic\sources\c99\common\lomod.c estimated size: 209

C:\Program Files (x86)\Microchip\xc8\v2.10\pic\sources\c99\common\aomod.c
		___aomod       		CODE           	2040	0000	357

C:\Program Files (x86)\Microchip\xc8\v2.10\pic\sources\c99\common\aomod.c estimated size: 357

C:\Program Files (x86)\Microchip\xc8\v2.10\pic\sources\c99\common\abs.c
		_abs           		CODE           	2DDE	0000	65

C:\Program Files (x86)\Microchip\xc8\v2.10\pic\sources\c99\common\abs.c estimated size: 65

C:\Program Files (x86)\Microchip\xc8\v2.10\pic\sources\c99\common\nf_sprintf.c
		_sprintf       		CODE           	2CAE	0000	83

C:\Program Files (x86)\Microchip\xc8\v2.10\pic\sources\c99\common\nf_sprintf.c estimated size: 83

C:\Program Files (x86)\Microchip\xc8\v2.10\pic\sources\c99\common\Umul16.c
		___wmul        		CODE           	3014	0000	39

C:\Program Files (x86)\Microchip\xc8\v2.10\pic\sources\c99\common\Umul16.c estimated size: 39

C:\Program Files (x86)\Microchip\xc8\v2.10\pic\sources\c99\common\isupper.c
		_isupper       		CODE           	2F0E	0000	57

C:\Program Files (x86)\Microchip\xc8\v2.10\pic\sources\c99\common\isupper.c estimated size: 57

C:\Program Files (x86)\Microchip\xc8\v2.10\pic\sources\c99\common\nf_fputc.c
		_fputc         		CODE           	2852	0000	203

C:\Program Files (x86)\Microchip\xc8\v2.10\pic\sources\c99\common\nf_fputc.c estimated size: 203

