Microchip MPLAB XC8 Compiler V1.32 ()

Linker command line:

--edf=C:\Program Files (x86)\Microchip\xc8\v1.32\dat\en_msgs.txt -cs \
  -h+dist/default/debug\I2c_driver.X.debug.sym \
  --cmf=dist/default/debug\I2c_driver.X.debug.cmf -z -Q16F877A \
  -oC:\Users\Kanna\AppData\Local\Temp\s4ok.6 \
  -Mdist/default/debug/I2c_driver.X.debug.map -E1 -ver=XC8 \
  -ASTACK=0110h-016fh -pstack=STACK -ACONST=00h-0FFhx32 -ACODE=00h-07FFhx4 \
  -ASTRCODE=00h-01FFFh -AENTRY=00h-0FFhx32 -ASTRING=00h-0FFhx32 \
  -ACOMMON=070h-07Fh -ABANK0=020h-06Fh -ABANK1=0A0h-0EFh \
  -ABANK2=0110h-016Fh -ABANK3=0190h-01EFh \
  -ARAM=020h-06Fh,0A0h-0EFh,0110h-016Fh,0190h-01EFh \
  -AABS1=020h-07Fh,0A0h-0EFh,0110h-016Fh,0190h-01EFh -ASFR0=00h-01Fh \
  -ASFR1=080h-09Fh -ASFR2=0100h-010Fh -ASFR3=0180h-018Fh \
  -preset_vec=00h,intentry=04h,init,end_init -ppowerup=CODE -pcinit=CODE \
  -pfunctab=CODE -ACONFIG=02007h-02007h -pconfig=CONFIG -DCONFIG=2 \
  -AIDLOC=02000h-02003h -pidloc=IDLOC -DIDLOC=2 -AEEDATA=00h-0FFh/02100h \
  -peeprom_data=EEDATA -DEEDATA=2 -DCODE=2 -DSTRCODE=2 -DSTRING=2 -DCONST=2 \
  -DENTRY=2 -k C:\Users\Kanna\AppData\Local\Temp\s4ok.obj \
  dist/default/debug\I2c_driver.X.debug.obj 

Object code version is 3.11

Machine type is 16F877A



                Name                               Link     Load   Length Selector   Space Scale
C:\Users\Kanna\AppData\Local\Temp\s4ok.obj
                end_init                             12       12        3        8       0
                reset_vec                             0        0        3        0       0
                config                             2007     2007        1     400E       0
dist/default/debug\I2c_driver.X.debug.obj
                cinit                                15       15       26        8       0
                intentry                              4        4        E        8       0
                text23                              583      583       3C      B06       0
                text22                              475      475       4F        8       0
                text21                              788      788       13      B06       0
                text20                              68D      68D       2D      B06       0
                text19                              3C3      3C3       5D        8       0
                text18                              5BF      5BF       38      B06       0
                text17                              6BA      6BA       2C      B06       0
                text16                              72E      72E       1A      B06       0
                text15                              7D0      7D0       11      B06       0
                text14                              65F      65F       2E      B06       0
                text13                              62D      62D       32      B06       0
                text12                              7AD      7AD       12      B06       0
                text11                              70D      70D       21      B06       0
                text10                              420      420       55        8       0
                text9                               4C4      4C4       41        8       0
                text8                               748      748       16      B06       0
                text7                               33E      33E       85        8       0
                text6                               773      773       15      B06       0
                text5                               505      505       40        8       0
                text4                               5F7      5F7       36      B06       0
                text3                               263      263       DB        8       0
                text2                               79B      79B       12      B06       0
                text1                               6E6      6E6       27      B06       0
                maintext                             3B       3B      228        8       0
                cstackBANK0                          20       20       36       20       1
                cstackCOMMON                         76       76        6       70       1
                inittext                            7BF      7BF       11      B06       0
                clrtext                             7E1      7E1        8      B06       0
                dataBANK1                            C7       C7       15       A0       1
                bssBANK1                             A0       A0       27       A0       1
                bssBANK0                             56       56       13       20       1
                bssCOMMON                            70       70        6       70       1
                nvBANK0                              69       69        3       20       1
                strings                             545      545       3E      A8A       0
                idataBANK1                          75E      75E       15      B06       0

TOTAL           Name                               Link     Load   Length     Space
        CLASS   STACK          

        CLASS   CONST          

        CLASS   CODE           
                end_init                             12       12        3         0
                cinit                                15       15       26         0
                intentry                              4        4        E         0
                reset_vec                             0        0        3         0
                text23                              583      583       3C         0
                text22                              475      475       4F         0
                text21                              788      788       13         0
                text20                              68D      68D       2D         0
                text19                              3C3      3C3       5D         0
                text18                              5BF      5BF       38         0
                text17                              6BA      6BA       2C         0
                text16                              72E      72E       1A         0
                text15                              7D0      7D0       11         0
                text14                              65F      65F       2E         0
                text13                              62D      62D       32         0
                text12                              7AD      7AD       12         0
                text11                              70D      70D       21         0
                text10                              420      420       55         0
                text9                               4C4      4C4       41         0
                text8                               748      748       16         0
                text7                               33E      33E       85         0
                text6                               773      773       15         0
                text5                               505      505       40         0
                text4                               5F7      5F7       36         0
                text3                               263      263       DB         0
                text2                               79B      79B       12         0
                text1                               6E6      6E6       27         0
                maintext                             3B       3B      228         0
                inittext                            7BF      7BF       11         0
                clrtext                             7E1      7E1        8         0
                idataBANK1                          75E      75E       15         0

        CLASS   STRCODE        

        CLASS   ENTRY          

        CLASS   STRING         
                strings                             545      545       3E         0

        CLASS   COMMON         
                cstackCOMMON                         76       76        6         1
                bssCOMMON                            70       70        6         1

        CLASS   BANK0          
                cstackBANK0                          20       20       36         1
                bssBANK0                             56       56       13         1
                nvBANK0                              69       69        3         1

        CLASS   BANK1          
                dataBANK1                            C7       C7       15         1
                bssBANK1                             A0       A0       27         1

        CLASS   BANK2          

        CLASS   BANK3          

        CLASS   RAM            

        CLASS   ABS1           
                abs_s1                               7E       7E        2         1

        CLASS   SFR0           

        CLASS   SFR1           

        CLASS   SFR2           

        CLASS   SFR3           

        CLASS   CONFIG         
                config                             2007     2007        1         0

        CLASS   IDLOC          

        CLASS   EEDATA         



SEGMENTS        Name                           Load    Length   Top    Selector   Space  Class     Delta

                reset_vec                      000000  000003  000003         0       0  CODE        2
                intentry                       000004  000541  000545         8       0  CODE        2
                cstackBANK0                    000020  00004C  00006C        20       1  BANK0       1
                bssCOMMON                      000070  00000C  00007C        70       1  COMMON      1
                bssBANK1                       0000A0  00003C  0000DC        A0       1  BANK1       1
                strings                        000545  00003E  000583       A8A       0  STRING      2
                text23                         000583  000266  0007E9       B06       0  CODE        2
                config                         002007  000001  002008      400E       0  CONFIG      2


UNUSED ADDRESS RANGES

        Name                Unused          Largest block    Delta
        BANK0            006C-006F              4           1
        BANK1            00DC-00EF             14           1
        BANK2            0110-016F             60           1
        BANK3            0190-01EF             60           1
        CODE             0003-0003              1           2
                         07E9-1FFF            800
        COMMON           007C-007D              2           1
        CONST            0003-0003              1           2
                         07E9-1FFF            100
        EEDATA           2100-21FF            100           2
        ENTRY            0003-0003              1           2
                         07E9-1FFF            100
        IDLOC            2000-2003              4           2
        RAM              006C-006F              4           1
                         00DC-00EF             14
                         0110-016F             60
                         0190-01EF             60
        SFR0             0000-001F             20           1
        SFR1             0080-009F             20           1
        SFR2             0100-010F             10           1
        SFR3             0180-018F             10           1
        STACK            0110-016F             60           1
        STRCODE          0003-0003              1           2
                         07E9-1FFF           1817
        STRING           0003-0003              1           2
                         07E9-1FFF            100

                                  Symbol Table

?___awdiv                 cstackBANK0  0020
?___awmod                 cstackBANK0  0020
?___lwdiv                 cstackBANK0  0020
?___lwmod                 cstackBANK0  0028
?_sprintf                 cstackBANK0  002E
_ACKDT                    (abs)        048D
_ACKEN                    (abs)        048C
_ADCON1                   (abs)        009F
_BCLIE                    (abs)        046B
_GIE                      (abs)        005F
_INTCON                   (abs)        000B
_OPTION_REG               (abs)        0081
_PEIE                     (abs)        005E
_PEN                      (abs)        048A
_PORTA                    (abs)        0005
_PORTB                    (abs)        0006
_PORTD                    (abs)        0008
_RB4                      (abs)        0034
_RBIE                     (abs)        005B
_RBIF                     (abs)        0058
_RCEN                     (abs)        048B
_RE0                      (abs)        0048
_RE1                      (abs)        0049
_RSEN                     (abs)        0489
_SEN                      (abs)        0488
_SSPADD                   (abs)        0093
_SSPBUF                   (abs)        0013
_SSPCON                   (abs)        0014
_SSPEN                    (abs)        00A5
_SSPIE                    (abs)        0463
_SSPIF                    (abs)        0063
_SSPSTAT                  (abs)        0094
_TRISA                    (abs)        0085
_TRISB                    (abs)        0086
_TRISC3                   (abs)        043B
_TRISC4                   (abs)        043C
_TRISD                    (abs)        0088
_TRISE                    (abs)        0089
__CFG_BOREN$OFF           (abs)        0000
__CFG_CP$ON               (abs)        0000
__CFG_CPD$ON              (abs)        0000
__CFG_DEBUG$ON            (abs)        0000
__CFG_FOSC$LP             (abs)        0000
__CFG_LVP$OFF             (abs)        0000
__CFG_PWRTE$ON            (abs)        0000
__CFG_WDTE$OFF            (abs)        0000
__CFG_WRT$HALF            (abs)        0000
__Habs1                   abs1         0000
__Hbank0                  bank0        0000
__Hbank1                  bank1        0000
__Hbank2                  bank2        0000
__Hbank3                  bank3        0000
__HbssBANK0               bssBANK0     0000
__HbssBANK1               bssBANK1     0000
__HbssCOMMON              bssCOMMON    0000
__Hcinit                  cinit        003B
__Hclrtext                clrtext      0000
__Hcode                   code         0000
__Hcommon                 common       0000
__Hconfig                 config       2008
__HcstackBANK0            cstackBANK0  0000
__HcstackCOMMON           cstackCOMMON 0000
__HdataBANK1              dataBANK1    0000
__Heeprom_data            eeprom_data  0000
__Hend_init               end_init     0015
__Hfunctab                functab      0000
__HidataBANK1             idataBANK1   0000
__Hidloc                  idloc        0000
__Hinit                   init         0012
__Hinittext               inittext     0000
__Hintentry               intentry     0012
__Hmaintext               maintext     0000
__HnvBANK0                nvBANK0      0000
__Hpowerup                powerup      0000
__Hram                    ram          0000
__Hreset_vec              reset_vec    0003
__Hsfr0                   sfr0         0000
__Hsfr1                   sfr1         0000
__Hsfr2                   sfr2         0000
__Hsfr3                   sfr3         0000
__Hspace_0                (abs)        2008
__Hspace_1                (abs)        00DC
__Hspace_2                (abs)        0000
__Hspace_3                (abs)        0000
__Hstack                  stack        0000
__Hstrings                strings      0000
__Htext                   text         0000
__Labs1                   abs1         0000
__Lbank0                  bank0        0000
__Lbank1                  bank1        0000
__Lbank2                  bank2        0000
__Lbank3                  bank3        0000
__LbssBANK0               bssBANK0     0000
__LbssBANK1               bssBANK1     0000
__LbssCOMMON              bssCOMMON    0000
__Lcinit                  cinit        0015
__Lclrtext                clrtext      0000
__Lcode                   code         0000
__Lcommon                 common       0000
__Lconfig                 config       2007
__LcstackBANK0            cstackBANK0  0000
__LcstackCOMMON           cstackCOMMON 0000
__LdataBANK1              dataBANK1    0000
__Leeprom_data            eeprom_data  0000
__Lend_init               end_init     0012
__Lfunctab                functab      0000
__LidataBANK1             idataBANK1   0000
__Lidloc                  idloc        0000
__Linit                   init         0012
__Linittext               inittext     0000
__Lintentry               intentry     0004
__Lmaintext               maintext     0000
__LnvBANK0                nvBANK0      0000
__Lpowerup                powerup      0000
__Lram                    ram          0000
__Lreset_vec              reset_vec    0000
__Lsfr0                   sfr0         0000
__Lsfr1                   sfr1         0000
__Lsfr2                   sfr2         0000
__Lsfr3                   sfr3         0000
__Lspace_0                (abs)        0000
__Lspace_1                (abs)        0000
__Lspace_2                (abs)        0000
__Lspace_3                (abs)        0000
__Lstack                  stack        0000
__Lstrings                strings      0000
__Ltext                   text         0000
__S0                      (abs)        2008
__S1                      (abs)        00DC
__S2                      (abs)        0000
__S3                      (abs)        0000
___awdiv                  text19       03C3
___awdiv@counter          cstackBANK0  0025
___awdiv@dividend         cstackBANK0  0022
___awdiv@divisor          cstackBANK0  0020
___awdiv@quotient         cstackBANK0  0027
___awdiv@sign             cstackBANK0  0026
___awmod                  text22       0475
___awmod@counter          cstackBANK0  0025
___awmod@dividend         cstackBANK0  0022
___awmod@divisor          cstackBANK0  0020
___awmod@sign             cstackBANK0  0026
___bmul                   text21       0788
___bmul@multiplicand      cstackBANK0  0020
___bmul@multiplier        cstackBANK0  0023
___bmul@product           cstackBANK0  0022
___int_sp                 stack        0000
___latbits                (abs)        0002
___lwdiv                  text5        0505
___lwdiv@counter          cstackBANK0  0025
___lwdiv@dividend         cstackBANK0  0022
___lwdiv@divisor          cstackBANK0  0020
___lwdiv@quotient         cstackBANK0  0026
___lwmod                  text4        05F7
___lwmod@counter          cstackBANK0  002D
___lwmod@dividend         cstackBANK0  002A
___lwmod@divisor          cstackBANK0  0028
___sp                     stack        0000
__end_of___awdiv          text19       0420
__end_of___awmod          text22       04C4
__end_of___bmul           text21       079B
__end_of___lwdiv          text5        0545
__end_of___lwmod          text4        062D
__end_of__initialization  cinit        0037
__end_of__stringdata      strings      0583
__end_of__stringtab       strings      054B
__end_of_char2int         text8        075E
__end_of_dec_year         text17       06E6
__end_of_delay            text13       065F
__end_of_dpowers          strings      0555
__end_of_hex2char         text16       0748
__end_of_hex2integer      text20       06BA
__end_of_i2c_master_init  text15       07E1
__end_of_inc_year         text14       068D
__end_of_int2hex          text18       05F7
__end_of_interrupt_isr    text23       05BF
__end_of_lcd_cmnt         text12       07BF
__end_of_lcd_data         text2        07AD
__end_of_lcd_init         text11       072E
__end_of_main             maintext     0263
__end_of_master_rx        text10       0475
__end_of_master_tx        text9        0505
__end_of_master_tx_write  text7        03C3
__end_of_space_stuff      text6        0788
__end_of_sprintf          text3        033E
__end_of_uart_lcd_update  text1        070D
__initialization          cinit        0015
__pbssBANK0               bssBANK0     0056
__pbssBANK1               bssBANK1     00A0
__pbssCOMMON              bssCOMMON    0070
__pcstackBANK0            cstackBANK0  0020
__pcstackCOMMON           cstackCOMMON 0076
__pdataBANK1              dataBANK1    00C7
__pidataBANK1             idataBANK1   075E
__pintentry               intentry     0004
__pmaintext               maintext     003B
__pnvBANK0                nvBANK0      0069
__pstrings                strings      0545
__ptext1                  text1        06E6
__ptext10                 text10       0420
__ptext11                 text11       070D
__ptext12                 text12       07AD
__ptext13                 text13       062D
__ptext14                 text14       065F
__ptext15                 text15       07D0
__ptext16                 text16       072E
__ptext17                 text17       06BA
__ptext18                 text18       05BF
__ptext19                 text19       03C3
__ptext2                  text2        079B
__ptext20                 text20       068D
__ptext21                 text21       0788
__ptext22                 text22       0475
__ptext23                 text23       0583
__ptext3                  text3        0263
__ptext4                  text4        05F7
__ptext5                  text5        0505
__ptext6                  text6        0773
__ptext7                  text7        033E
__ptext8                  text8        0748
__ptext9                  text9        04C4
__size_of___awdiv         (abs)        0000
__size_of___awmod         (abs)        0000
__size_of___bmul          (abs)        0000
__size_of___lwdiv         (abs)        0000
__size_of___lwmod         (abs)        0000
__size_of_char2int        (abs)        0000
__size_of_dec_year        (abs)        0000
__size_of_delay           (abs)        0000
__size_of_hex2char        (abs)        0000
__size_of_hex2integer     (abs)        0000
__size_of_i2c_master_init (abs)        0000
__size_of_inc_year        (abs)        0000
__size_of_int2hex         (abs)        0000
__size_of_interrupt_isr   (abs)        0000
__size_of_lcd_cmnt        (abs)        0000
__size_of_lcd_data        (abs)        0000
__size_of_lcd_init        (abs)        0000
__size_of_main            (abs)        0000
__size_of_master_rx       (abs)        0000
__size_of_master_tx       (abs)        0000
__size_of_master_tx_write (abs)        0000
__size_of_space_stuff     (abs)        0000
__size_of_sprintf         (abs)        0000
__size_of_uart_lcd_update (abs)        0000
__stringbase              strings      054A
__stringdata              strings      0555
__stringtab               strings      0545
_char2int                 text8        0748
_date                     bssBANK0     005D
_date_dec                 bssBANK0     0056
_day                      bssCOMMON    0075
_day_dec                  bssCOMMON    0070
_dec_year                 text17       06BA
_delay                    text13       062D
_dpowers                  strings      054B
_flag                     bssBANK0     0057
_hex2char                 text16       072E
_hex2integer              text20       068D
_hour                     bssBANK0     005F
_hour_dec                 bssCOMMON    0071
_i2c_master_init          text15       07D0
_i2c_pkt                  nvBANK0      0069
_inc                      bssBANK0     0058
_inc_year                 text14       065F
_int2hex                  text18       05BF
_interrupt_isr            text23       0583
_key_nav                  bssBANK0     0059
_lcd_cmnt                 text12       07AD
_lcd_data                 text2        079B
_lcd_init                 text11       070D
_lcd_msg                  bssBANK1     00A0
_lcd_msg1                 bssBANK1     00B0
_lcd_ptr                  bssCOMMON    0072
_local_time               bssBANK1     00C0
_main                     maintext     003B
_master_rx                text10       0420
_master_tx                text9        04C4
_master_tx_write          text7        033E
_min                      bssBANK0     0061
_min_dec                  bssCOMMON    0073
_month                    bssBANK0     0063
_month_dec                bssBANK0     005A
_sec                      bssBANK0     0065
_sec_dec                  bssCOMMON    0074
_space_stuff              text6        0773
_sprintf                  text3        0263
_timer                    bssBANK0     005B
_timer_min_max            dataBANK1    00C7
_timer_ptr                dataBANK1    00D5
_uart_lcd_update          text1        06E6
_year                     bssBANK0     0067
_year_dec                 bssBANK0     005C
btemp                     (abs)        007E
char2int@in               cstackBANK0  0022
clear_ram0                clrtext      07E1
dec_year@data_ptr         cstackBANK0  0030
dec_year@index            cstackBANK0  002E
dec_year@temp             cstackBANK0  0031
delay@i                   cstackBANK0  0023
delay@j                   cstackBANK0  0025
delay@x                   cstackBANK0  0020
end_of_initialization     cinit        0037
hex2char@in               cstackBANK0  0023
hex2char@out              cstackBANK0  0020
hex2integer@in            cstackBANK0  002C
inc_year@data_ptr         cstackBANK0  0031
inc_year@index            cstackBANK0  002E
inc_year@temp             cstackBANK0  0032
init_fetch0               inittext     07BF
init_ram0                 inittext     07C3
int2hex@in                cstackBANK0  002D
int2hex@out               cstackBANK0  0029
interrupt_function        intentry     0004
intlevel0                 functab      0000
intlevel1                 functab      0000
intlevel2                 functab      0000
intlevel3                 functab      0000
intlevel4                 functab      0000
intlevel5                 functab      0000
lcd_cmnt@cmnt             cstackBANK0  0027
lcd_data@data             cstackBANK0  0027
ltemp                     (abs)        007E
ltemp0                    (abs)        007E
ltemp1                    (abs)        0082
ltemp2                    (abs)        0086
ltemp3                    (abs)        0080
main@i                    cstackBANK0  0055
main@status               cstackBANK0  0054
master_rx@i2c_pkt         cstackBANK0  0022
master_rx@rx_time         cstackBANK0  0020
master_tx@i2c_pkt         cstackBANK0  0021
master_tx_write@i         cstackBANK0  0024
master_tx_write@i2c_pkt   cstackBANK0  0026
reset_vec                 reset_vec    0000
saved_w                   (abs)        007E
space_stuff@in            cstackBANK0  0026
space_stuff@index         cstackBANK0  0024
sprintf@_val              cstackBANK0  0041
sprintf@ap                cstackBANK0  003E
sprintf@c                 cstackBANK0  0046
sprintf@f                 cstackBANK0  002E
sprintf@flag              cstackBANK0  003F
sprintf@prec              cstackBANK0  0040
sprintf@sp                cstackBANK0  0045
stackhi                   (abs)        0000
stacklo                   (abs)        0000
start                     init         0012
start_initialization      cinit        0015
ttemp                     (abs)        007E
ttemp0                    (abs)        007E
ttemp1                    (abs)        0081
ttemp2                    (abs)        0084
ttemp3                    (abs)        0087
ttemp4                    (abs)        007F
uart_lcd_update@data      cstackBANK0  002C
uart_lcd_update@i         cstackBANK0  002A
uart_lcd_update@len       cstackBANK0  0028
wtemp                     (abs)        007E
wtemp0                    (abs)        007E
wtemp1                    (abs)        0080
wtemp2                    (abs)        0082
wtemp3                    (abs)        0084
wtemp4                    (abs)        0086
wtemp5                    (abs)        0088
wtemp6                    (abs)        007F


FUNCTION INFORMATION:

 *************** function _main *****************
 Defined at:
		line 25 in file "i2c_driver.c"
 Parameters:    Size  Location     Type
		None
 Auto vars:     Size  Location     Type
  i               1   53[BANK0 ] unsigned char 
  status          1   52[BANK0 ] unsigned char 
 Return value:  Size  Location     Type
		None               void
 Registers used:
		wreg, fsr0l, fsr0h, status,2, status,0, btemp+1, pclath, cstack
 Tracked objects:
		On entry : 
		On exit  : 
		Unchanged: 
 Data sizes:     COMMON   BANK0   BANK1   BANK3   BANK2
      Params:         0       0       0       0       0
      Locals:         0       2       0       0       0
      Temps:          0      13       0       0       0
      Totals:         0      15       0       0       0
Total ram usage:       15 bytes
 Hardware stack levels required when called:    4
 This function calls:
		___bmul
		_dec_year
		_delay
		_hex2char
		_i2c_master_init
		_inc_year
		_lcd_cmnt
		_lcd_init
		_master_rx
		_master_tx
		_master_tx_write
		_space_stuff
		_sprintf
		_uart_lcd_update
 This function is called by:
		Startup code after reset
 This function uses a non-reentrant model


 *************** function _uart_lcd_update *****************
 Defined at:
		line 43 in file "lcd_driver.c"
 Parameters:    Size  Location     Type
  data            1    wreg     PTR unsigned char 
		 -> lcd_msg1(16), lcd_msg(16), 
  len             1    8[BANK0 ] unsigned char 
 Auto vars:     Size  Location     Type
  data            1   12[BANK0 ] PTR unsigned char 
		 -> lcd_msg1(16), lcd_msg(16), 
  i               2   10[BANK0 ] int 
 Return value:  Size  Location     Type
		None               void
 Registers used:
		wreg, fsr0l, fsr0h, status,2, status,0, pclath, cstack
 Tracked objects:
		On entry : 
		On exit  : 
		Unchanged: 
 Data sizes:     COMMON   BANK0   BANK1   BANK3   BANK2
      Params:         0       1       0       0       0
      Locals:         0       3       0       0       0
      Temps:          0       1       0       0       0
      Totals:         0       5       0       0       0
Total ram usage:        5 bytes
 Hardware stack levels used:    1
 Hardware stack levels required when called:    3
 This function calls:
		_lcd_data
 This function is called by:
		_main
 This function uses a non-reentrant model


 *************** function _lcd_data *****************
 Defined at:
		line 35 in file "lcd_driver.c"
 Parameters:    Size  Location     Type
  data            1    wreg     unsigned char 
 Auto vars:     Size  Location     Type
  data            1    7[BANK0 ] unsigned char 
 Return value:  Size  Location     Type
		None               void
 Registers used:
		wreg, status,2, status,0, pclath, cstack
 Tracked objects:
		On entry : 
		On exit  : 
		Unchanged: 
 Data sizes:     COMMON   BANK0   BANK1   BANK3   BANK2
      Params:         0       0       0       0       0
      Locals:         0       1       0       0       0
      Temps:          0       0       0       0       0
      Totals:         0       1       0       0       0
Total ram usage:        1 bytes
 Hardware stack levels used:    1
 Hardware stack levels required when called:    2
 This function calls:
		_delay
 This function is called by:
		_uart_lcd_update
 This function uses a non-reentrant model


 *************** function _sprintf *****************
 Defined at:
		line 492 in file "C:\Program Files (x86)\Microchip\xc8\v1.32\sources\common\doprnt.c"
 Parameters:    Size  Location     Type
  sp              1    wreg     PTR unsigned char 
		 -> lcd_msg1(16), lcd_msg(16), 
  f               1   14[BANK0 ] PTR const unsigned char 
		 -> STR_3(23), STR_2(23), STR_1(23), 
 Auto vars:     Size  Location     Type
  sp              1   37[BANK0 ] PTR unsigned char 
		 -> lcd_msg1(16), lcd_msg(16), 
  _val            4   33[BANK0 ] struct .
  c               1   38[BANK0 ] char 
  prec            1   32[BANK0 ] char 
  flag            1   31[BANK0 ] unsigned char 
  ap              1   30[BANK0 ] PTR void [1]
		 -> ?_sprintf(2), 
 Return value:  Size  Location     Type
                  2   14[BANK0 ] int 
 Registers used:
		wreg, fsr0l, fsr0h, status,2, status,0, btemp+1, pclath, cstack
 Tracked objects:
		On entry : 
		On exit  : 
		Unchanged: 
 Data sizes:     COMMON   BANK0   BANK1   BANK3   BANK2
      Params:         0      13       0       0       0
      Locals:         0       9       0       0       0
      Temps:          0       3       0       0       0
      Totals:         0      25       0       0       0
Total ram usage:       25 bytes
 Hardware stack levels used:    1
 Hardware stack levels required when called:    2
 This function calls:
		___lwdiv
		___lwmod
 This function is called by:
		_main
 This function uses a non-reentrant model


 *************** function ___lwmod *****************
 Defined at:
		line 6 in file "C:\Program Files (x86)\Microchip\xc8\v1.32\sources\common\lwmod.c"
 Parameters:    Size  Location     Type
  divisor         2    8[BANK0 ] unsigned int 
  dividend        2   10[BANK0 ] unsigned int 
 Auto vars:     Size  Location     Type
  counter         1   13[BANK0 ] unsigned char 
 Return value:  Size  Location     Type
                  2    8[BANK0 ] unsigned int 
 Registers used:
		wreg, status,2, status,0
 Tracked objects:
		On entry : 
		On exit  : 
		Unchanged: 
 Data sizes:     COMMON   BANK0   BANK1   BANK3   BANK2
      Params:         0       4       0       0       0
      Locals:         0       1       0       0       0
      Temps:          0       1       0       0       0
      Totals:         0       6       0       0       0
Total ram usage:        6 bytes
 Hardware stack levels used:    1
 Hardware stack levels required when called:    1
 This function calls:
		Nothing
 This function is called by:
		_sprintf
 This function uses a non-reentrant model


 *************** function ___lwdiv *****************
 Defined at:
		line 6 in file "C:\Program Files (x86)\Microchip\xc8\v1.32\sources\common\lwdiv.c"
 Parameters:    Size  Location     Type
  divisor         2    0[BANK0 ] unsigned int 
  dividend        2    2[BANK0 ] unsigned int 
 Auto vars:     Size  Location     Type
  quotient        2    6[BANK0 ] unsigned int 
  counter         1    5[BANK0 ] unsigned char 
 Return value:  Size  Location     Type
                  2    0[BANK0 ] unsigned int 
 Registers used:
		wreg, status,2, status,0
 Tracked objects:
		On entry : 
		On exit  : 
		Unchanged: 
 Data sizes:     COMMON   BANK0   BANK1   BANK3   BANK2
      Params:         0       4       0       0       0
      Locals:         0       3       0       0       0
      Temps:          0       1       0       0       0
      Totals:         0       8       0       0       0
Total ram usage:        8 bytes
 Hardware stack levels used:    1
 Hardware stack levels required when called:    1
 This function calls:
		Nothing
 This function is called by:
		_sprintf
 This function uses a non-reentrant model


 *************** function _space_stuff *****************
 Defined at:
		line 269 in file "i2c_driver.c"
 Parameters:    Size  Location     Type
  in              1    wreg     PTR unsigned char 
		 -> lcd_msg1(16), 
  index           1    4[BANK0 ] unsigned char 
 Auto vars:     Size  Location     Type
  in              1    6[BANK0 ] PTR unsigned char 
		 -> lcd_msg1(16), 
 Return value:  Size  Location     Type
		None               void
 Registers used:
		wreg, fsr0l, fsr0h, status,2, status,0
 Tracked objects:
		On entry : 
		On exit  : 
		Unchanged: 
 Data sizes:     COMMON   BANK0   BANK1   BANK3   BANK2
      Params:         0       1       0       0       0
      Locals:         0       1       0       0       0
      Temps:          0       1       0       0       0
      Totals:         0       3       0       0       0
Total ram usage:        3 bytes
 Hardware stack levels used:    1
 Hardware stack levels required when called:    1
 This function calls:
		Nothing
 This function is called by:
		_main
 This function uses a non-reentrant model


 *************** function _master_tx_write *****************
 Defined at:
		line 274 in file "i2c_driver.c"
 Parameters:    Size  Location     Type
  i2c_pkt         1    wreg     PTR struct packet
		 -> i2c_pkt(3), 
 Auto vars:     Size  Location     Type
  i2c_pkt         1    6[BANK0 ] PTR struct packet
		 -> i2c_pkt(3), 
  i               2    4[BANK0 ] int 
 Return value:  Size  Location     Type
                  1    wreg      unsigned char 
 Registers used:
		wreg, fsr0l, fsr0h, status,2, status,0, btemp+1, pclath, cstack
 Tracked objects:
		On entry : 
		On exit  : 
		Unchanged: 
 Data sizes:     COMMON   BANK0   BANK1   BANK3   BANK2
      Params:         0       0       0       0       0
      Locals:         0       3       0       0       0
      Temps:          0       1       0       0       0
      Totals:         0       4       0       0       0
Total ram usage:        4 bytes
 Hardware stack levels used:    1
 Hardware stack levels required when called:    2
 This function calls:
		_char2int
 This function is called by:
		_main
 This function uses a non-reentrant model


 *************** function _char2int *****************
 Defined at:
		line 374 in file "i2c_driver.c"
 Parameters:    Size  Location     Type
  in              1    wreg     PTR unsigned char 
		 -> year(2), month(2), date(2), day(1), 
		 -> hour(2), min(2), sec(2), 
 Auto vars:     Size  Location     Type
  in              1    2[BANK0 ] PTR unsigned char 
		 -> year(2), month(2), date(2), day(1), 
		 -> hour(2), min(2), sec(2), 
 Return value:  Size  Location     Type
                  1    wreg      unsigned char 
 Registers used:
		wreg, fsr0l, fsr0h, status,2, status,0
 Tracked objects:
		On entry : 
		On exit  : 
		Unchanged: 
 Data sizes:     COMMON   BANK0   BANK1   BANK3   BANK2
      Params:         0       0       0       0       0
      Locals:         0       1       0       0       0
      Temps:          0       2       0       0       0
      Totals:         0       3       0       0       0
Total ram usage:        3 bytes
 Hardware stack levels used:    1
 Hardware stack levels required when called:    1
 This function calls:
		Nothing
 This function is called by:
		_master_tx_write
 This function uses a non-reentrant model


 *************** function _master_tx *****************
 Defined at:
		line 165 in file "i2c_driver.c"
 Parameters:    Size  Location     Type
  i2c_pkt         1    wreg     PTR struct packet
		 -> i2c_pkt(3), 
 Auto vars:     Size  Location     Type
  i2c_pkt         1    1[BANK0 ] PTR struct packet
		 -> i2c_pkt(3), 
 Return value:  Size  Location     Type
                  1    wreg      unsigned char 
 Registers used:
		wreg, fsr0l, fsr0h, status,2, status,0
 Tracked objects:
		On entry : 
		On exit  : 
		Unchanged: 
 Data sizes:     COMMON   BANK0   BANK1   BANK3   BANK2
      Params:         0       0       0       0       0
      Locals:         0       1       0       0       0
      Temps:          0       1       0       0       0
      Totals:         0       2       0       0       0
Total ram usage:        2 bytes
 Hardware stack levels used:    1
 Hardware stack levels required when called:    1
 This function calls:
		Nothing
 This function is called by:
		_main
 This function uses a non-reentrant model


 *************** function _master_rx *****************
 Defined at:
		line 198 in file "i2c_driver.c"
 Parameters:    Size  Location     Type
  i2c_pkt         1    wreg     PTR struct packet
		 -> i2c_pkt(3), 
  rx_time         1    0[BANK0 ] PTR unsigned char 
		 -> NULL(0), local_time(7), 
 Auto vars:     Size  Location     Type
  i2c_pkt         1    2[BANK0 ] PTR struct packet
		 -> i2c_pkt(3), 
 Return value:  Size  Location     Type
                  1    wreg      unsigned char 
 Registers used:
		wreg, fsr0l, fsr0h, status,2, status,0
 Tracked objects:
		On entry : 
		On exit  : 
		Unchanged: 
 Data sizes:     COMMON   BANK0   BANK1   BANK3   BANK2
      Params:         0       1       0       0       0
      Locals:         0       1       0       0       0
      Temps:          0       1       0       0       0
      Totals:         0       3       0       0       0
Total ram usage:        3 bytes
 Hardware stack levels used:    1
 Hardware stack levels required when called:    1
 This function calls:
		Nothing
 This function is called by:
		_main
 This function uses a non-reentrant model


 *************** function _lcd_init *****************
 Defined at:
		line 17 in file "lcd_driver.c"
 Parameters:    Size  Location     Type
		None
 Auto vars:     Size  Location     Type
		None
 Return value:  Size  Location     Type
		None               void
 Registers used:
		wreg, status,2, status,0, pclath, cstack
 Tracked objects:
		On entry : 
		On exit  : 
		Unchanged: 
 Data sizes:     COMMON   BANK0   BANK1   BANK3   BANK2
      Params:         0       0       0       0       0
      Locals:         0       0       0       0       0
      Temps:          0       0       0       0       0
      Totals:         0       0       0       0       0
Total ram usage:        0 bytes
 Hardware stack levels used:    1
 Hardware stack levels required when called:    3
 This function calls:
		_lcd_cmnt
 This function is called by:
		_main
 This function uses a non-reentrant model


 *************** function _lcd_cmnt *****************
 Defined at:
		line 28 in file "lcd_driver.c"
 Parameters:    Size  Location     Type
  cmnt            1    wreg     unsigned char 
 Auto vars:     Size  Location     Type
  cmnt            1    7[BANK0 ] unsigned char 
 Return value:  Size  Location     Type
		None               void
 Registers used:
		wreg, status,2, status,0, pclath, cstack
 Tracked objects:
		On entry : 
		On exit  : 
		Unchanged: 
 Data sizes:     COMMON   BANK0   BANK1   BANK3   BANK2
      Params:         0       0       0       0       0
      Locals:         0       1       0       0       0
      Temps:          0       0       0       0       0
      Totals:         0       1       0       0       0
Total ram usage:        1 bytes
 Hardware stack levels used:    1
 Hardware stack levels required when called:    2
 This function calls:
		_delay
 This function is called by:
		_main
		_lcd_init
 This function uses a non-reentrant model


 *************** function _delay *****************
 Defined at:
		line 53 in file "lcd_driver.c"
 Parameters:    Size  Location     Type
  x               2    0[BANK0 ] int 
 Auto vars:     Size  Location     Type
  j               2    5[BANK0 ] int 
  i               2    3[BANK0 ] int 
 Return value:  Size  Location     Type
		None               void
 Registers used:
		wreg, status,2
 Tracked objects:
		On entry : 
		On exit  : 
		Unchanged: 
 Data sizes:     COMMON   BANK0   BANK1   BANK3   BANK2
      Params:         0       2       0       0       0
      Locals:         0       4       0       0       0
      Temps:          0       1       0       0       0
      Totals:         0       7       0       0       0
Total ram usage:        7 bytes
 Hardware stack levels used:    1
 Hardware stack levels required when called:    1
 This function calls:
		Nothing
 This function is called by:
		_main
		_lcd_cmnt
		_lcd_data
 This function uses a non-reentrant model


 *************** function _inc_year *****************
 Defined at:
		line 381 in file "i2c_driver.c"
 Parameters:    Size  Location     Type
  data_ptr        1    wreg     PTR unsigned char 
		 -> year(2), month(2), date(2), day(1), 
		 -> hour(2), min(2), sec(2), 
  index           1   14[BANK0 ] unsigned char 
 Auto vars:     Size  Location     Type
  data_ptr        1   17[BANK0 ] PTR unsigned char 
		 -> year(2), month(2), date(2), day(1), 
		 -> hour(2), min(2), sec(2), 
  temp            1   18[BANK0 ] unsigned char 
 Return value:  Size  Location     Type
		None               void
 Registers used:
		wreg, fsr0l, fsr0h, status,2, status,0, pclath, cstack
 Tracked objects:
		On entry : 
		On exit  : 
		Unchanged: 
 Data sizes:     COMMON   BANK0   BANK1   BANK3   BANK2
      Params:         0       1       0       0       0
      Locals:         0       2       0       0       0
      Temps:          0       2       0       0       0
      Totals:         0       5       0       0       0
Total ram usage:        5 bytes
 Hardware stack levels used:    1
 Hardware stack levels required when called:    3
 This function calls:
		_hex2integer
		_int2hex
 This function is called by:
		_main
 This function uses a non-reentrant model


 *************** function _i2c_master_init *****************
 Defined at:
		line 131 in file "i2c_driver.c"
 Parameters:    Size  Location     Type
		None
 Auto vars:     Size  Location     Type
		None
 Return value:  Size  Location     Type
		None               void
 Registers used:
		wreg
 Tracked objects:
		On entry : 
		On exit  : 
		Unchanged: 
 Data sizes:     COMMON   BANK0   BANK1   BANK3   BANK2
      Params:         0       0       0       0       0
      Locals:         0       0       0       0       0
      Temps:          0       0       0       0       0
      Totals:         0       0       0       0       0
Total ram usage:        0 bytes
 Hardware stack levels used:    1
 Hardware stack levels required when called:    1
 This function calls:
		Nothing
 This function is called by:
		_main
 This function uses a non-reentrant model


 *************** function _hex2char *****************
 Defined at:
		line 357 in file "i2c_driver.c"
 Parameters:    Size  Location     Type
  in              1    wreg     unsigned char 
  out             1    0[BANK0 ] PTR unsigned char 
		 -> year(2), month(2), date(2), hour(2), 
		 -> min(2), sec(2), 
 Auto vars:     Size  Location     Type
  in              1    3[BANK0 ] unsigned char 
 Return value:  Size  Location     Type
		None               void
 Registers used:
		wreg, fsr0l, fsr0h, status,2, status,0
 Tracked objects:
		On entry : 
		On exit  : 
		Unchanged: 
 Data sizes:     COMMON   BANK0   BANK1   BANK3   BANK2
      Params:         0       1       0       0       0
      Locals:         0       1       0       0       0
      Temps:          0       2       0       0       0
      Totals:         0       4       0       0       0
Total ram usage:        4 bytes
 Hardware stack levels used:    1
 Hardware stack levels required when called:    1
 This function calls:
		Nothing
 This function is called by:
		_main
 This function uses a non-reentrant model


 *************** function _dec_year *****************
 Defined at:
		line 398 in file "i2c_driver.c"
 Parameters:    Size  Location     Type
  data_ptr        1    wreg     PTR unsigned char 
		 -> year(2), month(2), date(2), day(1), 
		 -> hour(2), min(2), sec(2), 
  index           1   14[BANK0 ] unsigned char 
 Auto vars:     Size  Location     Type
  data_ptr        1   16[BANK0 ] PTR unsigned char 
		 -> year(2), month(2), date(2), day(1), 
		 -> hour(2), min(2), sec(2), 
  temp            1   17[BANK0 ] unsigned char 
 Return value:  Size  Location     Type
		None               void
 Registers used:
		wreg, fsr0l, fsr0h, status,2, status,0, pclath, cstack
 Tracked objects:
		On entry : 
		On exit  : 
		Unchanged: 
 Data sizes:     COMMON   BANK0   BANK1   BANK3   BANK2
      Params:         0       1       0       0       0
      Locals:         0       2       0       0       0
      Temps:          0       1       0       0       0
      Totals:         0       4       0       0       0
Total ram usage:        4 bytes
 Hardware stack levels used:    1
 Hardware stack levels required when called:    3
 This function calls:
		_hex2integer
		_int2hex
 This function is called by:
		_main
 This function uses a non-reentrant model


 *************** function _int2hex *****************
 Defined at:
		line 369 in file "i2c_driver.c"
 Parameters:    Size  Location     Type
  in              1    wreg     unsigned char 
  out             1    9[BANK0 ] PTR unsigned char 
		 -> year(2), month(2), date(2), day(1), 
		 -> hour(2), min(2), sec(2), 
 Auto vars:     Size  Location     Type
  in              1   13[BANK0 ] unsigned char 
 Return value:  Size  Location     Type
		None               void
 Registers used:
		wreg, fsr0l, fsr0h, status,2, status,0, pclath, cstack
 Tracked objects:
		On entry : 
		On exit  : 
		Unchanged: 
 Data sizes:     COMMON   BANK0   BANK1   BANK3   BANK2
      Params:         0       1       0       0       0
      Locals:         0       1       0       0       0
      Temps:          0       3       0       0       0
      Totals:         0       5       0       0       0
Total ram usage:        5 bytes
 Hardware stack levels used:    1
 Hardware stack levels required when called:    2
 This function calls:
		___awdiv
		___awmod
 This function is called by:
		_inc_year
		_dec_year
 This function uses a non-reentrant model


 *************** function ___awdiv *****************
 Defined at:
		line 6 in file "C:\Program Files (x86)\Microchip\xc8\v1.32\sources\common\awdiv.c"
 Parameters:    Size  Location     Type
  divisor         2    0[BANK0 ] int 
  dividend        2    2[BANK0 ] int 
 Auto vars:     Size  Location     Type
  quotient        2    7[BANK0 ] int 
  sign            1    6[BANK0 ] unsigned char 
  counter         1    5[BANK0 ] unsigned char 
 Return value:  Size  Location     Type
                  2    0[BANK0 ] int 
 Registers used:
		wreg, status,2, status,0
 Tracked objects:
		On entry : 
		On exit  : 
		Unchanged: 
 Data sizes:     COMMON   BANK0   BANK1   BANK3   BANK2
      Params:         0       4       0       0       0
      Locals:         0       4       0       0       0
      Temps:          0       1       0       0       0
      Totals:         0       9       0       0       0
Total ram usage:        9 bytes
 Hardware stack levels used:    1
 Hardware stack levels required when called:    1
 This function calls:
		Nothing
 This function is called by:
		_int2hex
 This function uses a non-reentrant model


 *************** function _hex2integer *****************
 Defined at:
		line 363 in file "i2c_driver.c"
 Parameters:    Size  Location     Type
  in              1    wreg     PTR unsigned char 
		 -> year(2), month(2), date(2), day(1), 
		 -> hour(2), min(2), sec(2), 
 Auto vars:     Size  Location     Type
  in              1   12[BANK0 ] PTR unsigned char 
		 -> year(2), month(2), date(2), day(1), 
		 -> hour(2), min(2), sec(2), 
 Return value:  Size  Location     Type
                  1    wreg      unsigned char 
 Registers used:
		wreg, fsr0l, fsr0h, status,2, status,0, pclath, cstack
 Tracked objects:
		On entry : 
		On exit  : 
		Unchanged: 
 Data sizes:     COMMON   BANK0   BANK1   BANK3   BANK2
      Params:         0       0       0       0       0
      Locals:         0       1       0       0       0
      Temps:          0       5       0       0       0
      Totals:         0       6       0       0       0
Total ram usage:        6 bytes
 Hardware stack levels used:    1
 Hardware stack levels required when called:    2
 This function calls:
		___awmod
		___bmul
 This function is called by:
		_inc_year
		_dec_year
 This function uses a non-reentrant model


 *************** function ___bmul *****************
 Defined at:
		line 4 in file "C:\Program Files (x86)\Microchip\xc8\v1.32\sources\common\Umul8.c"
 Parameters:    Size  Location     Type
  multiplier      1    wreg     unsigned char 
  multiplicand    1    0[BANK0 ] unsigned char 
 Auto vars:     Size  Location     Type
  multiplier      1    3[BANK0 ] unsigned char 
  product         1    2[BANK0 ] unsigned char 
 Return value:  Size  Location     Type
                  1    wreg      unsigned char 
 Registers used:
		wreg, status,2, status,0
 Tracked objects:
		On entry : 
		On exit  : 
		Unchanged: 
 Data sizes:     COMMON   BANK0   BANK1   BANK3   BANK2
      Params:         0       1       0       0       0
      Locals:         0       2       0       0       0
      Temps:          0       1       0       0       0
      Totals:         0       4       0       0       0
Total ram usage:        4 bytes
 Hardware stack levels used:    1
 Hardware stack levels required when called:    1
 This function calls:
		Nothing
 This function is called by:
		_main
		_hex2integer
 This function uses a non-reentrant model


 *************** function ___awmod *****************
 Defined at:
		line 6 in file "C:\Program Files (x86)\Microchip\xc8\v1.32\sources\common\awmod.c"
 Parameters:    Size  Location     Type
  divisor         2    0[BANK0 ] int 
  dividend        2    2[BANK0 ] int 
 Auto vars:     Size  Location     Type
  sign            1    6[BANK0 ] unsigned char 
  counter         1    5[BANK0 ] unsigned char 
 Return value:  Size  Location     Type
                  2    0[BANK0 ] int 
 Registers used:
		wreg, status,2, status,0
 Tracked objects:
		On entry : 
		On exit  : 
		Unchanged: 
 Data sizes:     COMMON   BANK0   BANK1   BANK3   BANK2
      Params:         0       4       0       0       0
      Locals:         0       2       0       0       0
      Temps:          0       1       0       0       0
      Totals:         0       7       0       0       0
Total ram usage:        7 bytes
 Hardware stack levels used:    1
 Hardware stack levels required when called:    1
 This function calls:
		Nothing
 This function is called by:
		_hex2integer
		_int2hex
 This function uses a non-reentrant model


 *************** function _interrupt_isr *****************
 Defined at:
		line 316 in file "i2c_driver.c"
 Parameters:    Size  Location     Type
		None
 Auto vars:     Size  Location     Type
		None
 Return value:  Size  Location     Type
		None               void
 Registers used:
		wreg, status,2, status,0
 Tracked objects:
		On entry : 
		On exit  : 
		Unchanged: 
 Data sizes:     COMMON   BANK0   BANK1   BANK3   BANK2
      Params:         0       0       0       0       0
      Locals:         0       0       0       0       0
      Temps:          6       0       0       0       0
      Totals:         6       0       0       0       0
Total ram usage:        6 bytes
 Hardware stack levels used:    1
 This function calls:
		Nothing
 This function is called by:
		Interrupt level 1
 This function uses a non-reentrant model



MODULE INFORMATION

Module		Function		Class		Link	Load	Size
C:\Program Files (x86)\Microchip\xc8\v1.32\sources\common\lwmod.c
		___lwmod       		CODE           	05F7	0000	54

C:\Program Files (x86)\Microchip\xc8\v1.32\sources\common\lwmod.c estimated size: 54

C:\Program Files (x86)\Microchip\xc8\v1.32\sources\common\awmod.c
		___awmod       		CODE           	0475	0000	79

C:\Program Files (x86)\Microchip\xc8\v1.32\sources\common\awmod.c estimated size: 79

C:\Program Files (x86)\Microchip\xc8\v1.32\sources\common\doprnt.c
		_sprintf       		CODE           	0263	0000	219

C:\Program Files (x86)\Microchip\xc8\v1.32\sources\common\doprnt.c estimated size: 219

lcd_driver.c
		_lcd_cmnt      		CODE           	07AD	0000	18
		_delay         		CODE           	062D	0000	50
		_lcd_data      		CODE           	079B	0000	18
		_uart_lcd_updat		CODE           	06E6	0000	39
		_lcd_init      		CODE           	070D	0000	33

lcd_driver.c estimated size: 158

i2c_driver.c
		_dec_year      		CODE           	06BA	0000	44
		_int2hex       		CODE           	05BF	0000	56
		_master_rx     		CODE           	0420	0000	85
		_master_tx     		CODE           	04C4	0000	65
		_inc_year      		CODE           	065F	0000	46
		_main          		CODE           	003B	0000	552
		_hex2char      		CODE           	072E	0000	26
		_i2c_master_ini		CODE           	07D0	0000	17
		_hex2integer   		CODE           	068D	0000	45
		_space_stuff   		CODE           	0773	0000	21
		_interrupt_isr 		CODE           	0583	0000	60
		_char2int      		CODE           	0748	0000	22
		_master_tx_writ		CODE           	033E	0000	133

i2c_driver.c estimated size: 1172

C:\Program Files (x86)\Microchip\xc8\v1.32\sources\common\lwdiv.c
		___lwdiv       		CODE           	0505	0000	64

C:\Program Files (x86)\Microchip\xc8\v1.32\sources\common\lwdiv.c estimated size: 64

C:\Program Files (x86)\Microchip\xc8\v1.32\sources\common\awdiv.c
		___awdiv       		CODE           	03C3	0000	93

C:\Program Files (x86)\Microchip\xc8\v1.32\sources\common\awdiv.c estimated size: 93

C:\Program Files (x86)\Microchip\xc8\v1.32\sources\common\Umul8.c
		___bmul        		CODE           	0788	0000	19

C:\Program Files (x86)\Microchip\xc8\v1.32\sources\common\Umul8.c estimated size: 19

shared
		__stringtab    		STRING         	0545	0000	6
		__stringdata   		STRING         	0555	0000	46
		_dpowers       		STRING         	054B	0000	10
		__initializatio		CODE           	0015	0000	34

shared estimated size: 96

